Component: Arm Compiler for Embedded 6.21 Tool: armlink [5ec1fa00]

==============================================================================

Section Cross References

    startup_stm32f401xc.o(STACK) refers (Special) to heapauxi.o(.text) for __use_two_region_memory
    startup_stm32f401xc.o(HEAP) refers (Special) to heapauxi.o(.text) for __use_two_region_memory
    startup_stm32f401xc.o(RESET) refers (Special) to heapauxi.o(.text) for __use_two_region_memory
    startup_stm32f401xc.o(RESET) refers to startup_stm32f401xc.o(STACK) for __initial_sp
    startup_stm32f401xc.o(RESET) refers to startup_stm32f401xc.o(.text) for Reset_Handler
    startup_stm32f401xc.o(RESET) refers to stm32f4xx_it.o(.text.NMI_Handler) for NMI_Handler
    startup_stm32f401xc.o(RESET) refers to stm32f4xx_it.o(.text.HardFault_Handler) for HardFault_Handler
    startup_stm32f401xc.o(RESET) refers to stm32f4xx_it.o(.text.MemManage_Handler) for MemManage_Handler
    startup_stm32f401xc.o(RESET) refers to stm32f4xx_it.o(.text.BusFault_Handler) for BusFault_Handler
    startup_stm32f401xc.o(RESET) refers to stm32f4xx_it.o(.text.UsageFault_Handler) for UsageFault_Handler
    startup_stm32f401xc.o(RESET) refers to stm32f4xx_it.o(.text.SVC_Handler) for SVC_Handler
    startup_stm32f401xc.o(RESET) refers to stm32f4xx_it.o(.text.DebugMon_Handler) for DebugMon_Handler
    startup_stm32f401xc.o(RESET) refers to stm32f4xx_it.o(.text.PendSV_Handler) for PendSV_Handler
    startup_stm32f401xc.o(RESET) refers to stm32f4xx_it.o(.text.SysTick_Handler) for SysTick_Handler
    startup_stm32f401xc.o(RESET) refers to stm32f4xx_it.o(.text.DMA1_Stream0_IRQHandler) for DMA1_Stream0_IRQHandler
    startup_stm32f401xc.o(RESET) refers to stm32f4xx_it.o(.text.DMA1_Stream5_IRQHandler) for DMA1_Stream5_IRQHandler
    startup_stm32f401xc.o(RESET) refers to stm32f4xx_it.o(.text.DMA1_Stream6_IRQHandler) for DMA1_Stream6_IRQHandler
    startup_stm32f401xc.o(RESET) refers to stm32f4xx_it.o(.text.TIM1_TRG_COM_TIM11_IRQHandler) for TIM1_TRG_COM_TIM11_IRQHandler
    startup_stm32f401xc.o(RESET) refers to stm32f4xx_it.o(.text.I2C1_EV_IRQHandler) for I2C1_EV_IRQHandler
    startup_stm32f401xc.o(RESET) refers to stm32f4xx_it.o(.text.SPI1_IRQHandler) for SPI1_IRQHandler
    startup_stm32f401xc.o(RESET) refers to stm32f4xx_it.o(.text.USART1_IRQHandler) for USART1_IRQHandler
    startup_stm32f401xc.o(RESET) refers to stm32f4xx_it.o(.text.USART2_IRQHandler) for USART2_IRQHandler
    startup_stm32f401xc.o(RESET) refers to stm32f4xx_it.o(.text.DMA1_Stream7_IRQHandler) for DMA1_Stream7_IRQHandler
    startup_stm32f401xc.o(RESET) refers to stm32f4xx_it.o(.text.SPI3_IRQHandler) for SPI3_IRQHandler
    startup_stm32f401xc.o(RESET) refers to stm32f4xx_it.o(.text.DMA2_Stream3_IRQHandler) for DMA2_Stream3_IRQHandler
    startup_stm32f401xc.o(RESET) refers to stm32f4xx_it.o(.text.DMA2_Stream7_IRQHandler) for DMA2_Stream7_IRQHandler
    startup_stm32f401xc.o(.text) refers (Special) to heapauxi.o(.text) for __use_two_region_memory
    startup_stm32f401xc.o(.text) refers to system_stm32f4xx.o(.text.SystemInit) for SystemInit
    startup_stm32f401xc.o(.text) refers to __main.o(!!!main) for __main
    startup_stm32f401xc.o(.text) refers to startup_stm32f401xc.o(HEAP) for Heap_Mem
    startup_stm32f401xc.o(.text) refers to startup_stm32f401xc.o(STACK) for Stack_Mem
    main.o(.text.W25Q32_Show_On_LCD_DMA) refers to st7789.o(.text.ST7789_SetAddressWindow) for ST7789_SetAddressWindow
    main.o(.text.W25Q32_Show_On_LCD_DMA) refers to stm32f4xx_hal_gpio.o(.text.HAL_GPIO_WritePin) for HAL_GPIO_WritePin
    main.o(.text.W25Q32_Show_On_LCD_DMA) refers to w25qxx.o(.text.W25Qxx_CS_Low) for W25Qxx_CS_Low
    main.o(.text.W25Q32_Show_On_LCD_DMA) refers to w25qxx.o(.text.W25Qxx_SPI_RW_Byte) for W25Qxx_SPI_RW_Byte
    main.o(.text.W25Q32_Show_On_LCD_DMA) refers to w25qxx.o(.data.W25Qxx_Address_Len) for W25Qxx_Address_Len
    main.o(.text.W25Q32_Show_On_LCD_DMA) refers to st7789.o(.bss.dma_recv_complete) for dma_recv_complete
    main.o(.text.W25Q32_Show_On_LCD_DMA) refers to spi.o(.bss.hspi3) for hspi3
    main.o(.text.W25Q32_Show_On_LCD_DMA) refers to main.o(.bss.temp) for temp
    main.o(.text.W25Q32_Show_On_LCD_DMA) refers to stm32f4xx_hal_spi.o(.text.HAL_SPI_Receive_DMA) for HAL_SPI_Receive_DMA
    main.o(.text.W25Q32_Show_On_LCD_DMA) refers to st7789.o(.bss.dma_transfer_complete) for dma_transfer_complete
    main.o(.text.W25Q32_Show_On_LCD_DMA) refers to spi.o(.bss.hspi1) for hspi1
    main.o(.text.W25Q32_Show_On_LCD_DMA) refers to stm32f4xx_hal_spi.o(.text.HAL_SPI_Transmit_DMA) for HAL_SPI_Transmit_DMA
    main.o(.text.W25Q32_Show_On_LCD_DMA) refers to w25qxx.o(.text.W25Qxx_CS_Hight) for W25Qxx_CS_Hight
    main.o(.ARM.exidx.text.W25Q32_Show_On_LCD_DMA) refers to main.o(.text.W25Q32_Show_On_LCD_DMA) for [Anonymous Symbol]
    main.o(.text.W25Q32_Show_On_LCD) refers to st7789.o(.text.ST7789_SetAddressWindow) for ST7789_SetAddressWindow
[...]
    _printf_lc                               0x080002b5   Thumb Code     0  _printf_lc.o(.ARM.Collect$$_printf_percent$$00000015)
    _printf_ls                               0x080002bb   Thumb Code     0  _printf_ls.o(.ARM.Collect$$_printf_percent$$00000016)
    _printf_percent_end                      0x080002c1   Thumb Code     0  _printf_percent_end.o(.ARM.Collect$$_printf_percent$$00000017)
    __rt_lib_init                            0x080002c5   Thumb Code     0  libinit.o(.ARM.Collect$$libinit$$00000000)
    __rt_lib_init_fp_1                       0x080002c7   Thumb Code     0  libinit2.o(.ARM.Collect$$libinit$$00000001)
    __rt_lib_init_heap_1                     0x080002cb   Thumb Code     0  libinit2.o(.ARM.Collect$$libinit$$0000000C)
    __rt_lib_init_lc_common                  0x080002cb   Thumb Code     0  libinit2.o(.ARM.Collect$$libinit$$00000011)
    __rt_lib_init_preinit_1                  0x080002cb   Thumb Code     0  libinit2.o(.ARM.Collect$$libinit$$00000006)
    __rt_lib_init_rand_1                     0x080002cb   Thumb Code     0  libinit2.o(.ARM.Collect$$libinit$$00000010)
    __rt_lib_init_relocate_pie_1             0x080002cb   Thumb Code     0  libinit2.o(.ARM.Collect$$libinit$$00000004)
    __rt_lib_init_user_alloc_1               0x080002cb   Thumb Code     0  libinit2.o(.ARM.Collect$$libinit$$0000000E)
    __rt_lib_init_lc_collate_1               0x080002d1   Thumb Code     0  libinit2.o(.ARM.Collect$$libinit$$00000013)
    __rt_lib_init_lc_ctype_2                 0x080002d1   Thumb Code     0  libinit2.o(.ARM.Collect$$libinit$$00000014)
    __rt_lib_init_lc_ctype_1                 0x080002dd   Thumb Code     0  libinit2.o(.ARM.Collect$$libinit$$00000015)
    __rt_lib_init_lc_monetary_1              0x080002dd   Thumb Code     0  libinit2.o(.ARM.Collect$$libinit$$00000017)
    __rt_lib_init_lc_numeric_2               0x080002dd   Thumb Code     0  libinit2.o(.ARM.Collect$$libinit$$00000018)
    __rt_lib_init_alloca_1                   0x080002e7   Thumb Code     0  libinit2.o(.ARM.Collect$$libinit$$00000030)
    __rt_lib_init_argv_1                     0x080002e7   Thumb Code     0  libinit2.o(.ARM.Collect$$libinit$$0000002E)
    __rt_lib_init_atexit_1                   0x080002e7   Thumb Code     0  libinit2.o(.ARM.Collect$$libinit$$0000001D)
    __rt_lib_init_clock_1                    0x080002e7   Thumb Code     0  libinit2.o(.ARM.Collect$$libinit$$00000023)
    __rt_lib_init_cpp_1                      0x080002e7   Thumb Code     0  libinit2.o(.ARM.Collect$$libinit$$00000034)
    __rt_lib_init_exceptions_1               0x080002e7   Thumb Code     0  libinit2.o(.ARM.Collect$$libinit$$00000032)
    __rt_lib_init_fp_trap_1                  0x080002e7   Thumb Code     0  libinit2.o(.ARM.Collect$$libinit$$00000021)
    __rt_lib_init_getenv_1                   0x080002e7   Thumb Code     0  libinit2.o(.ARM.Collect$$libinit$$00000025)
    __rt_lib_init_lc_numeric_1               0x080002e7   Thumb Code     0  libinit2.o(.ARM.Collect$$libinit$$00000019)
    __rt_lib_init_lc_time_1                  0x080002e7   Thumb Code     0  libinit2.o(.ARM.Collect$$libinit$$0000001B)
    __rt_lib_init_return                     0x080002e7   Thumb Code     0  libinit2.o(.ARM.Collect$$libinit$$00000035)
    __rt_lib_init_signal_1                   0x080002e7   Thumb Code     0  libinit2.o(.ARM.Collect$$libinit$$0000001F)
    __rt_lib_init_stdio_1                    0x080002e7   Thumb Code     0  libinit2.o(.ARM.Collect$$libinit$$00000027)
    __rt_lib_shutdown                        0x080002e9   Thumb Code     0  libshutdown.o(.ARM.Collect$$libshutdown$$00000000)
    __rt_lib_shutdown_cpp_1                  0x080002eb   Thumb Code     0  libshutdown2.o(.ARM.Collect$$libshutdown$$00000002)
    __rt_lib_shutdown_fp_trap_1              0x080002eb   Thumb Code     0  libshutdown2.o(.ARM.Collect$$libshutdown$$00000007)
    __rt_lib_shutdown_heap_1                 0x080002eb   Thumb Code     0  libshutdown2.o(.ARM.Collect$$libshutdown$$0000000F)
    __rt_lib_shutdown_return                 0x080002eb   Thumb Code     0  libshutdown2.o(.ARM.Collect$$libshutdown$$00000010)
    __rt_lib_shutdown_signal_1               0x080002eb   Thumb Code     0  libshutdown2.o(.ARM.Collect$$libshutdown$$0000000A)
    __rt_lib_shutdown_stdio_1                0x080002eb   Thumb Code     0  libshutdown2.o(.ARM.Collect$$libshutdown$$00000004)
    __rt_lib_shutdown_user_alloc_1           0x080002eb   Thumb Code     0  libshutdown2.o(.ARM.Collect$$libshutdown$$0000000C)
    __rt_entry                               0x080002ed   Thumb Code     0  __rtentry.o(.ARM.Collect$$rtentry$$00000000)
    __rt_entry_presh_1                       0x080002ed   Thumb Code     0  __rtentry2.o(.ARM.Collect$$rtentry$$00000002)
    __rt_entry_sh                            0x080002ed   Thumb Code     0  __rtentry4.o(.ARM.Collect$$rtentry$$00000004)
    __rt_entry_li                            0x080002f3   Thumb Code     0  __rtentry2.o(.ARM.Collect$$rtentry$$0000000A)
    __rt_entry_postsh_1                      0x080002f3   Thumb Code     0  __rtentry2.o(.ARM.Collect$$rtentry$$00000009)
    __rt_entry_main                          0x080002f7   Thumb Code     0  __rtentry2.o(.ARM.Collect$$rtentry$$0000000D)
    __rt_entry_postli_1                      0x080002f7   Thumb Code     0  __rtentry2.o(.ARM.Collect$$rtentry$$0000000C)
    __rt_exit                                0x080002ff   Thumb Code     0  rtexit.o(.ARM.Collect$$rtexit$$00000000)
    __rt_exit_ls                             0x08000301   Thumb Code     0  rtexit2.o(.ARM.Collect$$rtexit$$00000003)
    __rt_exit_prels_1                        0x08000301   Thumb Code     0  rtexit2.o(.ARM.Collect$$rtexit$$00000002)
    __rt_exit_exit                           0x08000305   Thumb Code     0  rtexit2.o(.ARM.Collect$$rtexit$$00000004)
    Reset_Handler                            0x0800030d   Thumb Code     8  startup_stm32f401xc.o(.text)
    ADC_IRQHandler                           0x08000327   Thumb Code     0  startup_stm32f401xc.o(.text)
    DMA1_Stream1_IRQHandler                  0x08000327   Thumb Code     0  startup_stm32f401xc.o(.text)
    DMA1_Stream2_IRQHandler                  0x08000327   Thumb Code     0  startup_stm32f401xc.o(.text)
    DMA1_Stream3_IRQHandler                  0x08000327   Thumb Code     0  startup_stm32f401xc.o(.text)
    DMA1_Stream4_IRQHandler                  0x08000327   Thumb Code     0  startup_stm32f401xc.o(.text)
    DMA2_Stream0_IRQHandler                  0x08000327   Thumb Code     0  startup_stm32f401xc.o(.text)
    DMA2_Stream1_IRQHandler                  0x08000327   Thumb Code     0  startup_stm32f401xc.o(.text)
    DMA2_Stream2_IRQHandler                  0x08000327   Thumb Code     0  startup_stm32f401xc.o(.text)
    DMA2_Stream4_IRQHandler                  0x08000327   Thumb Code     0  startup_stm32f401xc.o(.text)
    DMA2_Stream5_IRQHandler                  0x08000327   Thumb Code     0  startup_stm32f401xc.o(.text)
    DMA2_Stream6_IRQHandler                  0x08000327   Thumb Code     0  startup_stm32f401xc.o(.text)
    EXTI0_IRQHandler                         0x08000327   Thumb Code     0  startup_stm32f401xc.o(.text)
    EXTI15_10_IRQHandler                     0x08000327   Thumb Code     0  startup_stm32f401xc.o(.text)
    EXTI1_IRQHandler                         0x08000327   Thumb Code     0  startup_stm32f401xc.o(.text)
    EXTI2_IRQHandler                         0x08000327   Thumb Code     0  startup_stm32f401xc.o(.text)
    EXTI3_IRQHandler                         0x08000327   Thumb Code     0  startup_stm32f401xc.o(.text)
    EXTI4_IRQHandler                         0x08000327   Thumb Code     0  startup_stm32f401xc.o(.text)
    EXTI9_5_IRQHandler                       0x08000327   Thumb Code     0  startup_stm32f401xc.o(.text)
    FLASH_IRQHandler                         0x08000327   Thumb Code     0  startup_stm32f401xc.o(.text)
    FPU_IRQHandler                           0x08000327   Thumb Code     0  startup_stm32f401xc.o(.text)
    I2C1_ER_IRQHandler                       0x08000327   Thumb Code     0  startup_stm32f401xc.o(.text)
    I2C2_ER_IRQHandler                       0x08000327   Thumb Code     0  startup_stm32f401xc.o(.text)
    I2C2_EV_IRQHandler                       0x08000327   Thumb Code     0  startup_stm32f401xc.o(.text)
    I2C3_ER_IRQHandler                       0x08000327   Thumb Code     0  startup_stm32f401xc.o(.text)
    I2C3_EV_IRQHandler                       0x08000327   Thumb Code     0  startup_stm32f401xc.o(.text)
    OTG_FS_IRQHandler                        0x08000327   Thumb Code     0  startup_stm32f401xc.o(.text)
    OTG_FS_WKUP_IRQHandler                   0x08000327   Thumb Code     0  startup_stm32f401xc.o(.text)
    PVD_IRQHandler                           0x08000327   Thumb Code     0  startup_stm32f401xc.o(.text)
    RCC_IRQHandler                           0x08000327   Thumb Code     0  startup_stm32f401xc.o(.text)
    RTC_Alarm_IRQHandler                     0x08000327   Thumb Code     0  startup_stm32f401xc.o(.text)
    RTC_WKUP_IRQHandler                      0x08000327   Thumb Code     0  startup_stm32f401xc.o(.text)
    SDIO_IRQHandler                          0x08000327   Thumb Code     0  startup_stm32f401xc.o(.text)
    SPI2_IRQHandler                          0x08000327   Thumb Code     0  startup_stm32f401xc.o(.text)
    SPI4_IRQHandler                          0x08000327   Thumb Code     0  startup_stm32f401xc.o(.text)
    TAMP_STAMP_IRQHandler                    0x08000327   Thumb Code     0  startup_stm32f401xc.o(.text)
    TIM1_BRK_TIM9_IRQHandler                 0x08000327   Thumb Code     0  startup_stm32f401xc.o(.text)
    TIM1_CC_IRQHandler                       0x08000327   Thumb Code     0  startup_stm32f401xc.o(.text)
    TIM1_UP_TIM10_IRQHandler                 0x08000327   Thumb Code     0  startup_stm32f401xc.o(.text)
    TIM2_IRQHandler                          0x08000327   Thumb Code     0  startup_stm32f401xc.o(.text)
    TIM3_IRQHandler                          0x08000327   Thumb Code     0  startup_stm32f401xc.o(.text)
    TIM4_IRQHandler                          0x08000327   Thumb Code     0  startup_stm32f401xc.o(.text)
    TIM5_IRQHandler                          0x08000327   Thumb Code     0  startup_stm32f401xc.o(.text)
    USART6_IRQHandler                        0x08000327   Thumb Code     0  startup_stm32f401xc.o(.text)
    WWDG_IRQHandler                          0x08000327   Thumb Code     0  startup_stm32f401xc.o(.text)
    __user_initial_stackheap                 0x08000329   Thumb Code     0  startup_stm32f401xc.o(.text)
    __aeabi_uldivmod                         0x0800034d   Thumb Code     0  lludivv7m.o(.text)
    _ll_udiv                                 0x0800034d   Thumb Code   240  lludivv7m.o(.text)
    vsnprintf                                0x0800043d   Thumb Code    56  vsnprintf.o(.text)
    __aeabi_memclr                           0x08000479   Thumb Code     0  rt_memclr.o(.text)
    __rt_memclr                              0x08000479   Thumb Code     0  rt_memclr.o(.text)
    _memset                                  0x0800047d   Thumb Code    64  rt_memclr.o(.text)
    __aeabi_memclr4                          0x080004bd   Thumb Code     0  rt_memclr_w.o(.text)
    __aeabi_memclr8                          0x080004bd   Thumb Code     0  rt_memclr_w.o(.text)
    __rt_memclr_w                            0x080004bd   Thumb Code     0  rt_memclr_w.o(.text)
    _memset_w                                0x080004c1   Thumb Code    74  rt_memclr_w.o(.text)
    __use_two_region_memory                  0x0800050b   Thumb Code     2  heapauxi.o(.text)
    __rt_heap_escrow                         0x0800050d   Thumb Code     2  heapauxi.o(.text)
    __rt_heap_expand                         0x0800050f   Thumb Code     2  heapauxi.o(.text)
    _printf_pre_padding                      0x08000511   Thumb Code    44  _printf_pad.o(.text)
    _printf_post_padding                     0x0800053d   Thumb Code    34  _printf_pad.o(.text)
    _printf_truncate_signed                  0x0800055f   Thumb Code    18  _printf_truncate.o(.text)
    _printf_truncate_unsigned                0x08000571   Thumb Code    18  _printf_truncate.o(.text)
    _printf_str                              0x08000583   Thumb Code    82  _printf_str.o(.text)
    _printf_int_dec                          0x080005d5   Thumb Code   104  _printf_dec.o(.text)
    _printf_charcount                        0x0800064d   Thumb Code    40  _printf_charcount.o(.text)
    _printf_char_common                      0x0800067f   Thumb Code    32  _printf_char_common.o(.text)
    _snputc                                  0x080006a5   Thumb Code    16  _snputc.o(.text)
    _printf_wctomb                           0x080006b5   Thumb Code   182  _printf_wctomb.o(.text)
    _printf_longlong_dec                     0x08000771   Thumb Code   108  _printf_longlong_dec.o(.text)
    _printf_longlong_oct                     0x080007ed   Thumb Code    68  _printf_oct_int_ll.o(.text)
    _printf_int_oct                          0x08000831   Thumb Code    24  _printf_oct_int_ll.o(.text)
    _printf_ll_oct                           0x08000849   Thumb Code    12  _printf_oct_int_ll.o(.text)
    _printf_longlong_hex                     0x0800085d   Thumb Code    86  _printf_hex_int_ll_ptr.o(.text)
    _printf_int_hex                          0x080008b3   Thumb Code    28  _printf_hex_int_ll_ptr.o(.text)
    _printf_ll_hex                           0x080008cf   Thumb Code    12  _printf_hex_int_ll_ptr.o(.text)
    _printf_hex_ptr                          0x080008db   Thumb Code    18  _printf_hex_int_ll_ptr.o(.text)
    __printf                                 0x080008f1   Thumb Code   388  __printf_flags_ss_wp.o(.text)
    _ll_udiv10                               0x08000a79   Thumb Code   138  lludiv10.o(.text)
    _printf_int_common                       0x08000b03   Thumb Code   178  _printf_intcommon.o(.text)
    _printf_fp_dec_real                      0x08000d65   Thumb Code   620  _printf_fp_dec.o(.text)
    _printf_fp_hex_real                      0x08000fd1   Thumb Code   756  _printf_fp_hex.o(.text)
    _printf_cs_common                        0x080012cd   Thumb Code    20  _printf_char.o(.text)
    _printf_char                             0x080012e1   Thumb Code    16  _printf_char.o(.text)
    _printf_string                           0x080012f1   Thumb Code     8  _printf_char.o(.text)
    _printf_lcs_common                       0x080012f9   Thumb Code    20  _printf_wchar.o(.text)
    _printf_wchar                            0x0800130d   Thumb Code    16  _printf_wchar.o(.text)
    _printf_wstring                          0x0800131d   Thumb Code     8  _printf_wchar.o(.text)
    _c16rtomb                                0x08001325   Thumb Code    72  _c16rtomb.o(.text)
    _wcrtomb                                 0x08001325   Thumb Code     0  _c16rtomb.o(.text)
    __user_setup_stackheap                   0x0800136d   Thumb Code    74  sys_stackheap_outer.o(.text)
    __rt_ctype_table                         0x080013b9   Thumb Code    16  rt_ctype_table.o(.text)
    __rt_locale                              0x080013c9   Thumb Code     8  rt_locale_intlibspace.o(.text)
    _printf_fp_infnan                        0x080013d1   Thumb Code   112  _printf_fp_infnan.o(.text)
    _btod_etento                             0x08001451   Thumb Code   224  bigflt0.o(.text)
    exit                                     0x08001535   Thumb Code    18  exit.o(.text)
    __user_libspace                          0x08001549   Thumb Code     8  libspace.o(.text)
    __user_perproc_libspace                  0x08001549   Thumb Code     0  libspace.o(.text)
    __user_perthread_libspace                0x08001549   Thumb Code     0  libspace.o(.text)
    strcmp                                   0x08001551   Thumb Code   124  strcmpv7em.o(.text)
    _sys_exit                                0x080015cd   Thumb Code     8  sys_exit.o(.text)
    __I$use$semihosting                      0x080015d9   Thumb Code     0  use_no_semi.o(.text)
    __use_no_semihosting_swi                 0x080015d9   Thumb Code     2  use_no_semi.o(.text)
    __semihosting_library_function           0x080015db   Thumb Code     0  indicate_semi.o(.text)
    Btn_double_click_handler                 0x080015dd   Thumb Code    44  multi_button.o(.text.Btn_double_click_handler)
    Btn_long_click_handler                   0x08001609   Thumb Code    44  multi_button.o(.text.Btn_long_click_handler)
    Btn_single_click_handler                 0x08001635   Thumb Code   118  multi_button.o(.text.Btn_single_click_handler)
    BusFault_Handler                         0x080016ad   Thumb Code     4  stm32f4xx_it.o(.text.BusFault_Handler)
    DMA1_Stream0_IRQHandler                  0x080016b1   Thumb Code    16  stm32f4xx_it.o(.text.DMA1_Stream0_IRQHandler)
    DMA1_Stream5_IRQHandler                  0x080016c1   Thumb Code    16  stm32f4xx_it.o(.text.DMA1_Stream5_IRQHandler)
    DMA1_Stream6_IRQHandler                  0x080016d1   Thumb Code    16  stm32f4xx_it.o(.text.DMA1_Stream6_IRQHandler)
    DMA1_Stream7_IRQHandler                  0x080016e1   Thumb Code    16  stm32f4xx_it.o(.text.DMA1_Stream7_IRQHandler)
    DMA2_Stream3_IRQHandler                  0x080016f1   Thumb Code    16  stm32f4xx_it.o(.text.DMA2_Stream3_IRQHandler)
    DMA2_Stream7_IRQHandler                  0x08001701   Thumb Code    16  stm32f4xx_it.o(.text.DMA2_Stream7_IRQHandler)
    DebugMon_Handler                         0x080018a9   Thumb Code     2  stm32f4xx_it.o(.text.DebugMon_Handler)
    Error_Handler                            0x080018ad   Thumb Code     6  main.o(.text.Error_Handler)
    HAL_DMA_Abort                            0x080018b5   Thumb Code   236  stm32f4xx_hal_dma.o(.text.HAL_DMA_Abort)
    HAL_DMA_Abort_IT                         0x080019a1   Thumb Code    68  stm32f4xx_hal_dma.o(.text.HAL_DMA_Abort_IT)
    HAL_DMA_GetState                         0x080019e5   Thumb Code    14  stm32f4xx_hal_dma.o(.text.HAL_DMA_GetState)
    HAL_DMA_IRQHandler                       0x080019f5   Thumb Code   798  stm32f4xx_hal_dma.o(.text.HAL_DMA_IRQHandler)
    HAL_DMA_Init                             0x08001d15   Thumb Code   366  stm32f4xx_hal_dma.o(.text.HAL_DMA_Init)
    HAL_DMA_Start_IT                         0x08001e85   Thumb Code   194  stm32f4xx_hal_dma.o(.text.HAL_DMA_Start_IT)
    HAL_Delay                                0x08001f49   Thumb Code    66  stm32f4xx_hal.o(.text.HAL_Delay)
    HAL_GPIO_Init                            0x08001f8d   Thumb Code   866  stm32f4xx_hal_gpio.o(.text.HAL_GPIO_Init)
    HAL_GPIO_ReadPin                         0x080022f1   Thumb Code    46  stm32f4xx_hal_gpio.o(.text.HAL_GPIO_ReadPin)
    HAL_GPIO_TogglePin                       0x08002321   Thumb Code    38  stm32f4xx_hal_gpio.o(.text.HAL_GPIO_TogglePin)
    HAL_GPIO_WritePin                        0x08002349   Thumb Code    46  stm32f4xx_hal_gpio.o(.text.HAL_GPIO_WritePin)
    HAL_GetTick                              0x08002379   Thumb Code    12  stm32f4xx_hal.o(.text.HAL_GetTick)
    HAL_I2C_AbortCpltCallback                0x08002385   Thumb Code     8  stm32f4xx_hal_i2c.o(.text.HAL_I2C_AbortCpltCallback)
    HAL_I2C_AddrCallback                     0x0800238d   Thumb Code    16  stm32f4xx_hal_i2c.o(.text.HAL_I2C_AddrCallback)
    HAL_I2C_EV_IRQHandler                    0x0800239d   Thumb Code   970  stm32f4xx_hal_i2c.o(.text.HAL_I2C_EV_IRQHandler)
    HAL_I2C_ErrorCallback                    0x08002769   Thumb Code     8  stm32f4xx_hal_i2c.o(.text.HAL_I2C_ErrorCallback)
    HAL_I2C_Init                             0x08002771   Thumb Code   676  stm32f4xx_hal_i2c.o(.text.HAL_I2C_Init)
    HAL_I2C_ListenCpltCallback               0x08002a15   Thumb Code     8  stm32f4xx_hal_i2c.o(.text.HAL_I2C_ListenCpltCallback)
    HAL_I2C_MasterRxCpltCallback             0x08002a1d   Thumb Code     8  stm32f4xx_hal_i2c.o(.text.HAL_I2C_MasterRxCpltCallback)
    HAL_I2C_MasterTxCpltCallback             0x08002a25   Thumb Code     8  stm32f4xx_hal_i2c.o(.text.HAL_I2C_MasterTxCpltCallback)
    HAL_I2C_MemRxCpltCallback                0x08002a2d   Thumb Code     8  stm32f4xx_hal_i2c.o(.text.HAL_I2C_MemRxCpltCallback)
    HAL_I2C_MemTxCpltCallback                0x08002a35   Thumb Code     8  stm32f4xx_hal_i2c.o(.text.HAL_I2C_MemTxCpltCallback)
    HAL_I2C_MspInit                          0x08002a3d   Thumb Code   246  i2c.o(.text.HAL_I2C_MspInit)
    HAL_I2C_SlaveRxCpltCallback              0x08002b35   Thumb Code     8  stm32f4xx_hal_i2c.o(.text.HAL_I2C_SlaveRxCpltCallback)
    HAL_I2C_SlaveTxCpltCallback              0x08002b3d   Thumb Code     8  stm32f4xx_hal_i2c.o(.text.HAL_I2C_SlaveTxCpltCallback)
    HAL_IncTick                              0x08002b45   Thumb Code    26  stm32f4xx_hal.o(.text.HAL_IncTick)
    HAL_Init                                 0x08002b61   Thumb Code    54  stm32f4xx_hal.o(.text.HAL_Init)
    HAL_InitTick                             0x08002b99   Thumb Code   112  stm32f4xx_hal.o(.text.HAL_InitTick)
    HAL_MspInit                              0x08002c09   Thumb Code    74  stm32f4xx_hal_msp.o(.text.HAL_MspInit)
    HAL_NVIC_EnableIRQ                       0x08002c55   Thumb Code    20  stm32f4xx_hal_cortex.o(.text.HAL_NVIC_EnableIRQ)
    HAL_NVIC_SetPriority                     0x08002c69   Thumb Code    50  stm32f4xx_hal_cortex.o(.text.HAL_NVIC_SetPriority)
    HAL_NVIC_SetPriorityGrouping             0x08002c9d   Thumb Code    16  stm32f4xx_hal_cortex.o(.text.HAL_NVIC_SetPriorityGrouping)
    HAL_RCC_ClockConfig                      0x08002cad   Thumb Code   610  stm32f4xx_hal_rcc.o(.text.HAL_RCC_ClockConfig)
    HAL_RCC_GetHCLKFreq                      0x08002f11   Thumb Code    12  stm32f4xx_hal_rcc.o(.text.HAL_RCC_GetHCLKFreq)
    HAL_RCC_GetPCLK1Freq                     0x08002f1d   Thumb Code    34  stm32f4xx_hal_rcc.o(.text.HAL_RCC_GetPCLK1Freq)
    HAL_RCC_GetPCLK2Freq                     0x08002f41   Thumb Code    34  stm32f4xx_hal_rcc.o(.text.HAL_RCC_GetPCLK2Freq)
    HAL_RCC_GetSysClockFreq                  0x08002f65   Thumb Code   230  stm32f4xx_hal_rcc.o(.text.HAL_RCC_GetSysClockFreq)
    HAL_RCC_OscConfig                        0x0800304d   Thumb Code  1726  stm32f4xx_hal_rcc.o(.text.HAL_RCC_OscConfig)
    HAL_SPI_ErrorCallback                    0x0800370d   Thumb Code     8  stm32f4xx_hal_spi.o(.text.HAL_SPI_ErrorCallback)
    HAL_SPI_IRQHandler                       0x08003715   Thumb Code   560  stm32f4xx_hal_spi.o(.text.HAL_SPI_IRQHandler)
    HAL_SPI_Init                             0x08003945   Thumb Code   256  stm32f4xx_hal_spi.o(.text.HAL_SPI_Init)
    HAL_SPI_MspInit                          0x08003a45   Thumb Code   762  spi.o(.text.HAL_SPI_MspInit)
    HAL_SPI_Receive_DMA                      0x08003d41   Thumb Code   408  stm32f4xx_hal_spi.o(.text.HAL_SPI_Receive_DMA)
    HAL_SPI_RxCpltCallback                   0x08003ed9   Thumb Code    38  st7789.o(.text.HAL_SPI_RxCpltCallback)
    HAL_SPI_RxHalfCpltCallback               0x08003f01   Thumb Code     8  stm32f4xx_hal_spi.o(.text.HAL_SPI_RxHalfCpltCallback)
    HAL_SPI_TransmitReceive                  0x08003f09   Thumb Code   930  stm32f4xx_hal_spi.o(.text.HAL_SPI_TransmitReceive)
    HAL_SPI_TransmitReceive_DMA              0x080042ad   Thumb Code   532  stm32f4xx_hal_spi.o(.text.HAL_SPI_TransmitReceive_DMA)
    HAL_SPI_Transmit_DMA                     0x080044c1   Thumb Code   364  stm32f4xx_hal_spi.o(.text.HAL_SPI_Transmit_DMA)
    HAL_SPI_TxCpltCallback                   0x0800462d   Thumb Code    38  st7789.o(.text.HAL_SPI_TxCpltCallback)
    HAL_SPI_TxHalfCpltCallback               0x08004655   Thumb Code     8  stm32f4xx_hal_spi.o(.text.HAL_SPI_TxHalfCpltCallback)
    HAL_SPI_TxRxCpltCallback                 0x0800465d   Thumb Code     8  stm32f4xx_hal_spi.o(.text.HAL_SPI_TxRxCpltCallback)
    HAL_SPI_TxRxHalfCpltCallback             0x08004665   Thumb Code     8  stm32f4xx_hal_spi.o(.text.HAL_SPI_TxRxHalfCpltCallback)
    HAL_SYSTICK_Config                       0x0800466d   Thumb Code    16  stm32f4xx_hal_cortex.o(.text.HAL_SYSTICK_Config)
    HAL_TIMEx_BreakCallback                  0x0800467d   Thumb Code     8  stm32f4xx_hal_tim_ex.o(.text.HAL_TIMEx_BreakCallback)
    HAL_TIMEx_CommutCallback                 0x08004685   Thumb Code     8  stm32f4xx_hal_tim_ex.o(.text.HAL_TIMEx_CommutCallback)
    HAL_TIM_Base_Init                        0x0800468d   Thumb Code   156  stm32f4xx_hal_tim.o(.text.HAL_TIM_Base_Init)
    HAL_TIM_Base_MspInit                     0x08004729   Thumb Code    82  tim.o(.text.HAL_TIM_Base_MspInit)
    HAL_TIM_Base_Start_IT                    0x0800477d   Thumb Code   210  stm32f4xx_hal_tim.o(.text.HAL_TIM_Base_Start_IT)
    HAL_TIM_IC_CaptureCallback               0x08004851   Thumb Code     8  stm32f4xx_hal_tim.o(.text.HAL_TIM_IC_CaptureCallback)
    HAL_TIM_IRQHandler                       0x08004859   Thumb Code   538  stm32f4xx_hal_tim.o(.text.HAL_TIM_IRQHandler)
    HAL_TIM_OC_DelayElapsedCallback          0x08004a75   Thumb Code     8  stm32f4xx_hal_tim.o(.text.HAL_TIM_OC_DelayElapsedCallback)
    HAL_TIM_PWM_PulseFinishedCallback        0x08004a7d   Thumb Code     8  stm32f4xx_hal_tim.o(.text.HAL_TIM_PWM_PulseFinishedCallback)
    HAL_TIM_PeriodElapsedCallback            0x08004a85   Thumb Code     8  stm32f4xx_hal_tim.o(.text.HAL_TIM_PeriodElapsedCallback)
    HAL_TIM_TriggerCallback                  0x08004a8d   Thumb Code     8  stm32f4xx_hal_tim.o(.text.HAL_TIM_TriggerCallback)
    HAL_UARTEx_ReceiveToIdle_DMA             0x08004a95   Thumb Code   184  stm32f4xx_hal_uart.o(.text.HAL_UARTEx_ReceiveToIdle_DMA)
    HAL_UARTEx_RxEventCallback               0x08004b4d   Thumb Code    88  usart_idel_config.o(.text.HAL_UARTEx_RxEventCallback)
    HAL_UART_ErrorCallback                   0x08004ba5   Thumb Code    84  usart_idel_config.o(.text.HAL_UART_ErrorCallback)
    HAL_UART_IRQHandler                      0x08004bf9   Thumb Code  1116  stm32f4xx_hal_uart.o(.text.HAL_UART_IRQHandler)
    HAL_UART_Init                            0x08005055   Thumb Code   158  stm32f4xx_hal_uart.o(.text.HAL_UART_Init)
    HAL_UART_MspInit                         0x080050f5   Thumb Code   472  usart.o(.text.HAL_UART_MspInit)
    HAL_UART_RxCpltCallback                  0x080052cd   Thumb Code     8  stm32f4xx_hal_uart.o(.text.HAL_UART_RxCpltCallback)
    HAL_UART_RxHalfCpltCallback              0x080052d5   Thumb Code     8  stm32f4xx_hal_uart.o(.text.HAL_UART_RxHalfCpltCallback)
    HAL_UART_Transmit_DMA                    0x080052dd   Thumb Code   252  stm32f4xx_hal_uart.o(.text.HAL_UART_Transmit_DMA)
    HAL_UART_TxCpltCallback                  0x080053d9   Thumb Code     8  stm32f4xx_hal_uart.o(.text.HAL_UART_TxCpltCallback)
    HAL_UART_TxHalfCpltCallback              0x080053e1   Thumb Code     8  stm32f4xx_hal_uart.o(.text.HAL_UART_TxHalfCpltCallback)
    HardFault_Handler                        0x080053e9   Thumb Code     4  stm32f4xx_it.o(.text.HardFault_Handler)
    I2C1_EV_IRQHandler                       0x080053ed   Thumb Code    16  stm32f4xx_it.o(.text.I2C1_EV_IRQHandler)
    KEY_Init                                 0x080067ad   Thumb Code   216  multi_button.o(.text.KEY_Init)
    LCD_Writ_Bus                             0x08006885   Thumb Code    42  st7789.o(.text.LCD_Writ_Bus)
    MX_DMA_Init                              0x080068b1   Thumb Code   186  dma.o(.text.MX_DMA_Init)
    MX_GPIO_Init                             0x0800696d   Thumb Code   346  gpio.o(.text.MX_GPIO_Init)
    MX_I2C1_Init                             0x08006ac9   Thumb Code    72  i2c.o(.text.MX_I2C1_Init)
    MX_SPI1_Init                             0x08006b11   Thumb Code    78  spi.o(.text.MX_SPI1_Init)
    MX_SPI2_Init                             0x08006b61   Thumb Code    78  spi.o(.text.MX_SPI2_Init)
    MX_SPI3_Init                             0x08006bb1   Thumb Code    78  spi.o(.text.MX_SPI3_Init)
    MX_TIM11_Init                            0x08006c01   Thumb Code    56  tim.o(.text.MX_TIM11_Init)
    MX_USART1_UART_Init                      0x08006c39   Thumb Code    64  usart.o(.text.MX_USART1_UART_Init)
    MX_USART2_UART_Init                      0x08006c79   Thumb Code    64  usart.o(.text.MX_USART2_UART_Init)
    MemManage_Handler                        0x08006cb9   Thumb Code     4  stm32f4xx_it.o(.text.MemManage_Handler)
    NMI_Handler                              0x08006cbd   Thumb Code     4  stm32f4xx_it.o(.text.NMI_Handler)
    PendSV_Handler                           0x08006d2d   Thumb Code     2  stm32f4xx_it.o(.text.PendSV_Handler)
    SPI1_IRQHandler                          0x08006d31   Thumb Code    16  stm32f4xx_it.o(.text.SPI1_IRQHandler)
    SPI3_IRQHandler                          0x08006d41   Thumb Code    16  stm32f4xx_it.o(.text.SPI3_IRQHandler)
    ST7789_Clear                             0x0800729d   Thumb Code   278  st7789.o(.text.ST7789_Clear)
    ST7789_FillRect                          0x080073b5   Thumb Code   334  st7789.o(.text.ST7789_FillRect)
    ST7789_Init                              0x08007505   Thumb Code   318  st7789.o(.text.ST7789_Init)
    ST7789_SetAddressWindow                  0x08007645   Thumb Code   156  st7789.o(.text.ST7789_SetAddressWindow)
    ST7789_Write_Data                        0x08007721   Thumb Code    62  st7789.o(.text.ST7789_Write_Data)
    ST7789_Write_Datas                       0x08007761   Thumb Code   166  st7789.o(.text.ST7789_Write_Datas)
    SVC_Handler                              0x08007809   Thumb Code     2  stm32f4xx_it.o(.text.SVC_Handler)
    SysTick_Handler                          0x08007861   Thumb Code     8  stm32f4xx_it.o(.text.SysTick_Handler)
    SystemClock_Config                       0x08007869   Thumb Code   182  main.o(.text.SystemClock_Config)
    SystemInit                               0x08007921   Thumb Code    18  system_stm32f4xx.o(.text.SystemInit)
    TIM1_TRG_COM_TIM11_IRQHandler            0x08007935   Thumb Code    56  stm32f4xx_it.o(.text.TIM1_TRG_COM_TIM11_IRQHandler)
    TIM_Base_SetConfig                       0x0800796d   Thumb Code   324  stm32f4xx_hal_tim.o(.text.TIM_Base_SetConfig)
    UART_Start_Receive_DMA                   0x0800809d   Thumb Code   304  stm32f4xx_hal_uart.o(.text.UART_Start_Receive_DMA)
    USART1_IRQHandler                        0x08008261   Thumb Code    16  stm32f4xx_it.o(.text.USART1_IRQHandler)
    USART2_IRQHandler                        0x08008271   Thumb Code    16  stm32f4xx_it.o(.text.USART2_IRQHandler)
    UsageFault_Handler                       0x08008281   Thumb Code     4  stm32f4xx_it.o(.text.UsageFault_Handler)
    Usart2_Idel_Config                       0x08008285   Thumb Code    46  usart_idel_config.o(.text.Usart2_Idel_Config)
    W25Q32_Show_On_LCD_DMA                   0x080082b5   Thumb Code   384  main.o(.text.W25Q32_Show_On_LCD_DMA)
    W25Qxx_CS_Hight                          0x08008435   Thumb Code    22  w25qxx.o(.text.W25Qxx_CS_Hight)
    W25Qxx_CS_Low                            0x0800844d   Thumb Code    22  w25qxx.o(.text.W25Qxx_CS_Low)
    W25Qxx_SPI_RW_Byte                       0x08008465   Thumb Code    46  w25qxx.o(.text.W25Qxx_SPI_RW_Byte)
    button_attach                            0x08008555   Thumb Code    48  multi_button.o(.text.button_attach)
    button_init                              0x080088e5   Thumb Code   126  multi_button.o(.text.button_init)
    button_start                             0x08008979   Thumb Code    94  multi_button.o(.text.button_start)
    button_ticks                             0x080089d9   Thumb Code    44  multi_button.o(.text.button_ticks)
    main                                     0x08008a05   Thumb Code   236  main.o(.text.main)
    printf_DMA                               0x08008af1   Thumb Code   100  usart.o(.text.printf_DMA)
    read_button_gpio                         0x08008b55   Thumb Code   118  multi_button.o(.text.read_button_gpio)
    test                                     0x08008bcd   Thumb Code   166  multi_button.o(.text.test)
    _btod_d2e                                0x08008c73   Thumb Code    62  btod.o(CL$$btod_d2e)
    _d2e_denorm_low                          0x08008cb1   Thumb Code    70  btod.o(CL$$btod_d2e_denorm_low)
    _d2e_norm_op1                            0x08008cf7   Thumb Code    96  btod.o(CL$$btod_d2e_norm_op1)
    __btod_div_common                        0x08008d59   Thumb Code   696  btod.o(CL$$btod_div_common)
    _e2e                                     0x08009091   Thumb Code   220  btod.o(CL$$btod_e2e)
    _btod_ediv                               0x0800916d   Thumb Code    42  btod.o(CL$$btod_ediv)
    _btod_emul                               0x08009197   Thumb Code    42  btod.o(CL$$btod_emul)
    __btod_mult_common                       0x080091c1   Thumb Code   580  btod.o(CL$$btod_mult_common)
    __ARM_fpclassify                         0x08009405   Thumb Code    48  fpclassify.o(i.__ARM_fpclassify)
    _is_digit                                0x08009435   Thumb Code    14  __printf_wp.o(i._is_digit)
    _get_lc_numeric                          0x08009445   Thumb Code    44  lc_numeric_c.o(locale$$code)
    _get_lc_ctype                            0x08009471   Thumb Code    44  lc_ctype_c.o(locale$$code)
    _fp_init                                 0x0800949d   Thumb Code    26  fpinit.o(x$fpl$fpinit)
    __fplib_config_fpu_vfp                   0x080094b5   Thumb Code     0  fpinit.o(x$fpl$fpinit)
    __fplib_config_pureend_doubles           0x080094b5   Thumb Code     0  fpinit.o(x$fpl$fpinit)
    _printf_fp_dec                           0x080094b7   Thumb Code     4  printf1.o(x$fpl$printf1)
    _printf_fp_hex                           0x080094bb   Thumb Code     4  printf2.o(x$fpl$printf2)
    __I$use$fp                               0x080094be   Number         0  usenofp.o(x$fpl$usenofp)
    AHBPrescTable                            0x080095bc   Data          16  system_stm32f4xx.o(.rodata.AHBPrescTable)
    APBPrescTable                            0x080095cc   Data           8  system_stm32f4xx.o(.rodata.APBPrescTable)
    Region$$Table$$Base                      0x080095f4   Number         0  anon$$obj.o(Region$$Table)
    Region$$Table$$Limit                     0x08009614   Number         0  anon$$obj.o(Region$$Table)
    __ctype                                  0x0800963d   Data           0  lc_ctype_c.o(locale$$data)
    SystemCoreClock                          0x20000000   Data           4  system_stm32f4xx.o(.data.SystemCoreClock)
    W25Qxx_Address_Len                       0x20000004   Data           1  w25qxx.o(.data.W25Qxx_Address_Len)
    uwTickFreq                               0x20000005   Data           1  stm32f4xx_hal.o(.data.uwTickFreq)
    uwTickPrio                               0x20000008   Data           4  stm32f4xx_hal.o(.data.uwTickPrio)
    __libspace_start                         0x20000010   Data          96  libspace.o(.bss)
    Recv_OK                                  0x20000070   Data           1  usart_idel_config.o(.bss.Recv_OK)
    __temporary_stack_top$libspace           0x20000070   Data           0  libspace.o(.bss)
    T                                        0x20000071   Data           1  multi_button.o(.bss.T)
    dma_recv_complete                        0x2000018c   Data           1  st7789.o(.bss.dma_recv_complete)
    dma_transfer_complete                    0x2000018d   Data           1  st7789.o(.bss.dma_transfer_complete)
    frame_buffer                             0x2000018e   Data         256  st7789.o(.bss.frame_buffer)
    hdma_i2c1_tx                             0x20000290   Data          96  i2c.o(.bss.hdma_i2c1_tx)
    hdma_spi1_tx                             0x200002f0   Data          96  spi.o(.bss.hdma_spi1_tx)
    hdma_spi3_rx                             0x20000350   Data          96  spi.o(.bss.hdma_spi3_rx)
    hdma_spi3_tx                             0x200003b0   Data          96  spi.o(.bss.hdma_spi3_tx)
    hdma_usart1_tx                           0x20000410   Data          96  usart.o(.bss.hdma_usart1_tx)
    hdma_usart2_rx                           0x20000470   Data          96  usart.o(.bss.hdma_usart2_rx)
    hi2c1                                    0x200004d4   Data          84  i2c.o(.bss.hi2c1)
    hspi1                                    0x20000528   Data          88  spi.o(.bss.hspi1)
    hspi2                                    0x20000580   Data          88  spi.o(.bss.hspi2)
    hspi3                                    0x200005d8   Data          88  spi.o(.bss.hspi3)
    htim11                                   0x20000630   Data          72  tim.o(.bss.htim11)
    huart1                                   0x20000678   Data          72  usart.o(.bss.huart1)
    huart2                                   0x200006c0   Data          72  usart.o(.bss.huart2)
    key_tick                                 0x20000708   Data           1  stm32f4xx_it.o(.bss.key_tick)
    rx_buffer                                0x20000709   Data        1024  usart_idel_config.o(.bss.rx_buffer)
    temp                                     0x20000b09   Data         512  main.o(.bss.temp)
    uwTick                                   0x20000d0c   Data           4  stm32f4xx_hal.o(.bss.uwTick)



==============================================================================

Memory Map of the image

  Image Entry point : 0x08000195

  Load Region LR_IROM1 (Base: 0x08000000, Size: 0x00009750, Max: 0x00040000, ABSOLUTE)

    Execution Region ER_IROM1 (Exec base: 0x08000000, Load base: 0x08000000, Size: 0x00009740, Max: 0x00040000, ABSOLUTE)

    Exec Addr    Load Addr    Size         Type   Attr      Idx    E Section Name        Object

    0x08000000   0x08000000   0x00000194   Data   RO            3    RESET               startup_stm32f401xc.o
    0x08000194   0x08000194   0x00000008   Code   RO         1615  * !!!main             c_w.l(__main.o)
    0x0800019c   0x0800019c   0x0000005c   Code   RO         2246    !!!scatter          c_w.l(__scatter.o)
    0x080001f8   0x080001f8   0x0000001a   Code   RO         2250    !!handler_copy      c_w.l(__scatter_copy.o)
    0x08000212   0x08000212   0x00000002   PAD
    0x08000214   0x08000214   0x00000002   Code   RO         2247    !!handler_null      c_w.l(__scatter.o)
    0x08000216   0x08000216   0x00000002   PAD
    0x08000218   0x08000218   0x0000001c   Code   RO         2252    !!handler_zi        c_w.l(__scatter_zi.o)
    0x08000234   0x08000234   0x00000000   Code   RO         1707    .ARM.Collect$$_printf_percent$$00000000  c_w.l(_printf_percent.o)
    0x08000234   0x08000234   0x00000006   Code   RO         1696    .ARM.Collect$$_printf_percent$$00000001  c_w.l(_printf_n.o)
    0x0800023a   0x0800023a   0x00000006   Code   RO         1698    .ARM.Collect$$_printf_percent$$00000002  c_w.l(_printf_p.o)
    0x08000240   0x08000240   0x00000006   Code   RO         1703    .ARM.Collect$$_printf_percent$$00000003  c_w.l(_printf_f.o)
    0x08000246   0x08000246   0x00000006   Code   RO         1704    .ARM.Collect$$_printf_percent$$00000004  c_w.l(_printf_e.o)
    0x0800024c   0x0800024c   0x00000006   Code   RO         1705    .ARM.Collect$$_printf_percent$$00000005  c_w.l(_printf_g.o)
    0x08000252   0x08000252   0x00000006   Code   RO         1706    .ARM.Collect$$_printf_percent$$00000006  c_w.l(_printf_a.o)
    0x08000258   0x08000258   0x0000000a   Code   RO         1711    .ARM.Collect$$_printf_percent$$00000007  c_w.l(_printf_ll.o)
    0x08000262   0x08000262   0x00000006   Code   RO         1700    .ARM.Collect$$_printf_percent$$00000008  c_w.l(_printf_i.o)
    0x08000268   0x08000268   0x00000006   Code   RO         1701    .ARM.Collect$$_printf_percent$$00000009  c_w.l(_printf_d.o)
    0x0800026e   0x0800026e   0x00000006   Code   RO         1702    .ARM.Collect$$_printf_percent$$0000000A  c_w.l(_printf_u.o)
    0x08000274   0x08000274   0x00000006   Code   RO         1699    .ARM.Collect$$_printf_percent$$0000000B  c_w.l(_printf_o.o)
    0x0800027a   0x0800027a   0x00000006   Code   RO         1697    .ARM.Collect$$_printf_percent$$0000000C  c_w.l(_printf_x.o)
    0x08000280   0x08000280   0x00000006   Code   RO         1708    .ARM.Collect$$_printf_percent$$0000000D  c_w.l(_printf_lli.o)
    0x08000286   0x08000286   0x00000006   Code   RO         1709    .ARM.Collect$$_printf_percent$$0000000E  c_w.l(_printf_lld.o)
    0x0800028c   0x0800028c   0x00000006   Code   RO         1710    .ARM.Collect$$_printf_percent$$0000000F  c_w.l(_printf_llu.o)
    0x08000292   0x08000292   0x00000006   Code   RO         1715    .ARM.Collect$$_printf_percent$$00000010  c_w.l(_printf_llo.o)
    0x08000298   0x08000298   0x00000006   Code   RO         1716    .ARM.Collect$$_printf_percent$$00000011  c_w.l(_printf_llx.o)
    0x0800029e   0x0800029e   0x0000000a   Code   RO         1712    .ARM.Collect$$_printf_percent$$00000012  c_w.l(_printf_l.o)
    0x080002a8   0x080002a8   0x00000006   Code   RO         1694    .ARM.Collect$$_printf_percent$$00000013  c_w.l(_printf_c.o)
    0x080002ae   0x080002ae   0x00000006   Code   RO         1695    .ARM.Collect$$_printf_percent$$00000014  c_w.l(_printf_s.o)
    0x080002b4   0x080002b4   0x00000006   Code   RO         1713    .ARM.Collect$$_printf_percent$$00000015  c_w.l(_printf_lc.o)
    0x080002ba   0x080002ba   0x00000006   Code   RO         1714    .ARM.Collect$$_printf_percent$$00000016  c_w.l(_printf_ls.o)
    0x080002c0   0x080002c0   0x00000004   Code   RO         1785    .ARM.Collect$$_printf_percent$$00000017  c_w.l(_printf_percent_end.o)
    0x080002c4   0x080002c4   0x00000002   Code   RO         1948    .ARM.Collect$$libinit$$00000000  c_w.l(libinit.o)
    0x080002c6   0x080002c6   0x00000004   Code   RO         1949    .ARM.Collect$$libinit$$00000001  c_w.l(libinit2.o)
    0x080002ca   0x080002ca   0x00000000   Code   RO         1952    .ARM.Collect$$libinit$$00000004  c_w.l(libinit2.o)
    0x080002ca   0x080002ca   0x00000000   Code   RO         1954    .ARM.Collect$$libinit$$00000006  c_w.l(libinit2.o)
    0x080002ca   0x080002ca   0x00000000   Code   RO         1957    .ARM.Collect$$libinit$$0000000C  c_w.l(libinit2.o)
    0x080002ca   0x080002ca   0x00000000   Code   RO         1959    .ARM.Collect$$libinit$$0000000E  c_w.l(libinit2.o)
    0x080002ca   0x080002ca   0x00000000   Code   RO         1961    .ARM.Collect$$libinit$$00000010  c_w.l(libinit2.o)
    0x080002ca   0x080002ca   0x00000006   Code   RO         1962    .ARM.Collect$$libinit$$00000011  c_w.l(libinit2.o)
    0x080002d0   0x080002d0   0x00000000   Code   RO         1964    .ARM.Collect$$libinit$$00000013  c_w.l(libinit2.o)
    0x080002d0   0x080002d0   0x0000000c   Code   RO         1965    .ARM.Collect$$libinit$$00000014  c_w.l(libinit2.o)
    0x080002dc   0x080002dc   0x00000000   Code   RO         1966    .ARM.Collect$$libinit$$00000015  c_w.l(libinit2.o)
    0x080002dc   0x080002dc   0x00000000   Code   RO         1968    .ARM.Collect$$libinit$$00000017  c_w.l(libinit2.o)
    0x080002dc   0x080002dc   0x0000000a   Code   RO         1969    .ARM.Collect$$libinit$$00000018  c_w.l(libinit2.o)
    0x080002e6   0x080002e6   0x00000000   Code   RO         1970    .ARM.Collect$$libinit$$00000019  c_w.l(libinit2.o)
    0x080002e6   0x080002e6   0x00000000   Code   RO         1972    .ARM.Collect$$libinit$$0000001B  c_w.l(libinit2.o)
    0x080002e6   0x080002e6   0x00000000   Code   RO         1974    .ARM.Collect$$libinit$$0000001D  c_w.l(libinit2.o)
    0x080002e6   0x080002e6   0x00000000   Code   RO         1976    .ARM.Collect$$libinit$$0000001F  c_w.l(libinit2.o)
    0x080002e6   0x080002e6   0x00000000   Code   RO         1978    .ARM.Collect$$libinit$$00000021  c_w.l(libinit2.o)
    0x080002e6   0x080002e6   0x00000000   Code   RO         1980    .ARM.Collect$$libinit$$00000023  c_w.l(libinit2.o)
    0x080002e6   0x080002e6   0x00000000   Code   RO         1982    .ARM.Collect$$libinit$$00000025  c_w.l(libinit2.o)
    0x080002e6   0x080002e6   0x00000000   Code   RO         1984    .ARM.Collect$$libinit$$00000027  c_w.l(libinit2.o)
    0x080002e6   0x080002e6   0x00000000   Code   RO         1988    .ARM.Collect$$libinit$$0000002E  c_w.l(libinit2.o)
    0x080002e6   0x080002e6   0x00000000   Code   RO         1990    .ARM.Collect$$libinit$$00000030  c_w.l(libinit2.o)
    0x080002e6   0x080002e6   0x00000000   Code   RO         1992    .ARM.Collect$$libinit$$00000032  c_w.l(libinit2.o)
    0x080002e6   0x080002e6   0x00000000   Code   RO         1994    .ARM.Collect$$libinit$$00000034  c_w.l(libinit2.o)
    0x080002e6   0x080002e6   0x00000002   Code   RO         1995    .ARM.Collect$$libinit$$00000035  c_w.l(libinit2.o)
    0x080002e8   0x080002e8   0x00000002   Code   RO         2193    .ARM.Collect$$libshutdown$$00000000  c_w.l(libshutdown.o)
    0x080002ea   0x080002ea   0x00000000   Code   RO         1997    .ARM.Collect$$libshutdown$$00000002  c_w.l(libshutdown2.o)
    0x080002ea   0x080002ea   0x00000000   Code   RO         1999    .ARM.Collect$$libshutdown$$00000004  c_w.l(libshutdown2.o)
    0x080002ea   0x080002ea   0x00000000   Code   RO         2002    .ARM.Collect$$libshutdown$$00000007  c_w.l(libshutdown2.o)
    0x080002ea   0x080002ea   0x00000000   Code   RO         2005    .ARM.Collect$$libshutdown$$0000000A  c_w.l(libshutdown2.o)
    0x080002ea   0x080002ea   0x00000000   Code   RO         2007    .ARM.Collect$$libshutdown$$0000000C  c_w.l(libshutdown2.o)
    0x080002ea   0x080002ea   0x00000000   Code   RO         2010    .ARM.Collect$$libshutdown$$0000000F  c_w.l(libshutdown2.o)
    0x080002ea   0x080002ea   0x00000002   Code   RO         2011    .ARM.Collect$$libshutdown$$00000010  c_w.l(libshutdown2.o)
    0x080002ec   0x080002ec   0x00000000   Code   RO         1617    .ARM.Collect$$rtentry$$00000000  c_w.l(__rtentry.o)
    0x080002ec   0x080002ec   0x00000000   Code   RO         1750    .ARM.Collect$$rtentry$$00000002  c_w.l(__rtentry2.o)
    0x080002ec   0x080002ec   0x00000006   Code   RO         1762    .ARM.Collect$$rtentry$$00000004  c_w.l(__rtentry4.o)
    0x080002f2   0x080002f2   0x00000000   Code   RO         1752    .ARM.Collect$$rtentry$$00000009  c_w.l(__rtentry2.o)
    0x080002f2   0x080002f2   0x00000004   Code   RO         1753    .ARM.Collect$$rtentry$$0000000A  c_w.l(__rtentry2.o)
    0x080002f6   0x080002f6   0x00000000   Code   RO         1755    .ARM.Collect$$rtentry$$0000000C  c_w.l(__rtentry2.o)
    0x080002f6   0x080002f6   0x00000008   Code   RO         1756    .ARM.Collect$$rtentry$$0000000D  c_w.l(__rtentry2.o)
    0x080002fe   0x080002fe   0x00000002   Code   RO         2042    .ARM.Collect$$rtexit$$00000000  c_w.l(rtexit.o)
    0x08000300   0x08000300   0x00000000   Code   RO         2120    .ARM.Collect$$rtexit$$00000002  c_w.l(rtexit2.o)
    0x08000300   0x08000300   0x00000004   Code   RO         2121    .ARM.Collect$$rtexit$$00000003  c_w.l(rtexit2.o)
    0x08000304   0x08000304   0x00000006   Code   RO         2122    .ARM.Collect$$rtexit$$00000004  c_w.l(rtexit2.o)
    0x0800030a   0x0800030a   0x00000002   PAD
    0x0800030c   0x0800030c   0x00000040   Code   RO            4    .text               startup_stm32f401xc.o
    0x0800034c   0x0800034c   0x000000f0   Code   RO         1595    .text               c_w.l(lludivv7m.o)
    0x0800043c   0x0800043c   0x0000003c   Code   RO         1601    .text               c_w.l(vsnprintf.o)
    0x08000478   0x08000478   0x00000044   Code   RO         1609    .text               c_w.l(rt_memclr.o)
    0x080004bc   0x080004bc   0x0000004e   Code   RO         1611    .text               c_w.l(rt_memclr_w.o)
    0x0800050a   0x0800050a   0x00000006   Code   RO         1613    .text               c_w.l(heapauxi.o)
    0x08000510   0x08000510   0x0000004e   Code   RO         1624    .text               c_w.l(_printf_pad.o)
    0x0800055e   0x0800055e   0x00000024   Code   RO         1626    .text               c_w.l(_printf_truncate.o)
    0x08000582   0x08000582   0x00000052   Code   RO         1628    .text               c_w.l(_printf_str.o)
    0x080005d4   0x080005d4   0x00000078   Code   RO         1630    .text               c_w.l(_printf_dec.o)
    0x0800064c   0x0800064c   0x00000028   Code   RO         1632    .text               c_w.l(_printf_charcount.o)
    0x08000674   0x08000674   0x00000030   Code   RO         1634    .text               c_w.l(_printf_char_common.o)
    0x080006a4   0x080006a4   0x00000010   Code   RO         1638    .text               c_w.l(_snputc.o)
    0x080006b4   0x080006b4   0x000000bc   Code   RO         1642    .text               c_w.l(_printf_wctomb.o)
    0x08000770   0x08000770   0x0000007c   Code   RO         1645    .text               c_w.l(_printf_longlong_dec.o)
    0x080007ec   0x080007ec   0x00000070   Code   RO         1651    .text               c_w.l(_printf_oct_int_ll.o)
    0x0800085c   0x0800085c   0x00000094   Code   RO         1671    .text               c_w.l(_printf_hex_int_ll_ptr.o)
    0x080008f0   0x080008f0   0x00000188   Code   RO         1691    .text               c_w.l(__printf_flags_ss_wp.o)
    0x08000a78   0x08000a78   0x0000008a   Code   RO         1766    .text               c_w.l(lludiv10.o)
    0x08000b02   0x08000b02   0x000000b2   Code   RO         1770    .text               c_w.l(_printf_intcommon.o)
    0x08000bb4   0x08000bb4   0x0000041c   Code   RO         1772    .text               c_w.l(_printf_fp_dec.o)
    0x08000fd0   0x08000fd0   0x000002fc   Code   RO         1776    .text               c_w.l(_printf_fp_hex.o)
    0x080012cc   0x080012cc   0x0000002c   Code   RO         1781    .text               c_w.l(_printf_char.o)
    0x080012f8   0x080012f8   0x0000002c   Code   RO         1783    .text               c_w.l(_printf_wchar.o)
    0x08001324   0x08001324   0x00000048   Code   RO         1806    .text               c_w.l(_c16rtomb.o)
    0x0800136c   0x0800136c   0x0000004a   Code   RO         1813    .text               c_w.l(sys_stackheap_outer.o)
    0x080013b6   0x080013b6   0x00000002   PAD
    0x080013b8   0x080013b8   0x00000010   Code   RO         1815    .text               c_w.l(rt_ctype_table.o)
    0x080013c8   0x080013c8   0x00000008   Code   RO         1820    .text               c_w.l(rt_locale_intlibspace.o)
    0x080013d0   0x080013d0   0x00000080   Code   RO         1885    .text               c_w.l(_printf_fp_infnan.o)
    0x08001450   0x08001450   0x000000e4   Code   RO         1887    .text               c_w.l(bigflt0.o)
    0x08001534   0x08001534   0x00000012   Code   RO         1931    .text               c_w.l(exit.o)
    0x08001546   0x08001546   0x00000002   PAD
    0x08001548   0x08001548   0x00000008   Code   RO         2039    .text               c_w.l(libspace.o)
    0x08001550   0x08001550   0x0000007c   Code   RO         2094    .text               c_w.l(strcmpv7em.o)
    0x080015cc   0x080015cc   0x0000000c   Code   RO         2112    .text               c_w.l(sys_exit.o)
    0x080015d8   0x080015d8   0x00000002   Code   RO         2116    .text               c_w.l(use_no_semi.o)
    0x080015da   0x080015da   0x00000000   Code   RO         2118    .text               c_w.l(indicate_semi.o)
    0x080015da   0x080015da   0x00000002   PAD
    0x080015dc   0x080015dc   0x0000002c   Code   RO         1571    .text.Btn_double_click_handler  multi_button.o
    0x08001608   0x08001608   0x0000002c   Code   RO         1573    .text.Btn_long_click_handler  multi_button.o
    0x08001634   0x08001634   0x00000076   Code   RO         1569    .text.Btn_single_click_handler  multi_button.o
    0x080016aa   0x080016aa   0x00000002   PAD
    0x080016ac   0x080016ac   0x00000004   Code   RO          131    .text.BusFault_Handler  stm32f4xx_it.o
    0x080016b0   0x080016b0   0x00000010   Code   RO          143    .text.DMA1_Stream0_IRQHandler  stm32f4xx_it.o
    0x080016c0   0x080016c0   0x00000010   Code   RO          145    .text.DMA1_Stream5_IRQHandler  stm32f4xx_it.o
    0x080016d0   0x080016d0   0x00000010   Code   RO          147    .text.DMA1_Stream6_IRQHandler  stm32f4xx_it.o
    0x080016e0   0x080016e0   0x00000010   Code   RO          159    .text.DMA1_Stream7_IRQHandler  stm32f4xx_it.o
    0x080016f0   0x080016f0   0x00000010   Code   RO          163    .text.DMA2_Stream3_IRQHandler  stm32f4xx_it.o
    0x08001700   0x08001700   0x00000010   Code   RO          165    .text.DMA2_Stream7_IRQHandler  stm32f4xx_it.o
    0x08001710   0x08001710   0x00000056   Code   RO          555    .text.DMA_CalcBaseAndBitshift  stm32f4xx_hal_dma.o
    0x08001766   0x08001766   0x00000002   PAD
    0x08001768   0x08001768   0x000000f0   Code   RO          553    .text.DMA_CheckFifoParam  stm32f4xx_hal_dma.o
    0x08001858   0x08001858   0x00000050   Code   RO          561    .text.DMA_SetConfig  stm32f4xx_hal_dma.o
    0x080018a8   0x080018a8   0x00000002   Code   RO          137    .text.DebugMon_Handler  stm32f4xx_it.o
    0x080018aa   0x080018aa   0x00000002   PAD
    0x080018ac   0x080018ac   0x00000006   Code   RO           19    .text.Error_Handler  main.o
    0x080018b2   0x080018b2   0x00000002   PAD
    0x080018b4   0x080018b4   0x000000ec   Code   RO          565    .text.HAL_DMA_Abort  stm32f4xx_hal_dma.o
    0x080019a0   0x080019a0   0x00000044   Code   RO          567    .text.HAL_DMA_Abort_IT  stm32f4xx_hal_dma.o
    0x080019e4   0x080019e4   0x0000000e   Code   RO          577    .text.HAL_DMA_GetState  stm32f4xx_hal_dma.o
    0x080019f2   0x080019f2   0x00000002   PAD
    0x080019f4   0x080019f4   0x0000031e   Code   RO          571    .text.HAL_DMA_IRQHandler  stm32f4xx_hal_dma.o
    0x08001d12   0x08001d12   0x00000002   PAD
    0x08001d14   0x08001d14   0x0000016e   Code   RO          551    .text.HAL_DMA_Init  stm32f4xx_hal_dma.o
    0x08001e82   0x08001e82   0x00000002   PAD
    0x08001e84   0x08001e84   0x000000c2   Code   RO          563    .text.HAL_DMA_Start_IT  stm32f4xx_hal_dma.o
    0x08001f46   0x08001f46   0x00000002   PAD
    0x08001f48   0x08001f48   0x00000042   Code   RO          754    .text.HAL_Delay     stm32f4xx_hal.o
    0x08001f8a   0x08001f8a   0x00000002   PAD
    0x08001f8c   0x08001f8c   0x00000362   Code   RO          513    .text.HAL_GPIO_Init  stm32f4xx_hal_gpio.o
    0x080022ee   0x080022ee   0x00000002   PAD
    0x080022f0   0x080022f0   0x0000002e   Code   RO          517    .text.HAL_GPIO_ReadPin  stm32f4xx_hal_gpio.o
    0x0800231e   0x0800231e   0x00000002   PAD
    0x08002320   0x08002320   0x00000026   Code   RO          521    .text.HAL_GPIO_TogglePin  stm32f4xx_hal_gpio.o
    0x08002346   0x08002346   0x00000002   PAD
    0x08002348   0x08002348   0x0000002e   Code   RO          519    .text.HAL_GPIO_WritePin  stm32f4xx_hal_gpio.o
    0x08002376   0x08002376   0x00000002   PAD
    0x08002378   0x08002378   0x0000000c   Code   RO          746    .text.HAL_GetTick   stm32f4xx_hal.o
    0x08002384   0x08002384   0x00000008   Code   RO          331    .text.HAL_I2C_AbortCpltCallback  stm32f4xx_hal_i2c.o
    0x0800238c   0x0800238c   0x00000010   Code   RO          321    .text.HAL_I2C_AddrCallback  stm32f4xx_hal_i2c.o
    0x0800239c   0x0800239c   0x000003ca   Code   RO          277    .text.HAL_I2C_EV_IRQHandler  stm32f4xx_hal_i2c.o
    0x08002766   0x08002766   0x00000002   PAD
    0x08002768   0x08002768   0x00000008   Code   RO          329    .text.HAL_I2C_ErrorCallback  stm32f4xx_hal_i2c.o
    0x08002770   0x08002770   0x000002a4   Code   RO          183    .text.HAL_I2C_Init  stm32f4xx_hal_i2c.o
    0x08002a14   0x08002a14   0x00000008   Code   RO          323    .text.HAL_I2C_ListenCpltCallback  stm32f4xx_hal_i2c.o
    0x08002a1c   0x08002a1c   0x00000008   Code   RO          315    .text.HAL_I2C_MasterRxCpltCallback  stm32f4xx_hal_i2c.o
    0x08002a24   0x08002a24   0x00000008   Code   RO          313    .text.HAL_I2C_MasterTxCpltCallback  stm32f4xx_hal_i2c.o
    0x08002a2c   0x08002a2c   0x00000008   Code   RO          327    .text.HAL_I2C_MemRxCpltCallback  stm32f4xx_hal_i2c.o
    0x08002a34   0x08002a34   0x00000008   Code   RO          325    .text.HAL_I2C_MemTxCpltCallback  stm32f4xx_hal_i2c.o
    0x08002a3c   0x08002a3c   0x000000f6   Code   RO           49    .text.HAL_I2C_MspInit  i2c.o
    0x08002b32   0x08002b32   0x00000002   PAD
    0x08002b34   0x08002b34   0x00000008   Code   RO          319    .text.HAL_I2C_SlaveRxCpltCallback  stm32f4xx_hal_i2c.o
    0x08002b3c   0x08002b3c   0x00000008   Code   RO          317    .text.HAL_I2C_SlaveTxCpltCallback  stm32f4xx_hal_i2c.o
    0x08002b44   0x08002b44   0x0000001a   Code   RO          744    .text.HAL_IncTick   stm32f4xx_hal.o
    0x08002b5e   0x08002b5e   0x00000002   PAD
    0x08002b60   0x08002b60   0x00000036   Code   RO          734    .text.HAL_Init      stm32f4xx_hal.o
    0x08002b96   0x08002b96   0x00000002   PAD
    0x08002b98   0x08002b98   0x00000070   Code   RO          736    .text.HAL_InitTick  stm32f4xx_hal.o
    0x08002c08   0x08002c08   0x0000004a   Code   RO          175    .text.HAL_MspInit   stm32f4xx_hal_msp.o
    0x08002c52   0x08002c52   0x00000002   PAD
    0x08002c54   0x08002c54   0x00000014   Code   RO          669    .text.HAL_NVIC_EnableIRQ  stm32f4xx_hal_cortex.o
    0x08002c68   0x08002c68   0x00000032   Code   RO          661    .text.HAL_NVIC_SetPriority  stm32f4xx_hal_cortex.o
    0x08002c9a   0x08002c9a   0x00000002   PAD
    0x08002c9c   0x08002c9c   0x00000010   Code   RO          657    .text.HAL_NVIC_SetPriorityGrouping  stm32f4xx_hal_cortex.o
    0x08002cac   0x08002cac   0x00000262   Code   RO          369    .text.HAL_RCC_ClockConfig  stm32f4xx_hal_rcc.o
    0x08002f0e   0x08002f0e   0x00000002   PAD
    0x08002f10   0x08002f10   0x0000000c   Code   RO          379    .text.HAL_RCC_GetHCLKFreq  stm32f4xx_hal_rcc.o
    0x08002f1c   0x08002f1c   0x00000022   Code   RO          381    .text.HAL_RCC_GetPCLK1Freq  stm32f4xx_hal_rcc.o
    0x08002f3e   0x08002f3e   0x00000002   PAD
    0x08002f40   0x08002f40   0x00000022   Code   RO          383    .text.HAL_RCC_GetPCLK2Freq  stm32f4xx_hal_rcc.o
    0x08002f62   0x08002f62   0x00000002   PAD
    0x08002f64   0x08002f64   0x000000e6   Code   RO          371    .text.HAL_RCC_GetSysClockFreq  stm32f4xx_hal_rcc.o
    0x0800304a   0x0800304a   0x00000002   PAD
    0x0800304c   0x0800304c   0x000006be   Code   RO          367    .text.HAL_RCC_OscConfig  stm32f4xx_hal_rcc.o
    0x0800370a   0x0800370a   0x00000002   PAD
    0x0800370c   0x0800370c   0x00000008   Code   RO          907    .text.HAL_SPI_ErrorCallback  stm32f4xx_hal_spi.o
    0x08003714   0x08003714   0x00000230   Code   RO          903    .text.HAL_SPI_IRQHandler  stm32f4xx_hal_spi.o
    0x08003944   0x08003944   0x00000100   Code   RO          823    .text.HAL_SPI_Init  stm32f4xx_hal_spi.o
    0x08003a44   0x08003a44   0x000002fa   Code   RO           68    .text.HAL_SPI_MspInit  spi.o
    0x08003d3e   0x08003d3e   0x00000002   PAD
    0x08003d40   0x08003d40   0x00000198   Code   RO          871    .text.HAL_SPI_Receive_DMA  stm32f4xx_hal_spi.o
    0x08003ed8   0x08003ed8   0x00000026   Code   RO         1490    .text.HAL_SPI_RxCpltCallback  st7789.o
    0x08003efe   0x08003efe   0x00000002   PAD
    0x08003f00   0x08003f00   0x00000008   Code   RO          917    .text.HAL_SPI_RxHalfCpltCallback  stm32f4xx_hal_spi.o
    0x08003f08   0x08003f08   0x000003a2   Code   RO          837    .text.HAL_SPI_TransmitReceive  stm32f4xx_hal_spi.o
    0x080042aa   0x080042aa   0x00000002   PAD
    0x080042ac   0x080042ac   0x00000214   Code   RO          873    .text.HAL_SPI_TransmitReceive_DMA  stm32f4xx_hal_spi.o
    0x080044c0   0x080044c0   0x0000016c   Code   RO          863    .text.HAL_SPI_Transmit_DMA  stm32f4xx_hal_spi.o
    0x0800462c   0x0800462c   0x00000026   Code   RO         1488    .text.HAL_SPI_TxCpltCallback  st7789.o
    0x08004652   0x08004652   0x00000002   PAD
    0x08004654   0x08004654   0x00000008   Code   RO          915    .text.HAL_SPI_TxHalfCpltCallback  stm32f4xx_hal_spi.o
    0x0800465c   0x0800465c   0x00000008   Code   RO          913    .text.HAL_SPI_TxRxCpltCallback  stm32f4xx_hal_spi.o
    0x08004664   0x08004664   0x00000008   Code   RO          919    .text.HAL_SPI_TxRxHalfCpltCallback  stm32f4xx_hal_spi.o
    0x0800466c   0x0800466c   0x00000010   Code   RO          681    .text.HAL_SYSTICK_Config  stm32f4xx_hal_cortex.o
    0x0800467c   0x0800467c   0x00000008   Code   RO         1263    .text.HAL_TIMEx_BreakCallback  stm32f4xx_hal_tim_ex.o
    0x08004684   0x08004684   0x00000008   Code   RO         1259    .text.HAL_TIMEx_CommutCallback  stm32f4xx_hal_tim_ex.o
    0x0800468c   0x0800468c   0x0000009c   Code   RO          940    .text.HAL_TIM_Base_Init  stm32f4xx_hal_tim.o
    0x08004728   0x08004728   0x00000052   Code   RO           87    .text.HAL_TIM_Base_MspInit  tim.o
    0x0800477a   0x0800477a   0x00000002   PAD
    0x0800477c   0x0800477c   0x000000d2   Code   RO          954    .text.HAL_TIM_Base_Start_IT  stm32f4xx_hal_tim.o
    0x0800484e   0x0800484e   0x00000002   PAD
    0x08004850   0x08004850   0x00000008   Code   RO         1076    .text.HAL_TIM_IC_CaptureCallback  stm32f4xx_hal_tim.o
    0x08004858   0x08004858   0x0000021a   Code   RO         1074    .text.HAL_TIM_IRQHandler  stm32f4xx_hal_tim.o
    0x08004a72   0x08004a72   0x00000002   PAD
    0x08004a74   0x08004a74   0x00000008   Code   RO         1078    .text.HAL_TIM_OC_DelayElapsedCallback  stm32f4xx_hal_tim.o
    0x08004a7c   0x08004a7c   0x00000008   Code   RO         1080    .text.HAL_TIM_PWM_PulseFinishedCallback  stm32f4xx_hal_tim.o
    0x08004a84   0x08004a84   0x00000008   Code   RO         1082    .text.HAL_TIM_PeriodElapsedCallback  stm32f4xx_hal_tim.o
    0x08004a8c   0x08004a8c   0x00000008   Code   RO         1084    .text.HAL_TIM_TriggerCallback  stm32f4xx_hal_tim.o
    0x08004a94   0x08004a94   0x000000b8   Code   RO         1330    .text.HAL_UARTEx_ReceiveToIdle_DMA  stm32f4xx_hal_uart.o
    0x08004b4c   0x08004b4c   0x00000058   Code   RO         1423    .text.HAL_UARTEx_RxEventCallback  usart_idel_config.o
    0x08004ba4   0x08004ba4   0x00000054   Code   RO         1425    .text.HAL_UART_ErrorCallback  usart_idel_config.o
    0x08004bf8   0x08004bf8   0x0000045c   Code   RO         1360    .text.HAL_UART_IRQHandler  stm32f4xx_hal_uart.o
    0x08005054   0x08005054   0x0000009e   Code   RO         1276    .text.HAL_UART_Init  stm32f4xx_hal_uart.o
    0x080050f2   0x080050f2   0x00000002   PAD
    0x080050f4   0x080050f4   0x000001d8   Code   RO          103    .text.HAL_UART_MspInit  usart.o
    0x080052cc   0x080052cc   0x00000008   Code   RO         1378    .text.HAL_UART_RxCpltCallback  stm32f4xx_hal_uart.o
    0x080052d4   0x080052d4   0x00000008   Code   RO         1380    .text.HAL_UART_RxHalfCpltCallback  stm32f4xx_hal_uart.o
    0x080052dc   0x080052dc   0x000000fc   Code   RO         1304    .text.HAL_UART_Transmit_DMA  stm32f4xx_hal_uart.o
    0x080053d8   0x080053d8   0x00000008   Code   RO         1374    .text.HAL_UART_TxCpltCallback  stm32f4xx_hal_uart.o
    0x080053e0   0x080053e0   0x00000008   Code   RO         1376    .text.HAL_UART_TxHalfCpltCallback  stm32f4xx_hal_uart.o
    0x080053e8   0x080053e8   0x00000004   Code   RO          127    .text.HardFault_Handler  stm32f4xx_it.o
    0x080053ec   0x080053ec   0x00000010   Code   RO          151    .text.I2C1_EV_IRQHandler  stm32f4xx_it.o
    0x080053fc   0x080053fc   0x00000034   Code   RO          279    .text.I2C_ConvertOtherXferOptions  stm32f4xx_hal_i2c.o
    0x08005430   0x08005430   0x00000156   Code   RO          263    .text.I2C_DMAAbort  stm32f4xx_hal_i2c.o
    0x08005586   0x08005586   0x00000002   PAD
    0x08005588   0x08005588   0x00000024   Code   RO          339    .text.I2C_Flush_DR  stm32f4xx_hal_i2c.o
    0x080055ac   0x080055ac   0x0000027a   Code   RO          275    .text.I2C_ITError   stm32f4xx_hal_i2c.o
    0x08005826   0x08005826   0x00000002   PAD
    0x08005828   0x08005828   0x000001ac   Code   RO          295    .text.I2C_MasterReceive_BTF  stm32f4xx_hal_i2c.o
    0x080059d4   0x080059d4   0x0000016a   Code   RO          293    .text.I2C_MasterReceive_RXNE  stm32f4xx_hal_i2c.o
    0x08005b3e   0x08005b3e   0x00000002   PAD
    0x08005b40   0x08005b40   0x000000de   Code   RO          289    .text.I2C_MasterTransmit_BTF  stm32f4xx_hal_i2c.o
    0x08005c1e   0x08005c1e   0x00000002   PAD
    0x08005c20   0x08005c20   0x0000013e   Code   RO          287    .text.I2C_MasterTransmit_TXE  stm32f4xx_hal_i2c.o
    0x08005d5e   0x08005d5e   0x00000002   PAD
    0x08005d60   0x08005d60   0x00000046   Code   RO          283    .text.I2C_Master_ADD10  stm32f4xx_hal_i2c.o
    0x08005da6   0x08005da6   0x00000002   PAD
    0x08005da8   0x08005da8   0x0000033e   Code   RO          285    .text.I2C_Master_ADDR  stm32f4xx_hal_i2c.o
    0x080060e6   0x080060e6   0x00000002   PAD
    0x080060e8   0x080060e8   0x000000f0   Code   RO          281    .text.I2C_Master_SB  stm32f4xx_hal_i2c.o
    0x080061d8   0x080061d8   0x00000128   Code   RO          291    .text.I2C_MemoryTransmit_TXE_BTF  stm32f4xx_hal_i2c.o
    0x08006300   0x08006300   0x0000002e   Code   RO          307    .text.I2C_SlaveReceive_BTF  stm32f4xx_hal_i2c.o
    0x0800632e   0x0800632e   0x00000002   PAD
    0x08006330   0x08006330   0x0000006e   Code   RO          305    .text.I2C_SlaveReceive_RXNE  stm32f4xx_hal_i2c.o
    0x0800639e   0x0800639e   0x00000002   PAD
    0x080063a0   0x080063a0   0x0000002c   Code   RO          303    .text.I2C_SlaveTransmit_BTF  stm32f4xx_hal_i2c.o
    0x080063cc   0x080063cc   0x0000006c   Code   RO          301    .text.I2C_SlaveTransmit_TXE  stm32f4xx_hal_i2c.o
    0x08006438   0x08006438   0x000000ae   Code   RO          297    .text.I2C_Slave_ADDR  stm32f4xx_hal_i2c.o
    0x080064e6   0x080064e6   0x00000002   PAD
    0x080064e8   0x080064e8   0x0000024a   Code   RO          299    .text.I2C_Slave_STOPF  stm32f4xx_hal_i2c.o
    0x08006732   0x08006732   0x00000002   PAD
    0x08006734   0x08006734   0x00000078   Code   RO          341    .text.I2C_WaitOnSTOPRequestThroughIT  stm32f4xx_hal_i2c.o
    0x080067ac   0x080067ac   0x000000d8   Code   RO         1575    .text.KEY_Init      multi_button.o
    0x08006884   0x08006884   0x0000002a   Code   RO         1482    .text.LCD_Writ_Bus  st7789.o
    0x080068ae   0x080068ae   0x00000002   PAD
    0x080068b0   0x080068b0   0x000000ba   Code   RO           39    .text.MX_DMA_Init   dma.o
    0x0800696a   0x0800696a   0x00000002   PAD
    0x0800696c   0x0800696c   0x0000015a   Code   RO           31    .text.MX_GPIO_Init  gpio.o
    0x08006ac6   0x08006ac6   0x00000002   PAD
    0x08006ac8   0x08006ac8   0x00000048   Code   RO           47    .text.MX_I2C1_Init  i2c.o
    0x08006b10   0x08006b10   0x0000004e   Code   RO           62    .text.MX_SPI1_Init  spi.o
    0x08006b5e   0x08006b5e   0x00000002   PAD
    0x08006b60   0x08006b60   0x0000004e   Code   RO           64    .text.MX_SPI2_Init  spi.o
    0x08006bae   0x08006bae   0x00000002   PAD
    0x08006bb0   0x08006bb0   0x0000004e   Code   RO           66    .text.MX_SPI3_Init  spi.o
    0x08006bfe   0x08006bfe   0x00000002   PAD
    0x08006c00   0x08006c00   0x00000038   Code   RO           85    .text.MX_TIM11_Init  tim.o
    0x08006c38   0x08006c38   0x00000040   Code   RO           99    .text.MX_USART1_UART_Init  usart.o
    0x08006c78   0x08006c78   0x00000040   Code   RO          101    .text.MX_USART2_UART_Init  usart.o
    0x08006cb8   0x08006cb8   0x00000004   Code   RO          129    .text.MemManage_Handler  stm32f4xx_it.o
    0x08006cbc   0x08006cbc   0x00000004   Code   RO          125    .text.NMI_Handler   stm32f4xx_it.o
    0x08006cc0   0x08006cc0   0x0000006c   Code   RO          667    .text.NVIC_EncodePriority  stm32f4xx_hal_cortex.o
    0x08006d2c   0x08006d2c   0x00000002   Code   RO          139    .text.PendSV_Handler  stm32f4xx_it.o
    0x08006d2e   0x08006d2e   0x00000002   PAD
    0x08006d30   0x08006d30   0x00000010   Code   RO          153    .text.SPI1_IRQHandler  stm32f4xx_it.o
    0x08006d40   0x08006d40   0x00000010   Code   RO          161    .text.SPI3_IRQHandler  stm32f4xx_it.o
    0x08006d50   0x08006d50   0x00000020   Code   RO          905    .text.SPI_DMAAbortOnError  stm32f4xx_hal_spi.o
    0x08006d70   0x08006d70   0x00000034   Code   RO          869    .text.SPI_DMAError  stm32f4xx_hal_spi.o
    0x08006da4   0x08006da4   0x00000016   Code   RO          875    .text.SPI_DMAHalfReceiveCplt  stm32f4xx_hal_spi.o
    0x08006dba   0x08006dba   0x00000002   PAD
    0x08006dbc   0x08006dbc   0x00000016   Code   RO          865    .text.SPI_DMAHalfTransmitCplt  stm32f4xx_hal_spi.o
    0x08006dd2   0x08006dd2   0x00000002   PAD
    0x08006dd4   0x08006dd4   0x00000016   Code   RO          879    .text.SPI_DMAHalfTransmitReceiveCplt  stm32f4xx_hal_spi.o
    0x08006dea   0x08006dea   0x00000002   PAD
    0x08006dec   0x08006dec   0x000000a2   Code   RO          877    .text.SPI_DMAReceiveCplt  stm32f4xx_hal_spi.o
    0x08006e8e   0x08006e8e   0x00000002   PAD
    0x08006e90   0x08006e90   0x000000a6   Code   RO          867    .text.SPI_DMATransmitCplt  stm32f4xx_hal_spi.o
    0x08006f36   0x08006f36   0x00000002   PAD
    0x08006f38   0x08006f38   0x00000086   Code   RO          881    .text.SPI_DMATransmitReceiveCplt  stm32f4xx_hal_spi.o
    0x08006fbe   0x08006fbe   0x00000002   PAD
    0x08006fc0   0x08006fc0   0x000000e4   Code   RO          839    .text.SPI_EndRxTransaction  stm32f4xx_hal_spi.o
    0x080070a4   0x080070a4   0x000000cc   Code   RO          833    .text.SPI_EndRxTxTransaction  stm32f4xx_hal_spi.o
    0x08007170   0x08007170   0x0000012c   Code   RO          931    .text.SPI_WaitFlagStateUntilTimeout  stm32f4xx_hal_spi.o
    0x0800729c   0x0800729c   0x00000116   Code   RO         1496    .text.ST7789_Clear  st7789.o
    0x080073b2   0x080073b2   0x00000002   PAD
    0x080073b4   0x080073b4   0x0000014e   Code   RO         1502    .text.ST7789_FillRect  st7789.o
    0x08007502   0x08007502   0x00000002   PAD
    0x08007504   0x08007504   0x0000013e   Code   RO         1492    .text.ST7789_Init   st7789.o
    0x08007642   0x08007642   0x00000002   PAD
    0x08007644   0x08007644   0x0000009c   Code   RO         1500    .text.ST7789_SetAddressWindow  st7789.o
    0x080076e0   0x080076e0   0x00000040   Code   RO         1494    .text.ST7789_Write_Cmd  st7789.o
    0x08007720   0x08007720   0x0000003e   Code   RO         1484    .text.ST7789_Write_Data  st7789.o
    0x0800775e   0x0800775e   0x00000002   PAD
    0x08007760   0x08007760   0x000000a6   Code   RO         1486    .text.ST7789_Write_Datas  st7789.o
    0x08007806   0x08007806   0x00000002   PAD
    0x08007808   0x08007808   0x00000002   Code   RO          135    .text.SVC_Handler   stm32f4xx_it.o
    0x0800780a   0x0800780a   0x00000002   PAD
    0x0800780c   0x0800780c   0x00000052   Code   RO          683    .text.SysTick_Config  stm32f4xx_hal_cortex.o
    0x0800785e   0x0800785e   0x00000002   PAD
    0x08007860   0x08007860   0x00000008   Code   RO          141    .text.SysTick_Handler  stm32f4xx_it.o
    0x08007868   0x08007868   0x000000b6   Code   RO           17    .text.SystemClock_Config  main.o
    0x0800791e   0x0800791e   0x00000002   PAD
    0x08007920   0x08007920   0x00000012   Code   RO         1407    .text.SystemInit    system_stm32f4xx.o
    0x08007932   0x08007932   0x00000002   PAD
    0x08007934   0x08007934   0x00000038   Code   RO          149    .text.TIM1_TRG_COM_TIM11_IRQHandler  stm32f4xx_it.o
    0x0800796c   0x0800796c   0x00000144   Code   RO          944    .text.TIM_Base_SetConfig  stm32f4xx_hal_tim.o
    0x08007ab0   0x08007ab0   0x0000001c   Code   RO         1364    .text.UART_DMAAbortOnError  stm32f4xx_hal_uart.o
    0x08007acc   0x08007acc   0x0000007c   Code   RO         1310    .text.UART_DMAError  stm32f4xx_hal_uart.o
    0x08007b48   0x08007b48   0x000000f4   Code   RO         1396    .text.UART_DMAReceiveCplt  stm32f4xx_hal_uart.o
    0x08007c3c   0x08007c3c   0x00000034   Code   RO         1398    .text.UART_DMARxHalfCplt  stm32f4xx_hal_uart.o
    0x08007c70   0x08007c70   0x0000007a   Code   RO         1306    .text.UART_DMATransmitCplt  stm32f4xx_hal_uart.o
    0x08007cea   0x08007cea   0x00000002   PAD
    0x08007cec   0x08007cec   0x00000016   Code   RO         1308    .text.UART_DMATxHalfCplt  stm32f4xx_hal_uart.o
    0x08007d02   0x08007d02   0x00000002   PAD
    0x08007d04   0x08007d04   0x00000094   Code   RO         1324    .text.UART_EndRxTransfer  stm32f4xx_hal_uart.o
    0x08007d98   0x08007d98   0x00000026   Code   RO         1372    .text.UART_EndTransmit_IT  stm32f4xx_hal_uart.o
    0x08007dbe   0x08007dbe   0x00000002   PAD
    0x08007dc0   0x08007dc0   0x00000036   Code   RO         1322    .text.UART_EndTxTransfer  stm32f4xx_hal_uart.o
    0x08007df6   0x08007df6   0x00000002   PAD
    0x08007df8   0x08007df8   0x00000168   Code   RO         1362    .text.UART_Receive_IT  stm32f4xx_hal_uart.o
    0x08007f60   0x08007f60   0x0000013a   Code   RO         1280    .text.UART_SetConfig  stm32f4xx_hal_uart.o
    0x0800809a   0x0800809a   0x00000002   PAD
    0x0800809c   0x0800809c   0x00000130   Code   RO         1314    .text.UART_Start_Receive_DMA  stm32f4xx_hal_uart.o
    0x080081cc   0x080081cc   0x00000094   Code   RO         1370    .text.UART_Transmit_IT  stm32f4xx_hal_uart.o
    0x08008260   0x08008260   0x00000010   Code   RO          155    .text.USART1_IRQHandler  stm32f4xx_it.o
    0x08008270   0x08008270   0x00000010   Code   RO          157    .text.USART2_IRQHandler  stm32f4xx_it.o
    0x08008280   0x08008280   0x00000004   Code   RO          133    .text.UsageFault_Handler  stm32f4xx_it.o
    0x08008284   0x08008284   0x0000002e   Code   RO         1421    .text.Usart2_Idel_Config  usart_idel_config.o
    0x080082b2   0x080082b2   0x00000002   PAD
    0x080082b4   0x080082b4   0x00000180   Code   RO           11    .text.W25Q32_Show_On_LCD_DMA  main.o
    0x08008434   0x08008434   0x00000016   Code   RO         1446    .text.W25Qxx_CS_Hight  w25qxx.o
    0x0800844a   0x0800844a   0x00000002   PAD
    0x0800844c   0x0800844c   0x00000016   Code   RO         1444    .text.W25Qxx_CS_Low  w25qxx.o
    0x08008462   0x08008462   0x00000002   PAD
    0x08008464   0x08008464   0x0000002e   Code   RO         1448    .text.W25Qxx_SPI_RW_Byte  w25qxx.o
    0x08008492   0x08008492   0x00000002   PAD
    0x08008494   0x08008494   0x00000030   Code   RO          671    .text.__NVIC_EnableIRQ  stm32f4xx_hal_cortex.o
    0x080084c4   0x080084c4   0x00000010   Code   RO          663    .text.__NVIC_GetPriorityGrouping  stm32f4xx_hal_cortex.o
    0x080084d4   0x080084d4   0x00000042   Code   RO          665    .text.__NVIC_SetPriority  stm32f4xx_hal_cortex.o
    0x08008516   0x08008516   0x00000002   PAD
    0x08008518   0x08008518   0x0000003c   Code   RO          659    .text.__NVIC_SetPriorityGrouping  stm32f4xx_hal_cortex.o
    0x08008554   0x08008554   0x00000030   Code   RO         1547    .text.button_attach  multi_button.o
    0x08008584   0x08008584   0x0000035e   Code   RO         1565    .text.button_handler  multi_button.o
    0x080088e2   0x080088e2   0x00000002   PAD
    0x080088e4   0x080088e4   0x0000007e   Code   RO         1545    .text.button_init   multi_button.o
    0x08008962   0x08008962   0x00000002   PAD
    0x08008964   0x08008964   0x00000012   Code   RO         1579    .text.button_read_level  multi_button.o
    0x08008976   0x08008976   0x00000002   PAD
    0x08008978   0x08008978   0x0000005e   Code   RO         1559    .text.button_start  multi_button.o
    0x080089d6   0x080089d6   0x00000002   PAD
    0x080089d8   0x080089d8   0x0000002c   Code   RO         1563    .text.button_ticks  multi_button.o
    0x08008a04   0x08008a04   0x000000ec   Code   RO           15    .text.main          main.o
    0x08008af0   0x08008af0   0x00000064   Code   RO          111    .text.printf_DMA    usart.o
    0x08008b54   0x08008b54   0x00000076   Code   RO         1567    .text.read_button_gpio  multi_button.o
    0x08008bca   0x08008bca   0x00000002   PAD
    0x08008bcc   0x08008bcc   0x000000a6   Code   RO         1577    .text.test          multi_button.o
    0x08008c72   0x08008c72   0x0000003e   Code   RO         1890    CL$$btod_d2e        c_w.l(btod.o)
    0x08008cb0   0x08008cb0   0x00000046   Code   RO         1892    CL$$btod_d2e_denorm_low  c_w.l(btod.o)
    0x08008cf6   0x08008cf6   0x00000060   Code   RO         1891    CL$$btod_d2e_norm_op1  c_w.l(btod.o)
    0x08008d56   0x08008d56   0x00000002   PAD
    0x08008d58   0x08008d58   0x00000338   Code   RO         1900    CL$$btod_div_common  c_w.l(btod.o)
    0x08009090   0x08009090   0x000000dc   Code   RO         1897    CL$$btod_e2e        c_w.l(btod.o)
    0x0800916c   0x0800916c   0x0000002a   Code   RO         1894    CL$$btod_ediv       c_w.l(btod.o)
    0x08009196   0x08009196   0x0000002a   Code   RO         1893    CL$$btod_emul       c_w.l(btod.o)
    0x080091c0   0x080091c0   0x00000244   Code   RO         1899    CL$$btod_mult_common  c_w.l(btod.o)
    0x08009404   0x08009404   0x00000030   Code   RO         2025    i.__ARM_fpclassify  m_wm.l(fpclassify.o)
    0x08009434   0x08009434   0x0000000e   Code   RO         1684    i._is_digit         c_w.l(__printf_wp.o)
    0x08009442   0x08009442   0x00000002   PAD
    0x08009444   0x08009444   0x0000002c   Code   RO         1929    locale$$code        c_w.l(lc_numeric_c.o)
    0x08009470   0x08009470   0x0000002c   Code   RO         2084    locale$$code        c_w.l(lc_ctype_c.o)
    0x0800949c   0x0800949c   0x0000001a   Code   RO         2104    x$fpl$fpinit        fz_wm.l(fpinit.o)
    0x080094b6   0x080094b6   0x00000004   Code   RO         1739    x$fpl$printf1       fz_wm.l(printf1.o)
    0x080094ba   0x080094ba   0x00000004   Code   RO         1741    x$fpl$printf2       fz_wm.l(printf2.o)
    0x080094be   0x080094be   0x00000000   Code   RO         2024    x$fpl$usenofp       fz_wm.l(usenofp.o)
    0x080094be   0x080094be   0x00000002   PAD
    0x080094c0   0x080094c0   0x00000008   Data   RO         1643    .constdata          c_w.l(_printf_wctomb.o)
    0x080094c8   0x080094c8   0x00000028   Data   RO         1672    .constdata          c_w.l(_printf_hex_int_ll_ptr.o)
    0x080094f0   0x080094f0   0x00000011   Data   RO         1692    .constdata          c_w.l(__printf_flags_ss_wp.o)
    0x08009501   0x08009501   0x00000026   Data   RO         1777    .constdata          c_w.l(_printf_fp_hex.o)
    0x08009527   0x08009527   0x00000001   PAD
    0x08009528   0x08009528   0x00000094   Data   RO         1888    .constdata          c_w.l(bigflt0.o)
    0x080095bc   0x080095bc   0x00000010   Data   RO         1412    .rodata.AHBPrescTable  system_stm32f4xx.o
    0x080095cc   0x080095cc   0x00000008   Data   RO         1413    .rodata.APBPrescTable  system_stm32f4xx.o
    0x080095d4   0x080095d4   0x00000008   Data   RO          581    .rodata.DMA_CalcBaseAndBitshift.flagBitshiftOffset  stm32f4xx_hal_dma.o
    0x080095dc   0x080095dc   0x00000007   Data   RO           22    .rodata.str1.1      main.o
    0x080095e3   0x080095e3   0x0000000f   Data   RO         1583    .rodata.str1.1      multi_button.o
    0x080095f2   0x080095f2   0x00000002   PAD
    0x080095f4   0x080095f4   0x00000020   Data   RO         2245    Region$$Table       anon$$obj.o
    0x08009614   0x08009614   0x0000001c   Data   RO         1928    locale$$data        c_w.l(lc_numeric_c.o)
    0x08009630   0x08009630   0x00000110   Data   RO         2083    locale$$data        c_w.l(lc_ctype_c.o)


    Execution Region RW_IRAM1 (Exec base: 0x20000000, Load base: 0x08009740, Size: 0x00001310, Max: 0x00010000, ABSOLUTE)

    Exec Addr    Load Addr    Size         Type   Attr      Idx    E Section Name        Object

    0x20000000   0x08009740   0x00000004   Data   RW         1411    .data.SystemCoreClock  system_stm32f4xx.o
    0x20000004   0x08009744   0x00000001   Data   RW         1473    .data.W25Qxx_Address_Len  w25qxx.o
    0x20000005   0x08009745   0x00000001   Data   RW          789    .data.uwTickFreq    stm32f4xx_hal.o
    0x20000006   0x08009746   0x00000002   PAD
    0x20000008   0x08009748   0x00000004   Data   RW          788    .data.uwTickPrio    stm32f4xx_hal.o
    0x2000000c   0x0800974c   0x00000004   PAD
    0x20000010        -       0x00000060   Zero   RW         2040    .bss                c_w.l(libspace.o)
    0x20000070        -       0x00000001   Zero   RW         1429    .bss.Recv_OK        usart_idel_config.o
    0x20000071        -       0x00000001   Zero   RW         1582    .bss.T              multi_button.o
    0x20000072        -       0x00000096   Zero   RW          117    .bss._dbg_Buff      usart.o
    0x20000108        -       0x0000002c   Zero   RW         1586    .bss.btn_dowm       multi_button.o
    0x20000134        -       0x0000002c   Zero   RW         1585    .bss.btn_enter      multi_button.o
    0x20000160        -       0x0000002c   Zero   RW         1584    .bss.btn_up         multi_button.o
    0x2000018c        -       0x00000001   Zero   RW         1527    .bss.dma_recv_complete  st7789.o
    0x2000018d        -       0x00000001   Zero   RW         1526    .bss.dma_transfer_complete  st7789.o
    0x2000018e        -       0x00000100   Zero   RW         1530    .bss.frame_buffer   st7789.o
    0x2000028e   0x0800974c   0x00000002   PAD
    0x20000290        -       0x00000060   Zero   RW           54    .bss.hdma_i2c1_tx   i2c.o
    0x200002f0        -       0x00000060   Zero   RW           75    .bss.hdma_spi1_tx   spi.o
    0x20000350        -       0x00000060   Zero   RW           76    .bss.hdma_spi3_rx   spi.o
    0x200003b0        -       0x00000060   Zero   RW           77    .bss.hdma_spi3_tx   spi.o
    0x20000410        -       0x00000060   Zero   RW          115    .bss.hdma_usart1_tx  usart.o
    0x20000470        -       0x00000060   Zero   RW          116    .bss.hdma_usart2_rx  usart.o
    0x200004d0        -       0x00000004   Zero   RW         1581    .bss.head_handle    multi_button.o
    0x200004d4        -       0x00000054   Zero   RW           53    .bss.hi2c1          i2c.o
    0x20000528        -       0x00000058   Zero   RW           72    .bss.hspi1          spi.o
    0x20000580        -       0x00000058   Zero   RW           73    .bss.hspi2          spi.o
    0x200005d8        -       0x00000058   Zero   RW           74    .bss.hspi3          spi.o
    0x20000630        -       0x00000048   Zero   RW           91    .bss.htim11         tim.o
    0x20000678        -       0x00000048   Zero   RW          113    .bss.huart1         usart.o
    0x200006c0        -       0x00000048   Zero   RW          114    .bss.huart2         usart.o
    0x20000708        -       0x00000001   Zero   RW          167    .bss.key_tick       stm32f4xx_it.o
    0x20000709        -       0x00000400   Zero   RW         1430    .bss.rx_buffer      usart_idel_config.o
    0x20000b09        -       0x00000200   Zero   RW           21    .bss.temp           main.o
    0x20000d09   0x0800974c   0x00000003   PAD
    0x20000d0c        -       0x00000004   Zero   RW          790    .bss.uwTick         stm32f4xx_hal.o
    0x20000d10        -       0x00000200   Zero   RW            2    HEAP                startup_stm32f401xc.o
    0x20000f10        -       0x00000400   Zero   RW            1    STACK               startup_stm32f401xc.o


==============================================================================

Image component sizes


      Code (inc. data)   RO Data    RW Data    ZI Data      Debug   Object Name

       186          0          0          0          0       2848   dma.o
       346          0          0          0          0       2194   gpio.o
       318          0          0          0        180       6529   i2c.o
       808          0          7          0        512       4421   main.o
      1898         10         15          0        137       5595   multi_button.o
       996          0          0          0        552       7228   spi.o
      1496          0          0          0        258      10621   st7789.o
        64         26        404          0       1536        820   startup_stm32f401xc.o
       270          0          0          5          4       6640   stm32f4xx_hal.o
       482          0          0          0          0       9181   stm32f4xx_hal_cortex.o
      2082          8          8          0          0       8424   stm32f4xx_hal_dma.o
       996          0          0          0          0       5061   stm32f4xx_hal_gpio.o
      6752          0          0          0          0      37574   stm32f4xx_hal_i2c.o
        74          0          0          0          0       1505   stm32f4xx_hal_msp.o
      2646          0          0          0          0       7621   stm32f4xx_hal_rcc.o
      4434          0          0          0          0      19423   stm32f4xx_hal_spi.o
      1268          0          0          0          0      35816   stm32f4xx_hal_tim.o
        16          0          0          0          0      15289   stm32f4xx_hal_tim_ex.o
      3700          0          0          0          0      20394   stm32f4xx_hal_uart.o
       266          0          0          0          1       2374   stm32f4xx_it.o
        18          0         24          4          0       2534   system_stm32f4xx.o
       138          0          0          0         72       6150   tim.o
       700          0          0          0        486       7669   usart.o
       218          0          0          0       1025       4963   usart_idel_config.o
        90          0          0          1          0       4416   w25qxx.o

    ----------------------------------------------------------------------
     30422         44        492         12       4772     235290   Object Totals
         0          0         32          0          0          0   (incl. Generated)
       160          0          2          2          9          0   (incl. Padding)

    ----------------------------------------------------------------------

      Code (inc. data)   RO Data    RW Data    ZI Data      Debug   Library Member Name

         8          0          0          0          0         68   __main.o
       392          4         17          0          0         92   __printf_flags_ss_wp.o
        14          0          0          0          0         68   __printf_wp.o
         0          0          0          0          0          0   __rtentry.o
        12          0          0          0          0          0   __rtentry2.o
         6          0          0          0          0          0   __rtentry4.o
        94          8          0          0          0          0   __scatter.o
        26          0          0          0          0          0   __scatter_copy.o
        28          0          0          0          0          0   __scatter_zi.o
        72          0          0          0          0         96   _c16rtomb.o
         6          0          0          0          0          0   _printf_a.o
         6          0          0          0          0          0   _printf_c.o
        44          0          0          0          0        108   _printf_char.o
        48          6          0          0          0         96   _printf_char_common.o
        40          0          0          0          0         68   _printf_charcount.o
         6          0          0          0          0          0   _printf_d.o
       120         16          0          0          0         92   _printf_dec.o
         6          0          0          0          0          0   _printf_e.o
         6          0          0          0          0          0   _printf_f.o
      1052          0          0          0          0        148   _printf_fp_dec.o
       764          8         38          0          0        100   _printf_fp_hex.o
       128         16          0          0          0         84   _printf_fp_infnan.o
         6          0          0          0          0          0   _printf_g.o
       148          4         40          0          0        160   _printf_hex_int_ll_ptr.o
         6          0          0          0          0          0   _printf_i.o
       178          0          0          0          0         88   _printf_intcommon.o
        10          0          0          0          0          0   _printf_l.o
         6          0          0          0          0          0   _printf_lc.o
        10          0          0          0          0          0   _printf_ll.o
         6          0          0          0          0          0   _printf_lld.o
         6          0          0          0          0          0   _printf_lli.o
         6          0          0          0          0          0   _printf_llo.o
         6          0          0          0          0          0   _printf_llu.o
         6          0          0          0          0          0   _printf_llx.o
       124         16          0          0          0         92   _printf_longlong_dec.o
         6          0          0          0          0          0   _printf_ls.o
         6          0          0          0          0          0   _printf_n.o
         6          0          0          0          0          0   _printf_o.o
       112          8          0          0          0        124   _printf_oct_int_ll.o
         6          0          0          0          0          0   _printf_p.o
        78          0          0          0          0        108   _printf_pad.o
         0          0          0          0          0          0   _printf_percent.o
         4          0          0          0          0          0   _printf_percent_end.o
         6          0          0          0          0          0   _printf_s.o
        82          0          0          0          0         80   _printf_str.o
        36          0          0          0          0         84   _printf_truncate.o
         6          0          0          0          0          0   _printf_u.o
        44          0          0          0          0        108   _printf_wchar.o
       188          6          8          0          0         92   _printf_wctomb.o
         6          0          0          0          0          0   _printf_x.o
        16          0          0          0          0         68   _snputc.o
       228          4        148          0          0         96   bigflt0.o
      1936        128          0          0          0        668   btod.o
        18          0          0          0          0         80   exit.o
         6          0          0          0          0        152   heapauxi.o
         0          0          0          0          0          0   indicate_semi.o
        44         10        272          0          0         76   lc_ctype_c.o
        44         10         28          0          0         76   lc_numeric_c.o
         2          0          0          0          0          0   libinit.o
        34          0          0          0          0          0   libinit2.o
         2          0          0          0          0          0   libshutdown.o
         2          0          0          0          0          0   libshutdown2.o
         8          4          0          0         96         68   libspace.o
       138          0          0          0          0         80   lludiv10.o
       240          0          0          0          0        100   lludivv7m.o
        16          4          0          0          0         76   rt_ctype_table.o
         8          4          0          0          0         68   rt_locale_intlibspace.o
        68          0          0          0          0         68   rt_memclr.o
        78          0          0          0          0         80   rt_memclr_w.o
         2          0          0          0          0          0   rtexit.o
        10          0          0          0          0          0   rtexit2.o
       124          0          0          0          0         88   strcmpv7em.o
        12          4          0          0          0         68   sys_exit.o
        74          0          0          0          0         80   sys_stackheap_outer.o
         2          0          0          0          0         68   use_no_semi.o
        60          4          0          0          0         80   vsnprintf.o
        26          0          0          0          0        116   fpinit.o
         4          0          0          0          0        116   printf1.o
         4          0          0          0          0        116   printf2.o
         0          0          0          0          0          0   usenofp.o
        48          0          0          0          0        124   fpclassify.o

    ----------------------------------------------------------------------
      7254        264        552          0         96       4568   Library Totals
        18          0          1          0          0          0   (incl. Padding)

    ----------------------------------------------------------------------

      Code (inc. data)   RO Data    RW Data    ZI Data      Debug   Library Name

      7154        264        551          0         96       4096   c_w.l
        34          0          0          0          0        348   fz_wm.l
        48          0          0          0          0        124   m_wm.l

    ----------------------------------------------------------------------
      7254        264        552          0         96       4568   Library Totals

    ----------------------------------------------------------------------

==============================================================================


      Code (inc. data)   RO Data    RW Data    ZI Data      Debug   

     37676        308       1044         12       4868     237082   Grand Totals
     37676        308       1044         12       4868     237082   ELF Image Totals
     37676        308       1044         12          0          0   ROM Totals

==============================================================================

    Total RO  Size (Code + RO Data)                38720 (  37.81kB)
    Total RW  Size (RW Data + ZI Data)              4880 (   4.77kB)
    Total ROM Size (Code + RO Data + RW Data)      38732 (  37.82kB)

==============================================================================

