Component: Arm Compiler for Embedded 6.21 Tool: armlink [5ec1fa00]

==============================================================================

Section Cross References

    startup_stm32f401xc.o(STACK) refers (Special) to heapauxi.o(.text) for __use_two_region_memory
    startup_stm32f401xc.o(HEAP) refers (Special) to heapauxi.o(.text) for __use_two_region_memory
    startup_stm32f401xc.o(RESET) refers (Special) to heapauxi.o(.text) for __use_two_region_memory
    startup_stm32f401xc.o(RESET) refers to startup_stm32f401xc.o(STACK) for __initial_sp
    startup_stm32f401xc.o(RESET) refers to startup_stm32f401xc.o(.text) for Reset_Handler
    startup_stm32f401xc.o(RESET) refers to stm32f4xx_it.o(.text.NMI_Handler) for NMI_Handler
    startup_stm32f401xc.o(RESET) refers to stm32f4xx_it.o(.text.HardFault_Handler) for HardFault_Handler
    startup_stm32f401xc.o(RESET) refers to stm32f4xx_it.o(.text.MemManage_Handler) for MemManage_Handler
    startup_stm32f401xc.o(RESET) refers to stm32f4xx_it.o(.text.BusFault_Handler) for BusFault_Handler
    startup_stm32f401xc.o(RESET) refers to stm32f4xx_it.o(.text.UsageFault_Handler) for UsageFault_Handler
    startup_stm32f401xc.o(RESET) refers to stm32f4xx_it.o(.text.SVC_Handler) for SVC_Handler
    startup_stm32f401xc.o(RESET) refers to stm32f4xx_it.o(.text.DebugMon_Handler) for DebugMon_Handler
    startup_stm32f401xc.o(RESET) refers to stm32f4xx_it.o(.text.PendSV_Handler) for PendSV_Handler
    startup_stm32f401xc.o(RESET) refers to stm32f4xx_it.o(.text.SysTick_Handler) for SysTick_Handler
    startup_stm32f401xc.o(RESET) refers to stm32f4xx_it.o(.text.DMA1_Stream0_IRQHandler) for DMA1_Stream0_IRQHandler
    startup_stm32f401xc.o(RESET) refers to stm32f4xx_it.o(.text.DMA1_Stream5_IRQHandler) for DMA1_Stream5_IRQHandler
    startup_stm32f401xc.o(RESET) refers to stm32f4xx_it.o(.text.DMA1_Stream6_IRQHandler) for DMA1_Stream6_IRQHandler
    startup_stm32f401xc.o(RESET) refers to stm32f4xx_it.o(.text.TIM1_TRG_COM_TIM11_IRQHandler) for TIM1_TRG_COM_TIM11_IRQHandler
    startup_stm32f401xc.o(RESET) refers to stm32f4xx_it.o(.text.I2C1_EV_IRQHandler) for I2C1_EV_IRQHandler
    startup_stm32f401xc.o(RESET) refers to stm32f4xx_it.o(.text.SPI1_IRQHandler) for SPI1_IRQHandler
    startup_stm32f401xc.o(RESET) refers to stm32f4xx_it.o(.text.USART1_IRQHandler) for USART1_IRQHandler
    startup_stm32f401xc.o(RESET) refers to stm32f4xx_it.o(.text.USART2_IRQHandler) for USART2_IRQHandler
    startup_stm32f401xc.o(RESET) refers to stm32f4xx_it.o(.text.DMA1_Stream7_IRQHandler) for DMA1_Stream7_IRQHandler
    startup_stm32f401xc.o(RESET) refers to stm32f4xx_it.o(.text.SPI3_IRQHandler) for SPI3_IRQHandler
    startup_stm32f401xc.o(RESET) refers to stm32f4xx_it.o(.text.DMA2_Stream3_IRQHandler) for DMA2_Stream3_IRQHandler
    startup_stm32f401xc.o(RESET) refers to stm32f4xx_it.o(.text.DMA2_Stream7_IRQHandler) for DMA2_Stream7_IRQHandler
    startup_stm32f401xc.o(.text) refers (Special) to heapauxi.o(.text) for __use_two_region_memory
    startup_stm32f401xc.o(.text) refers to system_stm32f4xx.o(.text.SystemInit) for SystemInit
    startup_stm32f401xc.o(.text) refers to __main.o(!!!main) for __main
    startup_stm32f401xc.o(.text) refers to startup_stm32f401xc.o(HEAP) for Heap_Mem
    startup_stm32f401xc.o(.text) refers to startup_stm32f401xc.o(STACK) for Stack_Mem
    main.o(.text.W25Q32_Show_On_LCD_DMA) refers to st7789.o(.text.ST7789_SetAddressWindow) for ST7789_SetAddressWindow
    main.o(.text.W25Q32_Show_On_LCD_DMA) refers to w25qxx.o(.text.W25Qxx_CS_Low) for W25Qxx_CS_Low
    main.o(.text.W25Q32_Show_On_LCD_DMA) refers to w25qxx.o(.text.W25Qxx_SPI_RW_Byte) for W25Qxx_SPI_RW_Byte
    main.o(.text.W25Q32_Show_On_LCD_DMA) refers to w25qxx.o(.data.W25Qxx_Address_Len) for W25Qxx_Address_Len
    main.o(.text.W25Q32_Show_On_LCD_DMA) refers to spi.o(.bss.hspi3) for hspi3
    main.o(.text.W25Q32_Show_On_LCD_DMA) refers to main.o(.bss.temp) for temp
    main.o(.text.W25Q32_Show_On_LCD_DMA) refers to st7789.o(.bss.dma_recv_complete) for dma_recv_complete
    main.o(.text.W25Q32_Show_On_LCD_DMA) refers to st7789.o(.bss.dma_transfer_complete) for dma_transfer_complete
    main.o(.text.W25Q32_Show_On_LCD_DMA) refers to stm32f4xx_hal_spi.o(.text.HAL_SPI_Receive_DMA) for HAL_SPI_Receive_DMA
    main.o(.text.W25Q32_Show_On_LCD_DMA) refers to st7789.o(.text.ST7789_Write_Datas) for ST7789_Write_Datas
    main.o(.text.W25Q32_Show_On_LCD_DMA) refers to w25qxx.o(.text.W25Qxx_CS_Hight) for W25Qxx_CS_Hight
    main.o(.ARM.exidx.text.W25Q32_Show_On_LCD_DMA) refers to main.o(.text.W25Q32_Show_On_LCD_DMA) for [Anonymous Symbol]
    main.o(.text.W25Q32_Show_On_LCD) refers to st7789.o(.text.ST7789_SetAddressWindow) for ST7789_SetAddressWindow
    main.o(.text.W25Q32_Show_On_LCD) refers to st7789.o(.bss.dma_transfer_complete) for dma_transfer_complete
    main.o(.text.W25Q32_Show_On_LCD) refers to w25qxx.o(.text.W25Qxx_Read_Data_P256) for W25Qxx_Read_Data_P256
[...]
    .bss                                     0x20000010   Section       96  libspace.o(.bss)
    _dbg_Buff                                0x20000071   Data         150  usart.o(.bss._dbg_Buff)
    [Anonymous Symbol]                       0x20000071   Section        0  usart.o(.bss._dbg_Buff)
    Heap_Mem                                 0x20000c88   Data         512  startup_stm32f401xc.o(HEAP)
    HEAP                                     0x20000c88   Section      512  startup_stm32f401xc.o(HEAP)
    Stack_Mem                                0x20000e88   Data        1024  startup_stm32f401xc.o(STACK)
    STACK                                    0x20000e88   Section     1024  startup_stm32f401xc.o(STACK)
    __initial_sp                             0x20001288   Data           0  startup_stm32f401xc.o(STACK)

    Global Symbols

    Symbol Name                              Value     Ov Type        Size  Object(Section)

    BuildAttributes$$THM_ISAv4$E$P$D$K$B$S$7EM$VFPi3$EXTD16$VFPS$VFMA$PE$A:L22UL41UL21$X:L11$S22US41US21$IEEE1$IW$~IW$USESV6$~STKCKD$USESV7$~SHL$OTIME$ROPI$IEEEJ$EBA8$UX$STANDARDLIB$REQ8$PRES8$EABIv2 0x00000000   Number         0  anon$$obj.o ABSOLUTE
    _printf_flags                            0x00000000   Number         0  printf_stubs.o ABSOLUTE
    _printf_return_value                     0x00000000   Number         0  printf_stubs.o ABSOLUTE
    _printf_sizespec                         0x00000000   Number         0  printf_stubs.o ABSOLUTE
    _printf_widthprec                        0x00000000   Number         0  printf_stubs.o ABSOLUTE
    __ARM_exceptions_init                     - Undefined Weak Reference
    __alloca_initialize                       - Undefined Weak Reference
    __arm_preinit_                            - Undefined Weak Reference
    __arm_relocate_pie_                       - Undefined Weak Reference
    __cpp_initialize__aeabi_                  - Undefined Weak Reference
    __cxa_finalize                            - Undefined Weak Reference
    __sigvec_lookup                           - Undefined Weak Reference
    __user_heap_extent                        - Undefined Weak Reference
    _atexit_init                              - Undefined Weak Reference
    _call_atexit_fns                          - Undefined Weak Reference
    _clock_init                               - Undefined Weak Reference
    _fp_trap_init                             - Undefined Weak Reference
    _fp_trap_shutdown                         - Undefined Weak Reference
    _get_lc_collate                           - Undefined Weak Reference
    _get_lc_monetary                          - Undefined Weak Reference
    _get_lc_time                              - Undefined Weak Reference
    _getenv_init                              - Undefined Weak Reference
    _handle_redirection                       - Undefined Weak Reference
    _mutex_acquire                            - Undefined Weak Reference
    _mutex_free                               - Undefined Weak Reference
    _mutex_release                            - Undefined Weak Reference
    _printf_mbtowc                            - Undefined Weak Reference
    _printf_wc                                - Undefined Weak Reference
    _rand_init                                - Undefined Weak Reference
    _scanf_longlong                           - Undefined Weak Reference
    _scanf_mbtowc                             - Undefined Weak Reference
    _scanf_real                               - Undefined Weak Reference
    _scanf_string                             - Undefined Weak Reference
    _scanf_wctomb                             - Undefined Weak Reference
    _scanf_wstring                            - Undefined Weak Reference
    _signal_finish                            - Undefined Weak Reference
    _signal_init                              - Undefined Weak Reference
    __Vectors_Size                           0x00000194   Number         0  startup_stm32f401xc.o ABSOLUTE
    __Vectors                                0x08000000   Data           4  startup_stm32f401xc.o(RESET)
    __Vectors_End                            0x08000194   Data           0  startup_stm32f401xc.o(RESET)
    __main                                   0x08000195   Thumb Code     8  __main.o(!!!main)
    __scatterload                            0x0800019d   Thumb Code     0  __scatter.o(!!!scatter)
    __scatterload_rt2                        0x0800019d   Thumb Code    84  __scatter.o(!!!scatter)
    __scatterload_rt2_thumb_only             0x0800019d   Thumb Code     0  __scatter.o(!!!scatter)
    __scatterload_loop                       0x080001a7   Thumb Code     0  __scatter.o(!!!scatter)
    __scatterload_copy                       0x080001f9   Thumb Code    26  __scatter_copy.o(!!handler_copy)
    __scatterload_null                       0x08000215   Thumb Code     2  __scatter.o(!!handler_null)
    __scatterload_zeroinit                   0x08000219   Thumb Code    28  __scatter_zi.o(!!handler_zi)
    _printf_n                                0x08000235   Thumb Code     0  _printf_n.o(.ARM.Collect$$_printf_percent$$00000001)
    _printf_percent                          0x08000235   Thumb Code     0  _printf_percent.o(.ARM.Collect$$_printf_percent$$00000000)
    _printf_p                                0x0800023b   Thumb Code     0  _printf_p.o(.ARM.Collect$$_printf_percent$$00000002)
    _printf_f                                0x08000241   Thumb Code     0  _printf_f.o(.ARM.Collect$$_printf_percent$$00000003)
    _printf_e                                0x08000247   Thumb Code     0  _printf_e.o(.ARM.Collect$$_printf_percent$$00000004)
    _printf_g                                0x0800024d   Thumb Code     0  _printf_g.o(.ARM.Collect$$_printf_percent$$00000005)
    _printf_a                                0x08000253   Thumb Code     0  _printf_a.o(.ARM.Collect$$_printf_percent$$00000006)
    _printf_ll                               0x08000259   Thumb Code     0  _printf_ll.o(.ARM.Collect$$_printf_percent$$00000007)
    _printf_i                                0x08000263   Thumb Code     0  _printf_i.o(.ARM.Collect$$_printf_percent$$00000008)
    _printf_d                                0x08000269   Thumb Code     0  _printf_d.o(.ARM.Collect$$_printf_percent$$00000009)
    _printf_u                                0x0800026f   Thumb Code     0  _printf_u.o(.ARM.Collect$$_printf_percent$$0000000A)
    _printf_o                                0x08000275   Thumb Code     0  _printf_o.o(.ARM.Collect$$_printf_percent$$0000000B)
    _printf_x                                0x0800027b   Thumb Code     0  _printf_x.o(.ARM.Collect$$_printf_percent$$0000000C)
    _printf_lli                              0x08000281   Thumb Code     0  _printf_lli.o(.ARM.Collect$$_printf_percent$$0000000D)
    _printf_lld                              0x08000287   Thumb Code     0  _printf_lld.o(.ARM.Collect$$_printf_percent$$0000000E)
    _printf_llu                              0x0800028d   Thumb Code     0  _printf_llu.o(.ARM.Collect$$_printf_percent$$0000000F)
    _printf_llo                              0x08000293   Thumb Code     0  _printf_llo.o(.ARM.Collect$$_printf_percent$$00000010)
    _printf_llx                              0x08000299   Thumb Code     0  _printf_llx.o(.ARM.Collect$$_printf_percent$$00000011)
    _printf_l                                0x0800029f   Thumb Code     0  _printf_l.o(.ARM.Collect$$_printf_percent$$00000012)
    _printf_c                                0x080002a9   Thumb Code     0  _printf_c.o(.ARM.Collect$$_printf_percent$$00000013)
    _printf_s                                0x080002af   Thumb Code     0  _printf_s.o(.ARM.Collect$$_printf_percent$$00000014)
    _printf_lc                               0x080002b5   Thumb Code     0  _printf_lc.o(.ARM.Collect$$_printf_percent$$00000015)
    _printf_ls                               0x080002bb   Thumb Code     0  _printf_ls.o(.ARM.Collect$$_printf_percent$$00000016)
    _printf_percent_end                      0x080002c1   Thumb Code     0  _printf_percent_end.o(.ARM.Collect$$_printf_percent$$00000017)
    __rt_lib_init                            0x080002c5   Thumb Code     0  libinit.o(.ARM.Collect$$libinit$$00000000)
    __rt_lib_init_fp_1                       0x080002c7   Thumb Code     0  libinit2.o(.ARM.Collect$$libinit$$00000001)
    __rt_lib_init_heap_1                     0x080002cb   Thumb Code     0  libinit2.o(.ARM.Collect$$libinit$$0000000C)
    __rt_lib_init_lc_common                  0x080002cb   Thumb Code     0  libinit2.o(.ARM.Collect$$libinit$$00000011)
    __rt_lib_init_preinit_1                  0x080002cb   Thumb Code     0  libinit2.o(.ARM.Collect$$libinit$$00000006)
    __rt_lib_init_rand_1                     0x080002cb   Thumb Code     0  libinit2.o(.ARM.Collect$$libinit$$00000010)
    __rt_lib_init_relocate_pie_1             0x080002cb   Thumb Code     0  libinit2.o(.ARM.Collect$$libinit$$00000004)
    __rt_lib_init_user_alloc_1               0x080002cb   Thumb Code     0  libinit2.o(.ARM.Collect$$libinit$$0000000E)
    __rt_lib_init_lc_collate_1               0x080002d1   Thumb Code     0  libinit2.o(.ARM.Collect$$libinit$$00000013)
    __rt_lib_init_lc_ctype_2                 0x080002d1   Thumb Code     0  libinit2.o(.ARM.Collect$$libinit$$00000014)
    __rt_lib_init_lc_ctype_1                 0x080002dd   Thumb Code     0  libinit2.o(.ARM.Collect$$libinit$$00000015)
    __rt_lib_init_lc_monetary_1              0x080002dd   Thumb Code     0  libinit2.o(.ARM.Collect$$libinit$$00000017)
    __rt_lib_init_lc_numeric_2               0x080002dd   Thumb Code     0  libinit2.o(.ARM.Collect$$libinit$$00000018)
    __rt_lib_init_alloca_1                   0x080002e7   Thumb Code     0  libinit2.o(.ARM.Collect$$libinit$$00000030)
    __rt_lib_init_argv_1                     0x080002e7   Thumb Code     0  libinit2.o(.ARM.Collect$$libinit$$0000002E)
    __rt_lib_init_atexit_1                   0x080002e7   Thumb Code     0  libinit2.o(.ARM.Collect$$libinit$$0000001D)
    __rt_lib_init_clock_1                    0x080002e7   Thumb Code     0  libinit2.o(.ARM.Collect$$libinit$$00000023)
    __rt_lib_init_cpp_1                      0x080002e7   Thumb Code     0  libinit2.o(.ARM.Collect$$libinit$$00000034)
    __rt_lib_init_exceptions_1               0x080002e7   Thumb Code     0  libinit2.o(.ARM.Collect$$libinit$$00000032)
    __rt_lib_init_fp_trap_1                  0x080002e7   Thumb Code     0  libinit2.o(.ARM.Collect$$libinit$$00000021)
    __rt_lib_init_getenv_1                   0x080002e7   Thumb Code     0  libinit2.o(.ARM.Collect$$libinit$$00000025)
    __rt_lib_init_lc_numeric_1               0x080002e7   Thumb Code     0  libinit2.o(.ARM.Collect$$libinit$$00000019)
    __rt_lib_init_lc_time_1                  0x080002e7   Thumb Code     0  libinit2.o(.ARM.Collect$$libinit$$0000001B)
    __rt_lib_init_return                     0x080002e7   Thumb Code     0  libinit2.o(.ARM.Collect$$libinit$$00000035)
    __rt_lib_init_signal_1                   0x080002e7   Thumb Code     0  libinit2.o(.ARM.Collect$$libinit$$0000001F)
    __rt_lib_init_stdio_1                    0x080002e7   Thumb Code     0  libinit2.o(.ARM.Collect$$libinit$$00000027)
    __rt_lib_shutdown                        0x080002e9   Thumb Code     0  libshutdown.o(.ARM.Collect$$libshutdown$$00000000)
    __rt_lib_shutdown_cpp_1                  0x080002eb   Thumb Code     0  libshutdown2.o(.ARM.Collect$$libshutdown$$00000002)
    __rt_lib_shutdown_fp_trap_1              0x080002eb   Thumb Code     0  libshutdown2.o(.ARM.Collect$$libshutdown$$00000007)
    __rt_lib_shutdown_heap_1                 0x080002eb   Thumb Code     0  libshutdown2.o(.ARM.Collect$$libshutdown$$0000000F)
    __rt_lib_shutdown_return                 0x080002eb   Thumb Code     0  libshutdown2.o(.ARM.Collect$$libshutdown$$00000010)
    __rt_lib_shutdown_signal_1               0x080002eb   Thumb Code     0  libshutdown2.o(.ARM.Collect$$libshutdown$$0000000A)
    __rt_lib_shutdown_stdio_1                0x080002eb   Thumb Code     0  libshutdown2.o(.ARM.Collect$$libshutdown$$00000004)
    __rt_lib_shutdown_user_alloc_1           0x080002eb   Thumb Code     0  libshutdown2.o(.ARM.Collect$$libshutdown$$0000000C)
    __rt_entry                               0x080002ed   Thumb Code     0  __rtentry.o(.ARM.Collect$$rtentry$$00000000)
    __rt_entry_presh_1                       0x080002ed   Thumb Code     0  __rtentry2.o(.ARM.Collect$$rtentry$$00000002)
    __rt_entry_sh                            0x080002ed   Thumb Code     0  __rtentry4.o(.ARM.Collect$$rtentry$$00000004)
    __rt_entry_li                            0x080002f3   Thumb Code     0  __rtentry2.o(.ARM.Collect$$rtentry$$0000000A)
    __rt_entry_postsh_1                      0x080002f3   Thumb Code     0  __rtentry2.o(.ARM.Collect$$rtentry$$00000009)
    __rt_entry_main                          0x080002f7   Thumb Code     0  __rtentry2.o(.ARM.Collect$$rtentry$$0000000D)
    __rt_entry_postli_1                      0x080002f7   Thumb Code     0  __rtentry2.o(.ARM.Collect$$rtentry$$0000000C)
    __rt_exit                                0x080002ff   Thumb Code     0  rtexit.o(.ARM.Collect$$rtexit$$00000000)
    __rt_exit_ls                             0x08000301   Thumb Code     0  rtexit2.o(.ARM.Collect$$rtexit$$00000003)
    __rt_exit_prels_1                        0x08000301   Thumb Code     0  rtexit2.o(.ARM.Collect$$rtexit$$00000002)
    __rt_exit_exit                           0x08000305   Thumb Code     0  rtexit2.o(.ARM.Collect$$rtexit$$00000004)
    Reset_Handler                            0x0800030d   Thumb Code     8  startup_stm32f401xc.o(.text)
    ADC_IRQHandler                           0x08000327   Thumb Code     0  startup_stm32f401xc.o(.text)
    DMA1_Stream1_IRQHandler                  0x08000327   Thumb Code     0  startup_stm32f401xc.o(.text)
    DMA1_Stream2_IRQHandler                  0x08000327   Thumb Code     0  startup_stm32f401xc.o(.text)
    DMA1_Stream3_IRQHandler                  0x08000327   Thumb Code     0  startup_stm32f401xc.o(.text)
    DMA1_Stream4_IRQHandler                  0x08000327   Thumb Code     0  startup_stm32f401xc.o(.text)
    DMA2_Stream0_IRQHandler                  0x08000327   Thumb Code     0  startup_stm32f401xc.o(.text)
    DMA2_Stream1_IRQHandler                  0x08000327   Thumb Code     0  startup_stm32f401xc.o(.text)
    DMA2_Stream2_IRQHandler                  0x08000327   Thumb Code     0  startup_stm32f401xc.o(.text)
    DMA2_Stream4_IRQHandler                  0x08000327   Thumb Code     0  startup_stm32f401xc.o(.text)
    DMA2_Stream5_IRQHandler                  0x08000327   Thumb Code     0  startup_stm32f401xc.o(.text)
    DMA2_Stream6_IRQHandler                  0x08000327   Thumb Code     0  startup_stm32f401xc.o(.text)
    EXTI0_IRQHandler                         0x08000327   Thumb Code     0  startup_stm32f401xc.o(.text)
    EXTI15_10_IRQHandler                     0x08000327   Thumb Code     0  startup_stm32f401xc.o(.text)
    EXTI1_IRQHandler                         0x08000327   Thumb Code     0  startup_stm32f401xc.o(.text)
    EXTI2_IRQHandler                         0x08000327   Thumb Code     0  startup_stm32f401xc.o(.text)
    EXTI3_IRQHandler                         0x08000327   Thumb Code     0  startup_stm32f401xc.o(.text)
    EXTI4_IRQHandler                         0x08000327   Thumb Code     0  startup_stm32f401xc.o(.text)
    EXTI9_5_IRQHandler                       0x08000327   Thumb Code     0  startup_stm32f401xc.o(.text)
    FLASH_IRQHandler                         0x08000327   Thumb Code     0  startup_stm32f401xc.o(.text)
    FPU_IRQHandler                           0x08000327   Thumb Code     0  startup_stm32f401xc.o(.text)
    I2C1_ER_IRQHandler                       0x08000327   Thumb Code     0  startup_stm32f401xc.o(.text)
    I2C2_ER_IRQHandler                       0x08000327   Thumb Code     0  startup_stm32f401xc.o(.text)
    I2C2_EV_IRQHandler                       0x08000327   Thumb Code     0  startup_stm32f401xc.o(.text)
    I2C3_ER_IRQHandler                       0x08000327   Thumb Code     0  startup_stm32f401xc.o(.text)
    I2C3_EV_IRQHandler                       0x08000327   Thumb Code     0  startup_stm32f401xc.o(.text)
    OTG_FS_IRQHandler                        0x08000327   Thumb Code     0  startup_stm32f401xc.o(.text)
    OTG_FS_WKUP_IRQHandler                   0x08000327   Thumb Code     0  startup_stm32f401xc.o(.text)
    PVD_IRQHandler                           0x08000327   Thumb Code     0  startup_stm32f401xc.o(.text)
    RCC_IRQHandler                           0x08000327   Thumb Code     0  startup_stm32f401xc.o(.text)
    RTC_Alarm_IRQHandler                     0x08000327   Thumb Code     0  startup_stm32f401xc.o(.text)
    RTC_WKUP_IRQHandler                      0x08000327   Thumb Code     0  startup_stm32f401xc.o(.text)
    SDIO_IRQHandler                          0x08000327   Thumb Code     0  startup_stm32f401xc.o(.text)
    SPI2_IRQHandler                          0x08000327   Thumb Code     0  startup_stm32f401xc.o(.text)
    SPI4_IRQHandler                          0x08000327   Thumb Code     0  startup_stm32f401xc.o(.text)
    TAMP_STAMP_IRQHandler                    0x08000327   Thumb Code     0  startup_stm32f401xc.o(.text)
    TIM1_BRK_TIM9_IRQHandler                 0x08000327   Thumb Code     0  startup_stm32f401xc.o(.text)
    TIM1_CC_IRQHandler                       0x08000327   Thumb Code     0  startup_stm32f401xc.o(.text)
    TIM1_UP_TIM10_IRQHandler                 0x08000327   Thumb Code     0  startup_stm32f401xc.o(.text)
    TIM2_IRQHandler                          0x08000327   Thumb Code     0  startup_stm32f401xc.o(.text)
    TIM3_IRQHandler                          0x08000327   Thumb Code     0  startup_stm32f401xc.o(.text)
    TIM4_IRQHandler                          0x08000327   Thumb Code     0  startup_stm32f401xc.o(.text)
    TIM5_IRQHandler                          0x08000327   Thumb Code     0  startup_stm32f401xc.o(.text)
    USART6_IRQHandler                        0x08000327   Thumb Code     0  startup_stm32f401xc.o(.text)
    WWDG_IRQHandler                          0x08000327   Thumb Code     0  startup_stm32f401xc.o(.text)
    __user_initial_stackheap                 0x08000329   Thumb Code     0  startup_stm32f401xc.o(.text)
    __aeabi_uldivmod                         0x0800034d   Thumb Code     0  lludivv7m.o(.text)
    _ll_udiv                                 0x0800034d   Thumb Code   240  lludivv7m.o(.text)
    vsnprintf                                0x0800043d   Thumb Code    56  vsnprintf.o(.text)
    _printf_pre_padding                      0x08000479   Thumb Code    44  _printf_pad.o(.text)
    _printf_post_padding                     0x080004a5   Thumb Code    34  _printf_pad.o(.text)
    _printf_longlong_hex                     0x080004c9   Thumb Code    86  _printf_hex_int_ll_ptr.o(.text)
    _printf_int_hex                          0x0800051f   Thumb Code    28  _printf_hex_int_ll_ptr.o(.text)
    _printf_ll_hex                           0x0800053b   Thumb Code    12  _printf_hex_int_ll_ptr.o(.text)
    _printf_hex_ptr                          0x08000547   Thumb Code    18  _printf_hex_int_ll_ptr.o(.text)
    __printf                                 0x0800055d   Thumb Code   388  __printf_flags_ss_wp.o(.text)
    _scanf_int                               0x080006e5   Thumb Code   332  _scanf_int.o(.text)
    __aeabi_memclr4                          0x08000831   Thumb Code     0  rt_memclr_w.o(.text)
    __aeabi_memclr8                          0x08000831   Thumb Code     0  rt_memclr_w.o(.text)
    __rt_memclr_w                            0x08000831   Thumb Code     0  rt_memclr_w.o(.text)
    _memset_w                                0x08000835   Thumb Code    74  rt_memclr_w.o(.text)
    __use_two_region_memory                  0x0800087f   Thumb Code     2  heapauxi.o(.text)
    __rt_heap_escrow                         0x08000881   Thumb Code     2  heapauxi.o(.text)
    __rt_heap_expand                         0x08000883   Thumb Code     2  heapauxi.o(.text)
    _printf_truncate_signed                  0x08000885   Thumb Code    18  _printf_truncate.o(.text)
    _printf_truncate_unsigned                0x08000897   Thumb Code    18  _printf_truncate.o(.text)
    _printf_str                              0x080008a9   Thumb Code    82  _printf_str.o(.text)
    _printf_int_common                       0x080008fb   Thumb Code   178  _printf_intcommon.o(.text)
    _printf_int_dec                          0x080009ad   Thumb Code   104  _printf_dec.o(.text)
    _printf_charcount                        0x08000a25   Thumb Code    40  _printf_charcount.o(.text)
    _printf_char_common                      0x08000a57   Thumb Code    32  _printf_char_common.o(.text)
    _snputc                                  0x08000a7d   Thumb Code    16  _snputc.o(.text)
    _printf_wctomb                           0x08000a8d   Thumb Code   182  _printf_wctomb.o(.text)
    _printf_longlong_dec                     0x08000b49   Thumb Code   108  _printf_longlong_dec.o(.text)
    _printf_longlong_oct                     0x08000bc5   Thumb Code    68  _printf_oct_int_ll.o(.text)
    _printf_int_oct                          0x08000c09   Thumb Code    24  _printf_oct_int_ll.o(.text)
    _printf_ll_oct                           0x08000c21   Thumb Code    12  _printf_oct_int_ll.o(.text)
    _chval                                   0x08000c35   Thumb Code    28  _chval.o(.text)
    _ll_udiv10                               0x08000c51   Thumb Code   138  lludiv10.o(.text)
    _printf_fp_dec_real                      0x08000e8b   Thumb Code   620  _printf_fp_dec.o(.text)
    _printf_fp_hex_real                      0x080010f9   Thumb Code   756  _printf_fp_hex.o(.text)
    _printf_cs_common                        0x080013f5   Thumb Code    20  _printf_char.o(.text)
    _printf_char                             0x08001409   Thumb Code    16  _printf_char.o(.text)
    _printf_string                           0x08001419   Thumb Code     8  _printf_char.o(.text)
    _printf_lcs_common                       0x08001421   Thumb Code    20  _printf_wchar.o(.text)
    _printf_wchar                            0x08001435   Thumb Code    16  _printf_wchar.o(.text)
    _printf_wstring                          0x08001445   Thumb Code     8  _printf_wchar.o(.text)
    _c16rtomb                                0x0800144d   Thumb Code    72  _c16rtomb.o(.text)
    _wcrtomb                                 0x0800144d   Thumb Code     0  _c16rtomb.o(.text)
    __user_setup_stackheap                   0x08001495   Thumb Code    74  sys_stackheap_outer.o(.text)
    __rt_ctype_table                         0x080014e1   Thumb Code    16  rt_ctype_table.o(.text)
    __rt_locale                              0x080014f1   Thumb Code     8  rt_locale_intlibspace.o(.text)
    _printf_fp_infnan                        0x080014f9   Thumb Code   112  _printf_fp_infnan.o(.text)
    _btod_etento                             0x08001579   Thumb Code   224  bigflt0.o(.text)
    exit                                     0x0800165d   Thumb Code    18  exit.o(.text)
    __user_libspace                          0x08001671   Thumb Code     8  libspace.o(.text)
    __user_perproc_libspace                  0x08001671   Thumb Code     0  libspace.o(.text)
    __user_perthread_libspace                0x08001671   Thumb Code     0  libspace.o(.text)
    strcmp                                   0x08001679   Thumb Code   124  strcmpv7em.o(.text)
    _sys_exit                                0x080016f5   Thumb Code     8  sys_exit.o(.text)
    __I$use$semihosting                      0x08001701   Thumb Code     0  use_no_semi.o(.text)
    __use_no_semihosting_swi                 0x08001701   Thumb Code     2  use_no_semi.o(.text)
    __semihosting_library_function           0x08001703   Thumb Code     0  indicate_semi.o(.text)
    BusFault_Handler                         0x08001705   Thumb Code     2  stm32f4xx_it.o(.text.BusFault_Handler)
    DMA1_Stream0_IRQHandler                  0x08001709   Thumb Code    12  stm32f4xx_it.o(.text.DMA1_Stream0_IRQHandler)
    DMA1_Stream5_IRQHandler                  0x08001715   Thumb Code    12  stm32f4xx_it.o(.text.DMA1_Stream5_IRQHandler)
    DMA1_Stream6_IRQHandler                  0x08001721   Thumb Code    12  stm32f4xx_it.o(.text.DMA1_Stream6_IRQHandler)
    DMA1_Stream7_IRQHandler                  0x0800172d   Thumb Code    12  stm32f4xx_it.o(.text.DMA1_Stream7_IRQHandler)
    DMA2_Stream3_IRQHandler                  0x08001739   Thumb Code    12  stm32f4xx_it.o(.text.DMA2_Stream3_IRQHandler)
    DMA2_Stream7_IRQHandler                  0x08001745   Thumb Code    12  stm32f4xx_it.o(.text.DMA2_Stream7_IRQHandler)
    DebugMon_Handler                         0x08001751   Thumb Code     2  stm32f4xx_it.o(.text.DebugMon_Handler)
    Error_Handler                            0x08001755   Thumb Code     6  main.o(.text.Error_Handler)
    HAL_DMA_Abort                            0x0800175d   Thumb Code   128  stm32f4xx_hal_dma.o(.text.HAL_DMA_Abort)
    HAL_DMA_Abort_IT                         0x080017dd   Thumb Code    36  stm32f4xx_hal_dma.o(.text.HAL_DMA_Abort_IT)
    HAL_DMA_GetState                         0x08001801   Thumb Code     6  stm32f4xx_hal_dma.o(.text.HAL_DMA_GetState)
    HAL_DMA_IRQHandler                       0x08001809   Thumb Code   394  stm32f4xx_hal_dma.o(.text.HAL_DMA_IRQHandler)
    HAL_DMA_Init                             0x08001995   Thumb Code   318  stm32f4xx_hal_dma.o(.text.HAL_DMA_Init)
    HAL_DMA_Start_IT                         0x08001ad5   Thumb Code   160  stm32f4xx_hal_dma.o(.text.HAL_DMA_Start_IT)
    HAL_Delay                                0x08001b75   Thumb Code    40  stm32f4xx_hal.o(.text.HAL_Delay)
    HAL_GPIO_Init                            0x08001b9d   Thumb Code   408  stm32f4xx_hal_gpio.o(.text.HAL_GPIO_Init)
    HAL_GPIO_TogglePin                       0x08001d35   Thumb Code    16  stm32f4xx_hal_gpio.o(.text.HAL_GPIO_TogglePin)
    HAL_GPIO_WritePin                        0x08001d45   Thumb Code    10  stm32f4xx_hal_gpio.o(.text.HAL_GPIO_WritePin)
    HAL_GetTick                              0x08001d51   Thumb Code    12  stm32f4xx_hal.o(.text.HAL_GetTick)
    HAL_I2C_AbortCpltCallback                0x08001d5d   Thumb Code     2  stm32f4xx_hal_i2c.o(.text.HAL_I2C_AbortCpltCallback)
    HAL_I2C_AddrCallback                     0x08001d61   Thumb Code     2  stm32f4xx_hal_i2c.o(.text.HAL_I2C_AddrCallback)
    HAL_I2C_EV_IRQHandler                    0x08001d65   Thumb Code  1444  stm32f4xx_hal_i2c.o(.text.HAL_I2C_EV_IRQHandler)
    HAL_I2C_ErrorCallback                    0x08002309   Thumb Code     2  stm32f4xx_hal_i2c.o(.text.HAL_I2C_ErrorCallback)
    HAL_I2C_Init                             0x0800230d   Thumb Code   368  stm32f4xx_hal_i2c.o(.text.HAL_I2C_Init)
    HAL_I2C_ListenCpltCallback               0x0800247d   Thumb Code     2  stm32f4xx_hal_i2c.o(.text.HAL_I2C_ListenCpltCallback)
    HAL_I2C_MasterRxCpltCallback             0x08002481   Thumb Code     2  stm32f4xx_hal_i2c.o(.text.HAL_I2C_MasterRxCpltCallback)
    HAL_I2C_MasterTxCpltCallback             0x08002485   Thumb Code     2  stm32f4xx_hal_i2c.o(.text.HAL_I2C_MasterTxCpltCallback)
    HAL_I2C_MemRxCpltCallback                0x08002489   Thumb Code     2  stm32f4xx_hal_i2c.o(.text.HAL_I2C_MemRxCpltCallback)
    HAL_I2C_MemTxCpltCallback                0x0800248d   Thumb Code     2  stm32f4xx_hal_i2c.o(.text.HAL_I2C_MemTxCpltCallback)
    HAL_I2C_MspInit                          0x08002491   Thumb Code   192  i2c.o(.text.HAL_I2C_MspInit)
    HAL_I2C_SlaveRxCpltCallback              0x08002551   Thumb Code     2  stm32f4xx_hal_i2c.o(.text.HAL_I2C_SlaveRxCpltCallback)
    HAL_I2C_SlaveTxCpltCallback              0x08002555   Thumb Code     2  stm32f4xx_hal_i2c.o(.text.HAL_I2C_SlaveTxCpltCallback)
    HAL_IncTick                              0x08002559   Thumb Code    26  stm32f4xx_hal.o(.text.HAL_IncTick)
    HAL_Init                                 0x08002575   Thumb Code    54  stm32f4xx_hal.o(.text.HAL_Init)
    HAL_InitTick                             0x080025ad   Thumb Code    80  stm32f4xx_hal.o(.text.HAL_InitTick)
    HAL_MspInit                              0x080025fd   Thumb Code    56  stm32f4xx_hal_msp.o(.text.HAL_MspInit)
    HAL_NVIC_EnableIRQ                       0x08002635   Thumb Code    32  stm32f4xx_hal_cortex.o(.text.HAL_NVIC_EnableIRQ)
    HAL_NVIC_SetPriority                     0x08002655   Thumb Code    86  stm32f4xx_hal_cortex.o(.text.HAL_NVIC_SetPriority)
    HAL_NVIC_SetPriorityGrouping             0x080026ad   Thumb Code    32  stm32f4xx_hal_cortex.o(.text.HAL_NVIC_SetPriorityGrouping)
    HAL_RCC_ClockConfig                      0x080026cd   Thumb Code   352  stm32f4xx_hal_rcc.o(.text.HAL_RCC_ClockConfig)
    HAL_RCC_GetPCLK1Freq                     0x0800282d   Thumb Code    38  stm32f4xx_hal_rcc.o(.text.HAL_RCC_GetPCLK1Freq)
    HAL_RCC_GetPCLK2Freq                     0x08002855   Thumb Code    38  stm32f4xx_hal_rcc.o(.text.HAL_RCC_GetPCLK2Freq)
    HAL_RCC_GetSysClockFreq                  0x0800287d   Thumb Code   104  stm32f4xx_hal_rcc.o(.text.HAL_RCC_GetSysClockFreq)
    HAL_RCC_OscConfig                        0x080028e5   Thumb Code   852  stm32f4xx_hal_rcc.o(.text.HAL_RCC_OscConfig)
    HAL_SPI_ErrorCallback                    0x08002c39   Thumb Code     2  stm32f4xx_hal_spi.o(.text.HAL_SPI_ErrorCallback)
    HAL_SPI_IRQHandler                       0x08002c3d   Thumb Code   274  stm32f4xx_hal_spi.o(.text.HAL_SPI_IRQHandler)
    HAL_SPI_Init                             0x08002d51   Thumb Code   180  stm32f4xx_hal_spi.o(.text.HAL_SPI_Init)
    HAL_SPI_MspInit                          0x08002e05   Thumb Code   578  spi.o(.text.HAL_SPI_MspInit)
    HAL_SPI_Receive_DMA                      0x08003049   Thumb Code   236  stm32f4xx_hal_spi.o(.text.HAL_SPI_Receive_DMA)
    HAL_SPI_RxCpltCallback                   0x08003135   Thumb Code    28  st7789.o(.text.HAL_SPI_RxCpltCallback)
    HAL_SPI_RxHalfCpltCallback               0x08003151   Thumb Code     2  stm32f4xx_hal_spi.o(.text.HAL_SPI_RxHalfCpltCallback)
    HAL_SPI_TransmitReceive                  0x08003155   Thumb Code   598  stm32f4xx_hal_spi.o(.text.HAL_SPI_TransmitReceive)
    HAL_SPI_TransmitReceive_DMA              0x080033ad   Thumb Code   292  stm32f4xx_hal_spi.o(.text.HAL_SPI_TransmitReceive_DMA)
    HAL_SPI_Transmit_DMA                     0x080034d1   Thumb Code   204  stm32f4xx_hal_spi.o(.text.HAL_SPI_Transmit_DMA)
    HAL_SPI_TxCpltCallback                   0x0800359d   Thumb Code    28  st7789.o(.text.HAL_SPI_TxCpltCallback)
    HAL_SPI_TxHalfCpltCallback               0x080035b9   Thumb Code     2  stm32f4xx_hal_spi.o(.text.HAL_SPI_TxHalfCpltCallback)
    HAL_SPI_TxRxCpltCallback                 0x080035bd   Thumb Code     2  stm32f4xx_hal_spi.o(.text.HAL_SPI_TxRxCpltCallback)
    HAL_SPI_TxRxHalfCpltCallback             0x080035c1   Thumb Code     2  stm32f4xx_hal_spi.o(.text.HAL_SPI_TxRxHalfCpltCallback)
    HAL_SYSTICK_Config                       0x080035c5   Thumb Code    44  stm32f4xx_hal_cortex.o(.text.HAL_SYSTICK_Config)
    HAL_TIMEx_BreakCallback                  0x080035f1   Thumb Code     2  stm32f4xx_hal_tim_ex.o(.text.HAL_TIMEx_BreakCallback)
    HAL_TIMEx_CommutCallback                 0x080035f5   Thumb Code     2  stm32f4xx_hal_tim_ex.o(.text.HAL_TIMEx_CommutCallback)
    HAL_TIM_Base_Init                        0x080035f9   Thumb Code    90  stm32f4xx_hal_tim.o(.text.HAL_TIM_Base_Init)
    HAL_TIM_Base_MspInit                     0x08003655   Thumb Code    72  tim.o(.text.HAL_TIM_Base_MspInit)
    HAL_TIM_Base_Start_IT                    0x0800369d   Thumb Code   132  stm32f4xx_hal_tim.o(.text.HAL_TIM_Base_Start_IT)
    HAL_TIM_IC_CaptureCallback               0x08003721   Thumb Code     2  stm32f4xx_hal_tim.o(.text.HAL_TIM_IC_CaptureCallback)
    HAL_TIM_IRQHandler                       0x08003725   Thumb Code   330  stm32f4xx_hal_tim.o(.text.HAL_TIM_IRQHandler)
    HAL_TIM_OC_DelayElapsedCallback          0x08003871   Thumb Code     2  stm32f4xx_hal_tim.o(.text.HAL_TIM_OC_DelayElapsedCallback)
    HAL_TIM_PWM_PulseFinishedCallback        0x08003875   Thumb Code     2  stm32f4xx_hal_tim.o(.text.HAL_TIM_PWM_PulseFinishedCallback)
    HAL_TIM_PeriodElapsedCallback            0x08003879   Thumb Code     2  stm32f4xx_hal_tim.o(.text.HAL_TIM_PeriodElapsedCallback)
    HAL_TIM_TriggerCallback                  0x0800387d   Thumb Code     2  stm32f4xx_hal_tim.o(.text.HAL_TIM_TriggerCallback)
    HAL_UARTEx_ReceiveToIdle_DMA             0x08003881   Thumb Code    92  stm32f4xx_hal_uart.o(.text.HAL_UARTEx_ReceiveToIdle_DMA)
    HAL_UARTEx_RxEventCallback               0x080038dd   Thumb Code    78  usart_idel_config.o(.text.HAL_UARTEx_RxEventCallback)
    HAL_UART_ErrorCallback                   0x0800392d   Thumb Code    74  usart_idel_config.o(.text.HAL_UART_ErrorCallback)
    HAL_UART_IRQHandler                      0x08003979   Thumb Code   798  stm32f4xx_hal_uart.o(.text.HAL_UART_IRQHandler)
    HAL_UART_Init                            0x08003c99   Thumb Code    96  stm32f4xx_hal_uart.o(.text.HAL_UART_Init)
    HAL_UART_MspInit                         0x08003cf9   Thumb Code   360  usart.o(.text.HAL_UART_MspInit)
    HAL_UART_RxCpltCallback                  0x08003e61   Thumb Code     2  stm32f4xx_hal_uart.o(.text.HAL_UART_RxCpltCallback)
    HAL_UART_RxHalfCpltCallback              0x08003e65   Thumb Code     2  stm32f4xx_hal_uart.o(.text.HAL_UART_RxHalfCpltCallback)
    HAL_UART_Transmit_DMA                    0x08003e69   Thumb Code   140  stm32f4xx_hal_uart.o(.text.HAL_UART_Transmit_DMA)
    HAL_UART_TxCpltCallback                  0x08003ef5   Thumb Code     2  stm32f4xx_hal_uart.o(.text.HAL_UART_TxCpltCallback)
    HAL_UART_TxHalfCpltCallback              0x08003ef9   Thumb Code     2  stm32f4xx_hal_uart.o(.text.HAL_UART_TxHalfCpltCallback)
    HardFault_Handler                        0x08003efd   Thumb Code     2  stm32f4xx_it.o(.text.HardFault_Handler)
    I2C1_EV_IRQHandler                       0x08003f01   Thumb Code    12  stm32f4xx_it.o(.text.I2C1_EV_IRQHandler)
    MX_DMA_Init                              0x0800452d   Thumb Code   156  dma.o(.text.MX_DMA_Init)
    MX_GPIO_Init                             0x080045c9   Thumb Code   262  gpio.o(.text.MX_GPIO_Init)
    MX_I2C1_Init                             0x080046d1   Thumb Code    66  i2c.o(.text.MX_I2C1_Init)
    MX_SPI1_Init                             0x08004715   Thumb Code    70  spi.o(.text.MX_SPI1_Init)
    MX_SPI2_Init                             0x0800475d   Thumb Code    70  spi.o(.text.MX_SPI2_Init)
    MX_SPI3_Init                             0x080047a5   Thumb Code    70  spi.o(.text.MX_SPI3_Init)
    MX_TIM11_Init                            0x080047ed   Thumb Code    56  tim.o(.text.MX_TIM11_Init)
    MX_USART1_UART_Init                      0x08004825   Thumb Code    60  usart.o(.text.MX_USART1_UART_Init)
    MX_USART2_UART_Init                      0x08004861   Thumb Code    60  usart.o(.text.MX_USART2_UART_Init)
    MemManage_Handler                        0x0800489d   Thumb Code     2  stm32f4xx_it.o(.text.MemManage_Handler)
    NMI_Handler                              0x080048a1   Thumb Code     2  stm32f4xx_it.o(.text.NMI_Handler)
    PendSV_Handler                           0x080048a5   Thumb Code     2  stm32f4xx_it.o(.text.PendSV_Handler)
    SPI1_IRQHandler                          0x080048a9   Thumb Code    12  stm32f4xx_it.o(.text.SPI1_IRQHandler)
    SPI3_IRQHandler                          0x080048b5   Thumb Code    12  stm32f4xx_it.o(.text.SPI3_IRQHandler)
    ST7789_Clear                             0x08004c51   Thumb Code   160  st7789.o(.text.ST7789_Clear)
    ST7789_Init                              0x08004cf1   Thumb Code  2148  st7789.o(.text.ST7789_Init)
    ST7789_SetAddressWindow                  0x08005555   Thumb Code   384  st7789.o(.text.ST7789_SetAddressWindow)
    ST7789_Write_Datas                       0x080056d5   Thumb Code   116  st7789.o(.text.ST7789_Write_Datas)
    SVC_Handler                              0x08005749   Thumb Code     2  stm32f4xx_it.o(.text.SVC_Handler)
    SysTick_Handler                          0x0800574d   Thumb Code     4  stm32f4xx_it.o(.text.SysTick_Handler)
    SystemClock_Config                       0x08005751   Thumb Code   162  main.o(.text.SystemClock_Config)
    SystemInit                               0x080057f5   Thumb Code    18  system_stm32f4xx.o(.text.SystemInit)
    TIM1_TRG_COM_TIM11_IRQHandler            0x08005809   Thumb Code    12  stm32f4xx_it.o(.text.TIM1_TRG_COM_TIM11_IRQHandler)
    TIM_Base_SetConfig                       0x08005815   Thumb Code   226  stm32f4xx_hal_tim.o(.text.TIM_Base_SetConfig)
    UART_Start_Receive_DMA                   0x08005c31   Thumb Code   170  stm32f4xx_hal_uart.o(.text.UART_Start_Receive_DMA)
    USART1_IRQHandler                        0x08005cdd   Thumb Code    12  stm32f4xx_it.o(.text.USART1_IRQHandler)
    USART2_IRQHandler                        0x08005ce9   Thumb Code    12  stm32f4xx_it.o(.text.USART2_IRQHandler)
    UsageFault_Handler                       0x08005cf5   Thumb Code     2  stm32f4xx_it.o(.text.UsageFault_Handler)
    Usart2_Idel_Config                       0x08005cf9   Thumb Code    46  usart_idel_config.o(.text.Usart2_Idel_Config)
    W25Q32_Show_On_LCD_DMA                   0x08005d29   Thumb Code   186  main.o(.text.W25Q32_Show_On_LCD_DMA)
    W25Qxx_CS_Hight                          0x08005de5   Thumb Code    18  w25qxx.o(.text.W25Qxx_CS_Hight)
    W25Qxx_CS_Low                            0x08005df9   Thumb Code    18  w25qxx.o(.text.W25Qxx_CS_Low)
    W25Qxx_SPI_RW_Byte                       0x08005e0d   Thumb Code    46  w25qxx.o(.text.W25Qxx_SPI_RW_Byte)
    main                                     0x08005e3d   Thumb Code   204  main.o(.text.main)
    printf_DMA                               0x08005f11   Thumb Code    72  usart.o(.text.printf_DMA)
    _btod_d2e                                0x08005f59   Thumb Code    62  btod.o(CL$$btod_d2e)
    _d2e_denorm_low                          0x08005f97   Thumb Code    70  btod.o(CL$$btod_d2e_denorm_low)
    _d2e_norm_op1                            0x08005fdd   Thumb Code    96  btod.o(CL$$btod_d2e_norm_op1)
    __btod_div_common                        0x0800603d   Thumb Code   696  btod.o(CL$$btod_div_common)
    _e2e                                     0x08006375   Thumb Code   220  btod.o(CL$$btod_e2e)
    _btod_ediv                               0x08006451   Thumb Code    42  btod.o(CL$$btod_ediv)
    _btod_emul                               0x0800647b   Thumb Code    42  btod.o(CL$$btod_emul)
    __btod_mult_common                       0x080064a5   Thumb Code   580  btod.o(CL$$btod_mult_common)
    __ARM_fpclassify                         0x080066e9   Thumb Code    48  fpclassify.o(i.__ARM_fpclassify)
    _is_digit                                0x08006719   Thumb Code    14  __printf_wp.o(i._is_digit)
    _get_lc_numeric                          0x08006729   Thumb Code    44  lc_numeric_c.o(locale$$code)
    _get_lc_ctype                            0x08006755   Thumb Code    44  lc_ctype_c.o(locale$$code)
    _fp_init                                 0x08006781   Thumb Code    26  fpinit.o(x$fpl$fpinit)
    __fplib_config_fpu_vfp                   0x08006799   Thumb Code     0  fpinit.o(x$fpl$fpinit)
    __fplib_config_pureend_doubles           0x08006799   Thumb Code     0  fpinit.o(x$fpl$fpinit)
    _printf_fp_dec                           0x0800679b   Thumb Code     4  printf1.o(x$fpl$printf1)
    _printf_fp_hex                           0x0800679f   Thumb Code     4  printf2.o(x$fpl$printf2)
    __I$use$fp                               0x080067a2   Number         0  usenofp.o(x$fpl$usenofp)
    AHBPrescTable                            0x080068a0   Data          16  system_stm32f4xx.o(.rodata.AHBPrescTable)
    APBPrescTable                            0x080068b0   Data           8  system_stm32f4xx.o(.rodata.APBPrescTable)
    Region$$Table$$Base                      0x080068c0   Number         0  anon$$obj.o(Region$$Table)
    Region$$Table$$Limit                     0x080068e0   Number         0  anon$$obj.o(Region$$Table)
    __ctype                                  0x08006909   Data           0  lc_ctype_c.o(locale$$data)
    SystemCoreClock                          0x20000000   Data           4  system_stm32f4xx.o(.data.SystemCoreClock)
    W25Qxx_Address_Len                       0x20000004   Data           1  w25qxx.o(.data.W25Qxx_Address_Len)
    uwTickFreq                               0x20000005   Data           1  stm32f4xx_hal.o(.data.uwTickFreq)
    uwTickPrio                               0x20000008   Data           4  stm32f4xx_hal.o(.data.uwTickPrio)
    __libspace_start                         0x20000010   Data          96  libspace.o(.bss)
    Recv_OK                                  0x20000070   Data           1  usart_idel_config.o(.bss.Recv_OK)
    __temporary_stack_top$libspace           0x20000070   Data           0  libspace.o(.bss)
    dma_recv_complete                        0x20000107   Data           1  st7789.o(.bss.dma_recv_complete)
    dma_transfer_complete                    0x20000108   Data           1  st7789.o(.bss.dma_transfer_complete)
    frame_buffer                             0x20000109   Data         256  st7789.o(.bss.frame_buffer)
    hdma_i2c1_tx                             0x2000020c   Data          96  i2c.o(.bss.hdma_i2c1_tx)
    hdma_spi1_tx                             0x2000026c   Data          96  spi.o(.bss.hdma_spi1_tx)
    hdma_spi3_rx                             0x200002cc   Data          96  spi.o(.bss.hdma_spi3_rx)
    hdma_spi3_tx                             0x2000032c   Data          96  spi.o(.bss.hdma_spi3_tx)
    hdma_usart1_tx                           0x2000038c   Data          96  usart.o(.bss.hdma_usart1_tx)
    hdma_usart2_rx                           0x200003ec   Data          96  usart.o(.bss.hdma_usart2_rx)
    hi2c1                                    0x2000044c   Data          84  i2c.o(.bss.hi2c1)
    hspi1                                    0x200004a0   Data          88  spi.o(.bss.hspi1)
    hspi2                                    0x200004f8   Data          88  spi.o(.bss.hspi2)
    hspi3                                    0x20000550   Data          88  spi.o(.bss.hspi3)
    htim11                                   0x200005a8   Data          72  tim.o(.bss.htim11)
    huart1                                   0x200005f0   Data          72  usart.o(.bss.huart1)
    huart2                                   0x20000638   Data          72  usart.o(.bss.huart2)
    rx_buffer                                0x20000680   Data        1024  usart_idel_config.o(.bss.rx_buffer)
    temp                                     0x20000a80   Data         512  main.o(.bss.temp)
    uwTick                                   0x20000c80   Data           4  stm32f4xx_hal.o(.bss.uwTick)



==============================================================================

Memory Map of the image

  Image Entry point : 0x08000195

  Load Region LR_IROM1 (Base: 0x08000000, Size: 0x00006a20, Max: 0x00040000, ABSOLUTE)

    Execution Region ER_IROM1 (Exec base: 0x08000000, Load base: 0x08000000, Size: 0x00006a0c, Max: 0x00040000, ABSOLUTE)

    Exec Addr    Load Addr    Size         Type   Attr      Idx    E Section Name        Object

    0x08000000   0x08000000   0x00000194   Data   RO            3    RESET               startup_stm32f401xc.o
    0x08000194   0x08000194   0x00000008   Code   RO         1501  * !!!main             c_w.l(__main.o)
    0x0800019c   0x0800019c   0x0000005c   Code   RO         1970    !!!scatter          c_w.l(__scatter.o)
    0x080001f8   0x080001f8   0x0000001a   Code   RO         1974    !!handler_copy      c_w.l(__scatter_copy.o)
    0x08000212   0x08000212   0x00000002   PAD
    0x08000214   0x08000214   0x00000002   Code   RO         1971    !!handler_null      c_w.l(__scatter.o)
    0x08000216   0x08000216   0x00000002   PAD
    0x08000218   0x08000218   0x0000001c   Code   RO         1976    !!handler_zi        c_w.l(__scatter_zi.o)
    0x08000234   0x08000234   0x00000000   Code   RO         1486    .ARM.Collect$$_printf_percent$$00000000  c_w.l(_printf_percent.o)
    0x08000234   0x08000234   0x00000006   Code   RO         1539    .ARM.Collect$$_printf_percent$$00000001  c_w.l(_printf_n.o)
    0x0800023a   0x0800023a   0x00000006   Code   RO         1540    .ARM.Collect$$_printf_percent$$00000002  c_w.l(_printf_p.o)
    0x08000240   0x08000240   0x00000006   Code   RO         1545    .ARM.Collect$$_printf_percent$$00000003  c_w.l(_printf_f.o)
    0x08000246   0x08000246   0x00000006   Code   RO         1546    .ARM.Collect$$_printf_percent$$00000004  c_w.l(_printf_e.o)
    0x0800024c   0x0800024c   0x00000006   Code   RO         1547    .ARM.Collect$$_printf_percent$$00000005  c_w.l(_printf_g.o)
    0x08000252   0x08000252   0x00000006   Code   RO         1548    .ARM.Collect$$_printf_percent$$00000006  c_w.l(_printf_a.o)
    0x08000258   0x08000258   0x0000000a   Code   RO         1553    .ARM.Collect$$_printf_percent$$00000007  c_w.l(_printf_ll.o)
    0x08000262   0x08000262   0x00000006   Code   RO         1542    .ARM.Collect$$_printf_percent$$00000008  c_w.l(_printf_i.o)
    0x08000268   0x08000268   0x00000006   Code   RO         1543    .ARM.Collect$$_printf_percent$$00000009  c_w.l(_printf_d.o)
    0x0800026e   0x0800026e   0x00000006   Code   RO         1544    .ARM.Collect$$_printf_percent$$0000000A  c_w.l(_printf_u.o)
    0x08000274   0x08000274   0x00000006   Code   RO         1541    .ARM.Collect$$_printf_percent$$0000000B  c_w.l(_printf_o.o)
    0x0800027a   0x0800027a   0x00000006   Code   RO         1485    .ARM.Collect$$_printf_percent$$0000000C  c_w.l(_printf_x.o)
    0x08000280   0x08000280   0x00000006   Code   RO         1550    .ARM.Collect$$_printf_percent$$0000000D  c_w.l(_printf_lli.o)
    0x08000286   0x08000286   0x00000006   Code   RO         1551    .ARM.Collect$$_printf_percent$$0000000E  c_w.l(_printf_lld.o)
    0x0800028c   0x0800028c   0x00000006   Code   RO         1552    .ARM.Collect$$_printf_percent$$0000000F  c_w.l(_printf_llu.o)
    0x08000292   0x08000292   0x00000006   Code   RO         1557    .ARM.Collect$$_printf_percent$$00000010  c_w.l(_printf_llo.o)
    0x08000298   0x08000298   0x00000006   Code   RO         1558    .ARM.Collect$$_printf_percent$$00000011  c_w.l(_printf_llx.o)
    0x0800029e   0x0800029e   0x0000000a   Code   RO         1554    .ARM.Collect$$_printf_percent$$00000012  c_w.l(_printf_l.o)
    0x080002a8   0x080002a8   0x00000006   Code   RO         1537    .ARM.Collect$$_printf_percent$$00000013  c_w.l(_printf_c.o)
    0x080002ae   0x080002ae   0x00000006   Code   RO         1538    .ARM.Collect$$_printf_percent$$00000014  c_w.l(_printf_s.o)
    0x080002b4   0x080002b4   0x00000006   Code   RO         1555    .ARM.Collect$$_printf_percent$$00000015  c_w.l(_printf_lc.o)
    0x080002ba   0x080002ba   0x00000006   Code   RO         1556    .ARM.Collect$$_printf_percent$$00000016  c_w.l(_printf_ls.o)
    0x080002c0   0x080002c0   0x00000004   Code   RO         1549    .ARM.Collect$$_printf_percent$$00000017  c_w.l(_printf_percent_end.o)
    0x080002c4   0x080002c4   0x00000002   Code   RO         1753    .ARM.Collect$$libinit$$00000000  c_w.l(libinit.o)
    0x080002c6   0x080002c6   0x00000004   Code   RO         1754    .ARM.Collect$$libinit$$00000001  c_w.l(libinit2.o)
    0x080002ca   0x080002ca   0x00000000   Code   RO         1757    .ARM.Collect$$libinit$$00000004  c_w.l(libinit2.o)
    0x080002ca   0x080002ca   0x00000000   Code   RO         1759    .ARM.Collect$$libinit$$00000006  c_w.l(libinit2.o)
    0x080002ca   0x080002ca   0x00000000   Code   RO         1762    .ARM.Collect$$libinit$$0000000C  c_w.l(libinit2.o)
    0x080002ca   0x080002ca   0x00000000   Code   RO         1764    .ARM.Collect$$libinit$$0000000E  c_w.l(libinit2.o)
    0x080002ca   0x080002ca   0x00000000   Code   RO         1766    .ARM.Collect$$libinit$$00000010  c_w.l(libinit2.o)
    0x080002ca   0x080002ca   0x00000006   Code   RO         1767    .ARM.Collect$$libinit$$00000011  c_w.l(libinit2.o)
    0x080002d0   0x080002d0   0x00000000   Code   RO         1769    .ARM.Collect$$libinit$$00000013  c_w.l(libinit2.o)
    0x080002d0   0x080002d0   0x0000000c   Code   RO         1770    .ARM.Collect$$libinit$$00000014  c_w.l(libinit2.o)
    0x080002dc   0x080002dc   0x00000000   Code   RO         1771    .ARM.Collect$$libinit$$00000015  c_w.l(libinit2.o)
    0x080002dc   0x080002dc   0x00000000   Code   RO         1773    .ARM.Collect$$libinit$$00000017  c_w.l(libinit2.o)
    0x080002dc   0x080002dc   0x0000000a   Code   RO         1774    .ARM.Collect$$libinit$$00000018  c_w.l(libinit2.o)
    0x080002e6   0x080002e6   0x00000000   Code   RO         1775    .ARM.Collect$$libinit$$00000019  c_w.l(libinit2.o)
    0x080002e6   0x080002e6   0x00000000   Code   RO         1777    .ARM.Collect$$libinit$$0000001B  c_w.l(libinit2.o)
    0x080002e6   0x080002e6   0x00000000   Code   RO         1779    .ARM.Collect$$libinit$$0000001D  c_w.l(libinit2.o)
    0x080002e6   0x080002e6   0x00000000   Code   RO         1781    .ARM.Collect$$libinit$$0000001F  c_w.l(libinit2.o)
    0x080002e6   0x080002e6   0x00000000   Code   RO         1783    .ARM.Collect$$libinit$$00000021  c_w.l(libinit2.o)
    0x080002e6   0x080002e6   0x00000000   Code   RO         1785    .ARM.Collect$$libinit$$00000023  c_w.l(libinit2.o)
    0x080002e6   0x080002e6   0x00000000   Code   RO         1787    .ARM.Collect$$libinit$$00000025  c_w.l(libinit2.o)
    0x080002e6   0x080002e6   0x00000000   Code   RO         1789    .ARM.Collect$$libinit$$00000027  c_w.l(libinit2.o)
    0x080002e6   0x080002e6   0x00000000   Code   RO         1793    .ARM.Collect$$libinit$$0000002E  c_w.l(libinit2.o)
    0x080002e6   0x080002e6   0x00000000   Code   RO         1795    .ARM.Collect$$libinit$$00000030  c_w.l(libinit2.o)
    0x080002e6   0x080002e6   0x00000000   Code   RO         1797    .ARM.Collect$$libinit$$00000032  c_w.l(libinit2.o)
    0x080002e6   0x080002e6   0x00000000   Code   RO         1799    .ARM.Collect$$libinit$$00000034  c_w.l(libinit2.o)
    0x080002e6   0x080002e6   0x00000002   Code   RO         1800    .ARM.Collect$$libinit$$00000035  c_w.l(libinit2.o)
    0x080002e8   0x080002e8   0x00000002   Code   RO         1951    .ARM.Collect$$libshutdown$$00000000  c_w.l(libshutdown.o)
    0x080002ea   0x080002ea   0x00000000   Code   RO         1802    .ARM.Collect$$libshutdown$$00000002  c_w.l(libshutdown2.o)
    0x080002ea   0x080002ea   0x00000000   Code   RO         1804    .ARM.Collect$$libshutdown$$00000004  c_w.l(libshutdown2.o)
    0x080002ea   0x080002ea   0x00000000   Code   RO         1807    .ARM.Collect$$libshutdown$$00000007  c_w.l(libshutdown2.o)
    0x080002ea   0x080002ea   0x00000000   Code   RO         1810    .ARM.Collect$$libshutdown$$0000000A  c_w.l(libshutdown2.o)
    0x080002ea   0x080002ea   0x00000000   Code   RO         1812    .ARM.Collect$$libshutdown$$0000000C  c_w.l(libshutdown2.o)
    0x080002ea   0x080002ea   0x00000000   Code   RO         1815    .ARM.Collect$$libshutdown$$0000000F  c_w.l(libshutdown2.o)
    0x080002ea   0x080002ea   0x00000002   Code   RO         1816    .ARM.Collect$$libshutdown$$00000010  c_w.l(libshutdown2.o)
    0x080002ec   0x080002ec   0x00000000   Code   RO         1503    .ARM.Collect$$rtentry$$00000000  c_w.l(__rtentry.o)
    0x080002ec   0x080002ec   0x00000000   Code   RO         1580    .ARM.Collect$$rtentry$$00000002  c_w.l(__rtentry2.o)
    0x080002ec   0x080002ec   0x00000006   Code   RO         1592    .ARM.Collect$$rtentry$$00000004  c_w.l(__rtentry4.o)
    0x080002f2   0x080002f2   0x00000000   Code   RO         1582    .ARM.Collect$$rtentry$$00000009  c_w.l(__rtentry2.o)
    0x080002f2   0x080002f2   0x00000004   Code   RO         1583    .ARM.Collect$$rtentry$$0000000A  c_w.l(__rtentry2.o)
    0x080002f6   0x080002f6   0x00000000   Code   RO         1585    .ARM.Collect$$rtentry$$0000000C  c_w.l(__rtentry2.o)
    0x080002f6   0x080002f6   0x00000008   Code   RO         1586    .ARM.Collect$$rtentry$$0000000D  c_w.l(__rtentry2.o)
    0x080002fe   0x080002fe   0x00000002   Code   RO         1829    .ARM.Collect$$rtexit$$00000000  c_w.l(rtexit.o)
    0x08000300   0x08000300   0x00000000   Code   RO         1889    .ARM.Collect$$rtexit$$00000002  c_w.l(rtexit2.o)
    0x08000300   0x08000300   0x00000004   Code   RO         1890    .ARM.Collect$$rtexit$$00000003  c_w.l(rtexit2.o)
    0x08000304   0x08000304   0x00000006   Code   RO         1891    .ARM.Collect$$rtexit$$00000004  c_w.l(rtexit2.o)
    0x0800030a   0x0800030a   0x00000002   PAD
    0x0800030c   0x0800030c   0x00000040   Code   RO            4    .text               startup_stm32f401xc.o
    0x0800034c   0x0800034c   0x000000f0   Code   RO         1430    .text               c_w.l(lludivv7m.o)
    0x0800043c   0x0800043c   0x0000003c   Code   RO         1434    .text               c_w.l(vsnprintf.o)
    0x08000478   0x08000478   0x0000004e   Code   RO         1442    .text               c_w.l(_printf_pad.o)
    0x080004c6   0x080004c6   0x00000002   PAD
    0x080004c8   0x080004c8   0x00000094   Code   RO         1462    .text               c_w.l(_printf_hex_int_ll_ptr.o)
    0x0800055c   0x0800055c   0x00000188   Code   RO         1482    .text               c_w.l(__printf_flags_ss_wp.o)
    0x080006e4   0x080006e4   0x0000014c   Code   RO         1489    .text               c_w.l(_scanf_int.o)
    0x08000830   0x08000830   0x0000004e   Code   RO         1497    .text               c_w.l(rt_memclr_w.o)
    0x0800087e   0x0800087e   0x00000006   Code   RO         1499    .text               c_w.l(heapauxi.o)
    0x08000884   0x08000884   0x00000024   Code   RO         1508    .text               c_w.l(_printf_truncate.o)
    0x080008a8   0x080008a8   0x00000052   Code   RO         1510    .text               c_w.l(_printf_str.o)
    0x080008fa   0x080008fa   0x000000b2   Code   RO         1512    .text               c_w.l(_printf_intcommon.o)
    0x080009ac   0x080009ac   0x00000078   Code   RO         1514    .text               c_w.l(_printf_dec.o)
    0x08000a24   0x08000a24   0x00000028   Code   RO         1516    .text               c_w.l(_printf_charcount.o)
    0x08000a4c   0x08000a4c   0x00000030   Code   RO         1518    .text               c_w.l(_printf_char_common.o)
    0x08000a7c   0x08000a7c   0x00000010   Code   RO         1522    .text               c_w.l(_snputc.o)
    0x08000a8c   0x08000a8c   0x000000bc   Code   RO         1526    .text               c_w.l(_printf_wctomb.o)
    0x08000b48   0x08000b48   0x0000007c   Code   RO         1529    .text               c_w.l(_printf_longlong_dec.o)
    0x08000bc4   0x08000bc4   0x00000070   Code   RO         1535    .text               c_w.l(_printf_oct_int_ll.o)
    0x08000c34   0x08000c34   0x0000001c   Code   RO         1559    .text               c_w.l(_chval.o)
    0x08000c50   0x08000c50   0x0000008a   Code   RO         1596    .text               c_w.l(lludiv10.o)
    0x08000cda   0x08000cda   0x0000041c   Code   RO         1600    .text               c_w.l(_printf_fp_dec.o)
    0x080010f6   0x080010f6   0x00000002   PAD
    0x080010f8   0x080010f8   0x000002fc   Code   RO         1604    .text               c_w.l(_printf_fp_hex.o)
    0x080013f4   0x080013f4   0x0000002c   Code   RO         1609    .text               c_w.l(_printf_char.o)
    0x08001420   0x08001420   0x0000002c   Code   RO         1611    .text               c_w.l(_printf_wchar.o)
    0x0800144c   0x0800144c   0x00000048   Code   RO         1623    .text               c_w.l(_c16rtomb.o)
    0x08001494   0x08001494   0x0000004a   Code   RO         1630    .text               c_w.l(sys_stackheap_outer.o)
    0x080014de   0x080014de   0x00000002   PAD
    0x080014e0   0x080014e0   0x00000010   Code   RO         1632    .text               c_w.l(rt_ctype_table.o)
    0x080014f0   0x080014f0   0x00000008   Code   RO         1637    .text               c_w.l(rt_locale_intlibspace.o)
    0x080014f8   0x080014f8   0x00000080   Code   RO         1695    .text               c_w.l(_printf_fp_infnan.o)
    0x08001578   0x08001578   0x000000e4   Code   RO         1697    .text               c_w.l(bigflt0.o)
    0x0800165c   0x0800165c   0x00000012   Code   RO         1738    .text               c_w.l(exit.o)
    0x0800166e   0x0800166e   0x00000002   PAD
    0x08001670   0x08001670   0x00000008   Code   RO         1826    .text               c_w.l(libspace.o)
    0x08001678   0x08001678   0x0000007c   Code   RO         1875    .text               c_w.l(strcmpv7em.o)
    0x080016f4   0x080016f4   0x0000000c   Code   RO         1881    .text               c_w.l(sys_exit.o)
    0x08001700   0x08001700   0x00000002   Code   RO         1885    .text               c_w.l(use_no_semi.o)
    0x08001702   0x08001702   0x00000000   Code   RO         1887    .text               c_w.l(indicate_semi.o)
    0x08001702   0x08001702   0x00000002   PAD
    0x08001704   0x08001704   0x00000002   Code   RO          137    .text.BusFault_Handler  stm32f4xx_it.o
    0x08001706   0x08001706   0x00000002   PAD
    0x08001708   0x08001708   0x0000000c   Code   RO          149    .text.DMA1_Stream0_IRQHandler  stm32f4xx_it.o
    0x08001714   0x08001714   0x0000000c   Code   RO          151    .text.DMA1_Stream5_IRQHandler  stm32f4xx_it.o
    0x08001720   0x08001720   0x0000000c   Code   RO          153    .text.DMA1_Stream6_IRQHandler  stm32f4xx_it.o
    0x0800172c   0x0800172c   0x0000000c   Code   RO          165    .text.DMA1_Stream7_IRQHandler  stm32f4xx_it.o
    0x08001738   0x08001738   0x0000000c   Code   RO          169    .text.DMA2_Stream3_IRQHandler  stm32f4xx_it.o
    0x08001744   0x08001744   0x0000000c   Code   RO          171    .text.DMA2_Stream7_IRQHandler  stm32f4xx_it.o
    0x08001750   0x08001750   0x00000002   Code   RO          143    .text.DebugMon_Handler  stm32f4xx_it.o
    0x08001752   0x08001752   0x00000002   PAD
    0x08001754   0x08001754   0x00000006   Code   RO           19    .text.Error_Handler  main.o
    0x0800175a   0x0800175a   0x00000002   PAD
    0x0800175c   0x0800175c   0x00000080   Code   RO          498    .text.HAL_DMA_Abort  stm32f4xx_hal_dma.o
    0x080017dc   0x080017dc   0x00000024   Code   RO          500    .text.HAL_DMA_Abort_IT  stm32f4xx_hal_dma.o
    0x08001800   0x08001800   0x00000006   Code   RO          510    .text.HAL_DMA_GetState  stm32f4xx_hal_dma.o
    0x08001806   0x08001806   0x00000002   PAD
    0x08001808   0x08001808   0x0000018a   Code   RO          504    .text.HAL_DMA_IRQHandler  stm32f4xx_hal_dma.o
    0x08001992   0x08001992   0x00000002   PAD
    0x08001994   0x08001994   0x0000013e   Code   RO          490    .text.HAL_DMA_Init  stm32f4xx_hal_dma.o
    0x08001ad2   0x08001ad2   0x00000002   PAD
    0x08001ad4   0x08001ad4   0x000000a0   Code   RO          496    .text.HAL_DMA_Start_IT  stm32f4xx_hal_dma.o
    0x08001b74   0x08001b74   0x00000028   Code   RO          665    .text.HAL_Delay     stm32f4xx_hal.o
    0x08001b9c   0x08001b9c   0x00000198   Code   RO          452    .text.HAL_GPIO_Init  stm32f4xx_hal_gpio.o
    0x08001d34   0x08001d34   0x00000010   Code   RO          460    .text.HAL_GPIO_TogglePin  stm32f4xx_hal_gpio.o
    0x08001d44   0x08001d44   0x0000000a   Code   RO          458    .text.HAL_GPIO_WritePin  stm32f4xx_hal_gpio.o
    0x08001d4e   0x08001d4e   0x00000002   PAD
    0x08001d50   0x08001d50   0x0000000c   Code   RO          657    .text.HAL_GetTick   stm32f4xx_hal.o
    0x08001d5c   0x08001d5c   0x00000002   Code   RO          304    .text.HAL_I2C_AbortCpltCallback  stm32f4xx_hal_i2c.o
    0x08001d5e   0x08001d5e   0x00000002   PAD
    0x08001d60   0x08001d60   0x00000002   Code   RO          294    .text.HAL_I2C_AddrCallback  stm32f4xx_hal_i2c.o
    0x08001d62   0x08001d62   0x00000002   PAD
    0x08001d64   0x08001d64   0x000005a4   Code   RO          272    .text.HAL_I2C_EV_IRQHandler  stm32f4xx_hal_i2c.o
    0x08002308   0x08002308   0x00000002   Code   RO          302    .text.HAL_I2C_ErrorCallback  stm32f4xx_hal_i2c.o
    0x0800230a   0x0800230a   0x00000002   PAD
    0x0800230c   0x0800230c   0x00000170   Code   RO          188    .text.HAL_I2C_Init  stm32f4xx_hal_i2c.o
    0x0800247c   0x0800247c   0x00000002   Code   RO          296    .text.HAL_I2C_ListenCpltCallback  stm32f4xx_hal_i2c.o
    0x0800247e   0x0800247e   0x00000002   PAD
    0x08002480   0x08002480   0x00000002   Code   RO          288    .text.HAL_I2C_MasterRxCpltCallback  stm32f4xx_hal_i2c.o
    0x08002482   0x08002482   0x00000002   PAD
    0x08002484   0x08002484   0x00000002   Code   RO          286    .text.HAL_I2C_MasterTxCpltCallback  stm32f4xx_hal_i2c.o
    0x08002486   0x08002486   0x00000002   PAD
    0x08002488   0x08002488   0x00000002   Code   RO          300    .text.HAL_I2C_MemRxCpltCallback  stm32f4xx_hal_i2c.o
    0x0800248a   0x0800248a   0x00000002   PAD
    0x0800248c   0x0800248c   0x00000002   Code   RO          298    .text.HAL_I2C_MemTxCpltCallback  stm32f4xx_hal_i2c.o
    0x0800248e   0x0800248e   0x00000002   PAD
    0x08002490   0x08002490   0x000000c0   Code   RO           51    .text.HAL_I2C_MspInit  i2c.o
    0x08002550   0x08002550   0x00000002   Code   RO          292    .text.HAL_I2C_SlaveRxCpltCallback  stm32f4xx_hal_i2c.o
    0x08002552   0x08002552   0x00000002   PAD
    0x08002554   0x08002554   0x00000002   Code   RO          290    .text.HAL_I2C_SlaveTxCpltCallback  stm32f4xx_hal_i2c.o
    0x08002556   0x08002556   0x00000002   PAD
    0x08002558   0x08002558   0x0000001a   Code   RO          655    .text.HAL_IncTick   stm32f4xx_hal.o
    0x08002572   0x08002572   0x00000002   PAD
    0x08002574   0x08002574   0x00000036   Code   RO          645    .text.HAL_Init      stm32f4xx_hal.o
    0x080025aa   0x080025aa   0x00000002   PAD
    0x080025ac   0x080025ac   0x00000050   Code   RO          647    .text.HAL_InitTick  stm32f4xx_hal.o
    0x080025fc   0x080025fc   0x00000038   Code   RO          180    .text.HAL_MspInit   stm32f4xx_hal_msp.o
    0x08002634   0x08002634   0x00000020   Code   RO          597    .text.HAL_NVIC_EnableIRQ  stm32f4xx_hal_cortex.o
    0x08002654   0x08002654   0x00000056   Code   RO          595    .text.HAL_NVIC_SetPriority  stm32f4xx_hal_cortex.o
    0x080026aa   0x080026aa   0x00000002   PAD
    0x080026ac   0x080026ac   0x00000020   Code   RO          593    .text.HAL_NVIC_SetPriorityGrouping  stm32f4xx_hal_cortex.o
    0x080026cc   0x080026cc   0x00000160   Code   RO          338    .text.HAL_RCC_ClockConfig  stm32f4xx_hal_rcc.o
    0x0800282c   0x0800282c   0x00000026   Code   RO          350    .text.HAL_RCC_GetPCLK1Freq  stm32f4xx_hal_rcc.o
    0x08002852   0x08002852   0x00000002   PAD
    0x08002854   0x08002854   0x00000026   Code   RO          352    .text.HAL_RCC_GetPCLK2Freq  stm32f4xx_hal_rcc.o
    0x0800287a   0x0800287a   0x00000002   PAD
    0x0800287c   0x0800287c   0x00000068   Code   RO          340    .text.HAL_RCC_GetSysClockFreq  stm32f4xx_hal_rcc.o
    0x080028e4   0x080028e4   0x00000354   Code   RO          336    .text.HAL_RCC_OscConfig  stm32f4xx_hal_rcc.o
    0x08002c38   0x08002c38   0x00000002   Code   RO          818    .text.HAL_SPI_ErrorCallback  stm32f4xx_hal_spi.o
    0x08002c3a   0x08002c3a   0x00000002   PAD
    0x08002c3c   0x08002c3c   0x00000112   Code   RO          814    .text.HAL_SPI_IRQHandler  stm32f4xx_hal_spi.o
    0x08002d4e   0x08002d4e   0x00000002   PAD
    0x08002d50   0x08002d50   0x000000b4   Code   RO          736    .text.HAL_SPI_Init  stm32f4xx_hal_spi.o
    0x08002e04   0x08002e04   0x00000242   Code   RO           71    .text.HAL_SPI_MspInit  spi.o
    0x08003046   0x08003046   0x00000002   PAD
    0x08003048   0x08003048   0x000000ec   Code   RO          782    .text.HAL_SPI_Receive_DMA  stm32f4xx_hal_spi.o
    0x08003134   0x08003134   0x0000001c   Code   RO         1377    .text.HAL_SPI_RxCpltCallback  st7789.o
    0x08003150   0x08003150   0x00000002   Code   RO          828    .text.HAL_SPI_RxHalfCpltCallback  stm32f4xx_hal_spi.o
    0x08003152   0x08003152   0x00000002   PAD
    0x08003154   0x08003154   0x00000256   Code   RO          748    .text.HAL_SPI_TransmitReceive  stm32f4xx_hal_spi.o
    0x080033aa   0x080033aa   0x00000002   PAD
    0x080033ac   0x080033ac   0x00000124   Code   RO          784    .text.HAL_SPI_TransmitReceive_DMA  stm32f4xx_hal_spi.o
    0x080034d0   0x080034d0   0x000000cc   Code   RO          774    .text.HAL_SPI_Transmit_DMA  stm32f4xx_hal_spi.o
    0x0800359c   0x0800359c   0x0000001c   Code   RO         1375    .text.HAL_SPI_TxCpltCallback  st7789.o
    0x080035b8   0x080035b8   0x00000002   Code   RO          826    .text.HAL_SPI_TxHalfCpltCallback  stm32f4xx_hal_spi.o
    0x080035ba   0x080035ba   0x00000002   PAD
    0x080035bc   0x080035bc   0x00000002   Code   RO          824    .text.HAL_SPI_TxRxCpltCallback  stm32f4xx_hal_spi.o
    0x080035be   0x080035be   0x00000002   PAD
    0x080035c0   0x080035c0   0x00000002   Code   RO          830    .text.HAL_SPI_TxRxHalfCpltCallback  stm32f4xx_hal_spi.o
    0x080035c2   0x080035c2   0x00000002   PAD
    0x080035c4   0x080035c4   0x0000002c   Code   RO          605    .text.HAL_SYSTICK_Config  stm32f4xx_hal_cortex.o
    0x080035f0   0x080035f0   0x00000002   Code   RO         1157    .text.HAL_TIMEx_BreakCallback  stm32f4xx_hal_tim_ex.o
    0x080035f2   0x080035f2   0x00000002   PAD
    0x080035f4   0x080035f4   0x00000002   Code   RO         1153    .text.HAL_TIMEx_CommutCallback  stm32f4xx_hal_tim_ex.o
    0x080035f6   0x080035f6   0x00000002   PAD
    0x080035f8   0x080035f8   0x0000005a   Code   RO          852    .text.HAL_TIM_Base_Init  stm32f4xx_hal_tim.o
    0x08003652   0x08003652   0x00000002   PAD
    0x08003654   0x08003654   0x00000048   Code   RO           91    .text.HAL_TIM_Base_MspInit  tim.o
    0x0800369c   0x0800369c   0x00000084   Code   RO          866    .text.HAL_TIM_Base_Start_IT  stm32f4xx_hal_tim.o
    0x08003720   0x08003720   0x00000002   Code   RO          988    .text.HAL_TIM_IC_CaptureCallback  stm32f4xx_hal_tim.o
    0x08003722   0x08003722   0x00000002   PAD
    0x08003724   0x08003724   0x0000014a   Code   RO          986    .text.HAL_TIM_IRQHandler  stm32f4xx_hal_tim.o
    0x0800386e   0x0800386e   0x00000002   PAD
    0x08003870   0x08003870   0x00000002   Code   RO          990    .text.HAL_TIM_OC_DelayElapsedCallback  stm32f4xx_hal_tim.o
    0x08003872   0x08003872   0x00000002   PAD
    0x08003874   0x08003874   0x00000002   Code   RO          992    .text.HAL_TIM_PWM_PulseFinishedCallback  stm32f4xx_hal_tim.o
    0x08003876   0x08003876   0x00000002   PAD
    0x08003878   0x08003878   0x00000002   Code   RO          994    .text.HAL_TIM_PeriodElapsedCallback  stm32f4xx_hal_tim.o
    0x0800387a   0x0800387a   0x00000002   PAD
    0x0800387c   0x0800387c   0x00000002   Code   RO          996    .text.HAL_TIM_TriggerCallback  stm32f4xx_hal_tim.o
    0x0800387e   0x0800387e   0x00000002   PAD
    0x08003880   0x08003880   0x0000005c   Code   RO         1219    .text.HAL_UARTEx_ReceiveToIdle_DMA  stm32f4xx_hal_uart.o
    0x080038dc   0x080038dc   0x0000004e   Code   RO         1310    .text.HAL_UARTEx_RxEventCallback  usart_idel_config.o
    0x0800392a   0x0800392a   0x00000002   PAD
    0x0800392c   0x0800392c   0x0000004a   Code   RO         1312    .text.HAL_UART_ErrorCallback  usart_idel_config.o
    0x08003976   0x08003976   0x00000002   PAD
    0x08003978   0x08003978   0x0000031e   Code   RO         1249    .text.HAL_UART_IRQHandler  stm32f4xx_hal_uart.o
    0x08003c96   0x08003c96   0x00000002   PAD
    0x08003c98   0x08003c98   0x00000060   Code   RO         1171    .text.HAL_UART_Init  stm32f4xx_hal_uart.o
    0x08003cf8   0x08003cf8   0x00000168   Code   RO          108    .text.HAL_UART_MspInit  usart.o
    0x08003e60   0x08003e60   0x00000002   Code   RO         1263    .text.HAL_UART_RxCpltCallback  stm32f4xx_hal_uart.o
    0x08003e62   0x08003e62   0x00000002   PAD
    0x08003e64   0x08003e64   0x00000002   Code   RO         1265    .text.HAL_UART_RxHalfCpltCallback  stm32f4xx_hal_uart.o
    0x08003e66   0x08003e66   0x00000002   PAD
    0x08003e68   0x08003e68   0x0000008c   Code   RO         1197    .text.HAL_UART_Transmit_DMA  stm32f4xx_hal_uart.o
    0x08003ef4   0x08003ef4   0x00000002   Code   RO         1259    .text.HAL_UART_TxCpltCallback  stm32f4xx_hal_uart.o
    0x08003ef6   0x08003ef6   0x00000002   PAD
    0x08003ef8   0x08003ef8   0x00000002   Code   RO         1261    .text.HAL_UART_TxHalfCpltCallback  stm32f4xx_hal_uart.o
    0x08003efa   0x08003efa   0x00000002   PAD
    0x08003efc   0x08003efc   0x00000002   Code   RO          133    .text.HardFault_Handler  stm32f4xx_it.o
    0x08003efe   0x08003efe   0x00000002   PAD
    0x08003f00   0x08003f00   0x0000000c   Code   RO          157    .text.I2C1_EV_IRQHandler  stm32f4xx_it.o
    0x08003f0c   0x08003f0c   0x000000e4   Code   RO          258    .text.I2C_DMAAbort  stm32f4xx_hal_i2c.o
    0x08003ff0   0x08003ff0   0x0000015a   Code   RO          270    .text.I2C_ITError   stm32f4xx_hal_i2c.o
    0x0800414a   0x0800414a   0x00000002   PAD
    0x0800414c   0x0800414c   0x000000f2   Code   RO          282    .text.I2C_MasterReceive_BTF  stm32f4xx_hal_i2c.o
    0x0800423e   0x0800423e   0x00000002   PAD
    0x08004240   0x08004240   0x0000010e   Code   RO          280    .text.I2C_MasterReceive_RXNE  stm32f4xx_hal_i2c.o
    0x0800434e   0x0800434e   0x00000002   PAD
    0x08004350   0x08004350   0x00000080   Code   RO          276    .text.I2C_MasterTransmit_BTF  stm32f4xx_hal_i2c.o
    0x080043d0   0x080043d0   0x000000b0   Code   RO          274    .text.I2C_MasterTransmit_TXE  stm32f4xx_hal_i2c.o
    0x08004480   0x08004480   0x000000ac   Code   RO          278    .text.I2C_MemoryTransmit_TXE_BTF  stm32f4xx_hal_i2c.o
    0x0800452c   0x0800452c   0x0000009c   Code   RO           40    .text.MX_DMA_Init   dma.o
    0x080045c8   0x080045c8   0x00000106   Code   RO           31    .text.MX_GPIO_Init  gpio.o
    0x080046ce   0x080046ce   0x00000002   PAD
    0x080046d0   0x080046d0   0x00000042   Code   RO           49    .text.MX_I2C1_Init  i2c.o
    0x08004712   0x08004712   0x00000002   PAD
    0x08004714   0x08004714   0x00000046   Code   RO           65    .text.MX_SPI1_Init  spi.o
    0x0800475a   0x0800475a   0x00000002   PAD
    0x0800475c   0x0800475c   0x00000046   Code   RO           67    .text.MX_SPI2_Init  spi.o
    0x080047a2   0x080047a2   0x00000002   PAD
    0x080047a4   0x080047a4   0x00000046   Code   RO           69    .text.MX_SPI3_Init  spi.o
    0x080047ea   0x080047ea   0x00000002   PAD
    0x080047ec   0x080047ec   0x00000038   Code   RO           89    .text.MX_TIM11_Init  tim.o
    0x08004824   0x08004824   0x0000003c   Code   RO          104    .text.MX_USART1_UART_Init  usart.o
    0x08004860   0x08004860   0x0000003c   Code   RO          106    .text.MX_USART2_UART_Init  usart.o
    0x0800489c   0x0800489c   0x00000002   Code   RO          135    .text.MemManage_Handler  stm32f4xx_it.o
    0x0800489e   0x0800489e   0x00000002   PAD
    0x080048a0   0x080048a0   0x00000002   Code   RO          131    .text.NMI_Handler   stm32f4xx_it.o
    0x080048a2   0x080048a2   0x00000002   PAD
    0x080048a4   0x080048a4   0x00000002   Code   RO          145    .text.PendSV_Handler  stm32f4xx_it.o
    0x080048a6   0x080048a6   0x00000002   PAD
    0x080048a8   0x080048a8   0x0000000c   Code   RO          159    .text.SPI1_IRQHandler  stm32f4xx_it.o
    0x080048b4   0x080048b4   0x0000000c   Code   RO          167    .text.SPI3_IRQHandler  stm32f4xx_it.o
    0x080048c0   0x080048c0   0x0000000c   Code   RO          816    .text.SPI_DMAAbortOnError  stm32f4xx_hal_spi.o
    0x080048cc   0x080048cc   0x0000001e   Code   RO          780    .text.SPI_DMAError  stm32f4xx_hal_spi.o
    0x080048ea   0x080048ea   0x00000002   PAD
    0x080048ec   0x080048ec   0x00000006   Code   RO          786    .text.SPI_DMAHalfReceiveCplt  stm32f4xx_hal_spi.o
    0x080048f2   0x080048f2   0x00000002   PAD
    0x080048f4   0x080048f4   0x00000006   Code   RO          776    .text.SPI_DMAHalfTransmitCplt  stm32f4xx_hal_spi.o
    0x080048fa   0x080048fa   0x00000002   PAD
    0x080048fc   0x080048fc   0x00000006   Code   RO          790    .text.SPI_DMAHalfTransmitReceiveCplt  stm32f4xx_hal_spi.o
    0x08004902   0x08004902   0x00000002   PAD
    0x08004904   0x08004904   0x0000006c   Code   RO          788    .text.SPI_DMAReceiveCplt  stm32f4xx_hal_spi.o
    0x08004970   0x08004970   0x000000d6   Code   RO          778    .text.SPI_DMATransmitCplt  stm32f4xx_hal_spi.o
    0x08004a46   0x08004a46   0x00000002   PAD
    0x08004a48   0x08004a48   0x000000c6   Code   RO          792    .text.SPI_DMATransmitReceiveCplt  stm32f4xx_hal_spi.o
    0x08004b0e   0x08004b0e   0x00000002   PAD
    0x08004b10   0x08004b10   0x0000005e   Code   RO          750    .text.SPI_EndRxTransaction  stm32f4xx_hal_spi.o
    0x08004b6e   0x08004b6e   0x00000002   PAD
    0x08004b70   0x08004b70   0x000000e0   Code   RO          842    .text.SPI_WaitFlagStateUntilTimeout  stm32f4xx_hal_spi.o
    0x08004c50   0x08004c50   0x000000a0   Code   RO         1381    .text.ST7789_Clear  st7789.o
    0x08004cf0   0x08004cf0   0x00000864   Code   RO         1379    .text.ST7789_Init   st7789.o
    0x08005554   0x08005554   0x00000180   Code   RO         1385    .text.ST7789_SetAddressWindow  st7789.o
    0x080056d4   0x080056d4   0x00000074   Code   RO         1373    .text.ST7789_Write_Datas  st7789.o
    0x08005748   0x08005748   0x00000002   Code   RO          141    .text.SVC_Handler   stm32f4xx_it.o
    0x0800574a   0x0800574a   0x00000002   PAD
    0x0800574c   0x0800574c   0x00000004   Code   RO          147    .text.SysTick_Handler  stm32f4xx_it.o
    0x08005750   0x08005750   0x000000a2   Code   RO           17    .text.SystemClock_Config  main.o
    0x080057f2   0x080057f2   0x00000002   PAD
    0x080057f4   0x080057f4   0x00000012   Code   RO         1293    .text.SystemInit    system_stm32f4xx.o
    0x08005806   0x08005806   0x00000002   PAD
    0x08005808   0x08005808   0x0000000c   Code   RO          155    .text.TIM1_TRG_COM_TIM11_IRQHandler  stm32f4xx_it.o
    0x08005814   0x08005814   0x000000e2   Code   RO          856    .text.TIM_Base_SetConfig  stm32f4xx_hal_tim.o
    0x080058f6   0x080058f6   0x00000002   PAD
    0x080058f8   0x080058f8   0x0000000a   Code   RO         1253    .text.UART_DMAAbortOnError  stm32f4xx_hal_uart.o
    0x08005902   0x08005902   0x00000002   PAD
    0x08005904   0x08005904   0x000000a2   Code   RO         1203    .text.UART_DMAError  stm32f4xx_hal_uart.o
    0x080059a6   0x080059a6   0x00000002   PAD
    0x080059a8   0x080059a8   0x00000080   Code   RO         1281    .text.UART_DMAReceiveCplt  stm32f4xx_hal_uart.o
    0x08005a28   0x08005a28   0x00000018   Code   RO         1283    .text.UART_DMARxHalfCplt  stm32f4xx_hal_uart.o
    0x08005a40   0x08005a40   0x0000003e   Code   RO         1199    .text.UART_DMATransmitCplt  stm32f4xx_hal_uart.o
    0x08005a7e   0x08005a7e   0x00000002   PAD
    0x08005a80   0x08005a80   0x00000006   Code   RO         1201    .text.UART_DMATxHalfCplt  stm32f4xx_hal_uart.o
    0x08005a86   0x08005a86   0x00000002   PAD
    0x08005a88   0x08005a88   0x000000be   Code   RO         1251    .text.UART_Receive_IT  stm32f4xx_hal_uart.o
    0x08005b46   0x08005b46   0x00000002   PAD
    0x08005b48   0x08005b48   0x000000e8   Code   RO         1175    .text.UART_SetConfig  stm32f4xx_hal_uart.o
    0x08005c30   0x08005c30   0x000000aa   Code   RO         1207    .text.UART_Start_Receive_DMA  stm32f4xx_hal_uart.o
    0x08005cda   0x08005cda   0x00000002   PAD
    0x08005cdc   0x08005cdc   0x0000000c   Code   RO          161    .text.USART1_IRQHandler  stm32f4xx_it.o
    0x08005ce8   0x08005ce8   0x0000000c   Code   RO          163    .text.USART2_IRQHandler  stm32f4xx_it.o
    0x08005cf4   0x08005cf4   0x00000002   Code   RO          139    .text.UsageFault_Handler  stm32f4xx_it.o
    0x08005cf6   0x08005cf6   0x00000002   PAD
    0x08005cf8   0x08005cf8   0x0000002e   Code   RO         1308    .text.Usart2_Idel_Config  usart_idel_config.o
    0x08005d26   0x08005d26   0x00000002   PAD
    0x08005d28   0x08005d28   0x000000ba   Code   RO           11    .text.W25Q32_Show_On_LCD_DMA  main.o
    0x08005de2   0x08005de2   0x00000002   PAD
    0x08005de4   0x08005de4   0x00000012   Code   RO         1333    .text.W25Qxx_CS_Hight  w25qxx.o
    0x08005df6   0x08005df6   0x00000002   PAD
    0x08005df8   0x08005df8   0x00000012   Code   RO         1331    .text.W25Qxx_CS_Low  w25qxx.o
    0x08005e0a   0x08005e0a   0x00000002   PAD
    0x08005e0c   0x08005e0c   0x0000002e   Code   RO         1335    .text.W25Qxx_SPI_RW_Byte  w25qxx.o
    0x08005e3a   0x08005e3a   0x00000002   PAD
    0x08005e3c   0x08005e3c   0x000000d4   Code   RO           15    .text.main          main.o
    0x08005f10   0x08005f10   0x00000048   Code   RO          116    .text.printf_DMA    usart.o
    0x08005f58   0x08005f58   0x0000003e   Code   RO         1700    CL$$btod_d2e        c_w.l(btod.o)
    0x08005f96   0x08005f96   0x00000046   Code   RO         1702    CL$$btod_d2e_denorm_low  c_w.l(btod.o)
    0x08005fdc   0x08005fdc   0x00000060   Code   RO         1701    CL$$btod_d2e_norm_op1  c_w.l(btod.o)
    0x0800603c   0x0800603c   0x00000338   Code   RO         1710    CL$$btod_div_common  c_w.l(btod.o)
    0x08006374   0x08006374   0x000000dc   Code   RO         1707    CL$$btod_e2e        c_w.l(btod.o)
    0x08006450   0x08006450   0x0000002a   Code   RO         1704    CL$$btod_ediv       c_w.l(btod.o)
    0x0800647a   0x0800647a   0x0000002a   Code   RO         1703    CL$$btod_emul       c_w.l(btod.o)
    0x080064a4   0x080064a4   0x00000244   Code   RO         1709    CL$$btod_mult_common  c_w.l(btod.o)
    0x080066e8   0x080066e8   0x00000030   Code   RO         1820    i.__ARM_fpclassify  m_wm.l(fpclassify.o)
    0x08006718   0x08006718   0x0000000e   Code   RO         1475    i._is_digit         c_w.l(__printf_wp.o)
    0x08006726   0x08006726   0x00000002   PAD
    0x08006728   0x08006728   0x0000002c   Code   RO         1736    locale$$code        c_w.l(lc_numeric_c.o)
    0x08006754   0x08006754   0x0000002c   Code   RO         1865    locale$$code        c_w.l(lc_ctype_c.o)
    0x08006780   0x08006780   0x0000001a   Code   RO         1879    x$fpl$fpinit        fz_wm.l(fpinit.o)
    0x0800679a   0x0800679a   0x00000004   Code   RO         1571    x$fpl$printf1       fz_wm.l(printf1.o)
    0x0800679e   0x0800679e   0x00000004   Code   RO         1573    x$fpl$printf2       fz_wm.l(printf2.o)
    0x080067a2   0x080067a2   0x00000000   Code   RO         1819    x$fpl$usenofp       fz_wm.l(usenofp.o)
    0x080067a2   0x080067a2   0x00000028   Data   RO         1463    .constdata          c_w.l(_printf_hex_int_ll_ptr.o)
    0x080067ca   0x080067ca   0x00000011   Data   RO         1483    .constdata          c_w.l(__printf_flags_ss_wp.o)
    0x080067db   0x080067db   0x00000001   PAD
    0x080067dc   0x080067dc   0x00000008   Data   RO         1527    .constdata          c_w.l(_printf_wctomb.o)
    0x080067e4   0x080067e4   0x00000026   Data   RO         1605    .constdata          c_w.l(_printf_fp_hex.o)
    0x0800680a   0x0800680a   0x00000002   PAD
    0x0800680c   0x0800680c   0x00000094   Data   RO         1698    .constdata          c_w.l(bigflt0.o)
    0x080068a0   0x080068a0   0x00000010   Data   RO         1298    .rodata.AHBPrescTable  system_stm32f4xx.o
    0x080068b0   0x080068b0   0x00000008   Data   RO         1299    .rodata.APBPrescTable  system_stm32f4xx.o
    0x080068b8   0x080068b8   0x00000008   Data   RO          514    .rodata.cst8        stm32f4xx_hal_dma.o
    0x080068c0   0x080068c0   0x00000020   Data   RO         1969    Region$$Table       anon$$obj.o
    0x080068e0   0x080068e0   0x0000001c   Data   RO         1735    locale$$data        c_w.l(lc_numeric_c.o)
    0x080068fc   0x080068fc   0x00000110   Data   RO         1864    locale$$data        c_w.l(lc_ctype_c.o)


    Execution Region RW_IRAM1 (Exec base: 0x20000000, Load base: 0x08006a10, Size: 0x00001288, Max: 0x00010000, ABSOLUTE)

    Exec Addr    Load Addr    Size         Type   Attr      Idx    E Section Name        Object

    0x20000000   0x08006a10   0x00000004   Data   RW         1297    .data.SystemCoreClock  system_stm32f4xx.o
    0x20000004   0x08006a14   0x00000001   Data   RW         1360    .data.W25Qxx_Address_Len  w25qxx.o
    0x20000005   0x08006a15   0x00000001   Data   RW          700    .data.uwTickFreq    stm32f4xx_hal.o
    0x20000006   0x08006a16   0x00000002   PAD
    0x20000008   0x08006a18   0x00000004   Data   RW          699    .data.uwTickPrio    stm32f4xx_hal.o
    0x2000000c   0x08006a1c   0x00000004   PAD
    0x20000010        -       0x00000060   Zero   RW         1827    .bss                c_w.l(libspace.o)
    0x20000070        -       0x00000001   Zero   RW         1316    .bss.Recv_OK        usart_idel_config.o
    0x20000071        -       0x00000096   Zero   RW          122    .bss._dbg_Buff      usart.o
    0x20000107        -       0x00000001   Zero   RW         1410    .bss.dma_recv_complete  st7789.o
    0x20000108        -       0x00000001   Zero   RW         1409    .bss.dma_transfer_complete  st7789.o
    0x20000109        -       0x00000100   Zero   RW         1413    .bss.frame_buffer   st7789.o
    0x20000209   0x08006a1c   0x00000003   PAD
    0x2000020c        -       0x00000060   Zero   RW           56    .bss.hdma_i2c1_tx   i2c.o
    0x2000026c        -       0x00000060   Zero   RW           78    .bss.hdma_spi1_tx   spi.o
    0x200002cc        -       0x00000060   Zero   RW           79    .bss.hdma_spi3_rx   spi.o
    0x2000032c        -       0x00000060   Zero   RW           80    .bss.hdma_spi3_tx   spi.o
    0x2000038c        -       0x00000060   Zero   RW          120    .bss.hdma_usart1_tx  usart.o
    0x200003ec        -       0x00000060   Zero   RW          121    .bss.hdma_usart2_rx  usart.o
    0x2000044c        -       0x00000054   Zero   RW           55    .bss.hi2c1          i2c.o
    0x200004a0        -       0x00000058   Zero   RW           75    .bss.hspi1          spi.o
    0x200004f8        -       0x00000058   Zero   RW           76    .bss.hspi2          spi.o
    0x20000550        -       0x00000058   Zero   RW           77    .bss.hspi3          spi.o
    0x200005a8        -       0x00000048   Zero   RW           95    .bss.htim11         tim.o
    0x200005f0        -       0x00000048   Zero   RW          118    .bss.huart1         usart.o
    0x20000638        -       0x00000048   Zero   RW          119    .bss.huart2         usart.o
    0x20000680        -       0x00000400   Zero   RW         1317    .bss.rx_buffer      usart_idel_config.o
    0x20000a80        -       0x00000200   Zero   RW           21    .bss.temp           main.o
    0x20000c80        -       0x00000004   Zero   RW          701    .bss.uwTick         stm32f4xx_hal.o
    0x20000c84   0x08006a1c   0x00000004   PAD
    0x20000c88        -       0x00000200   Zero   RW            2    HEAP                startup_stm32f401xc.o
    0x20000e88        -       0x00000400   Zero   RW            1    STACK               startup_stm32f401xc.o


==============================================================================

Image component sizes


      Code (inc. data)   RO Data    RW Data    ZI Data      Debug   Object Name

       156          0          0          0          0       3030   dma.o
       262          0          0          0          0       2245   gpio.o
       258          0          0          0        180       6777   i2c.o
       566          8          0          0        512       6007   main.o
       788          0          0          0        552       7417   spi.o
      2864          0          0          0        258      20254   st7789.o
        64         26        404          0       1536        820   startup_stm32f401xc.o
       212          0          0          5          4       6828   stm32f4xx_hal.o
       194          0          0          0          0      10216   stm32f4xx_hal_cortex.o
      1042          4          8          0          0       9725   stm32f4xx_hal_dma.o
       434          0          0          0          0       5083   stm32f4xx_hal_gpio.o
      3394         16          0          0          0      46633   stm32f4xx_hal_i2c.o
        56          0          0          0          0       1488   stm32f4xx_hal_msp.o
      1384          0          0          0          0       7340   stm32f4xx_hal_rcc.o
      2692          0          0          0          0      23222   stm32f4xx_hal_spi.o
       788          0          0          0          0      55774   stm32f4xx_hal_tim.o
         4          0          0          0          0      21411   stm32f4xx_hal_tim_ex.o
      2118          0          0          0          0      26196   stm32f4xx_hal_uart.o
       164          0          0          0          0       9089   stm32f4xx_it.o
        18          0         24          4          0       2616   system_stm32f4xx.o
       128          0          0          0         72       6452   tim.o
       552          0          0          0        486       8080   usart.o
       198          0          0          0       1025       5321   usart_idel_config.o
        82          0          0          1          0      11010   w25qxx.o

    ----------------------------------------------------------------------
     18580         54        468         12       4636     303034   Object Totals
         0          0         32          0          0          0   (incl. Generated)
       162          0          0          2         11          0   (incl. Padding)

    ----------------------------------------------------------------------

      Code (inc. data)   RO Data    RW Data    ZI Data      Debug   Library Member Name

         8          0          0          0          0         68   __main.o
       392          4         17          0          0         92   __printf_flags_ss_wp.o
        14          0          0          0          0         68   __printf_wp.o
         0          0          0          0          0          0   __rtentry.o
        12          0          0          0          0          0   __rtentry2.o
         6          0          0          0          0          0   __rtentry4.o
        94          8          0          0          0          0   __scatter.o
        26          0          0          0          0          0   __scatter_copy.o
        28          0          0          0          0          0   __scatter_zi.o
        72          0          0          0          0         96   _c16rtomb.o
        28          0          0          0          0         68   _chval.o
         6          0          0          0          0          0   _printf_a.o
         6          0          0          0          0          0   _printf_c.o
        44          0          0          0          0        108   _printf_char.o
        48          6          0          0          0         96   _printf_char_common.o
        40          0          0          0          0         68   _printf_charcount.o
         6          0          0          0          0          0   _printf_d.o
       120         16          0          0          0         92   _printf_dec.o
         6          0          0          0          0          0   _printf_e.o
         6          0          0          0          0          0   _printf_f.o
      1052          0          0          0          0        148   _printf_fp_dec.o
       764          8         38          0          0        100   _printf_fp_hex.o
       128         16          0          0          0         84   _printf_fp_infnan.o
         6          0          0          0          0          0   _printf_g.o
       148          4         40          0          0        160   _printf_hex_int_ll_ptr.o
         6          0          0          0          0          0   _printf_i.o
       178          0          0          0          0         88   _printf_intcommon.o
        10          0          0          0          0          0   _printf_l.o
         6          0          0          0          0          0   _printf_lc.o
        10          0          0          0          0          0   _printf_ll.o
         6          0          0          0          0          0   _printf_lld.o
         6          0          0          0          0          0   _printf_lli.o
         6          0          0          0          0          0   _printf_llo.o
         6          0          0          0          0          0   _printf_llu.o
         6          0          0          0          0          0   _printf_llx.o
       124         16          0          0          0         92   _printf_longlong_dec.o
         6          0          0          0          0          0   _printf_ls.o
         6          0          0          0          0          0   _printf_n.o
         6          0          0          0          0          0   _printf_o.o
       112          8          0          0          0        124   _printf_oct_int_ll.o
         6          0          0          0          0          0   _printf_p.o
        78          0          0          0          0        108   _printf_pad.o
         0          0          0          0          0          0   _printf_percent.o
         4          0          0          0          0          0   _printf_percent_end.o
         6          0          0          0          0          0   _printf_s.o
        82          0          0          0          0         80   _printf_str.o
        36          0          0          0          0         84   _printf_truncate.o
         6          0          0          0          0          0   _printf_u.o
        44          0          0          0          0        108   _printf_wchar.o
       188          6          8          0          0         92   _printf_wctomb.o
         6          0          0          0          0          0   _printf_x.o
       332          0          0          0          0         96   _scanf_int.o
        16          0          0          0          0         68   _snputc.o
       228          4        148          0          0         96   bigflt0.o
      1936        128          0          0          0        668   btod.o
        18          0          0          0          0         80   exit.o
         6          0          0          0          0        152   heapauxi.o
         0          0          0          0          0          0   indicate_semi.o
        44         10        272          0          0         76   lc_ctype_c.o
        44         10         28          0          0         76   lc_numeric_c.o
         2          0          0          0          0          0   libinit.o
        34          0          0          0          0          0   libinit2.o
         2          0          0          0          0          0   libshutdown.o
         2          0          0          0          0          0   libshutdown2.o
         8          4          0          0         96         68   libspace.o
       138          0          0          0          0         80   lludiv10.o
       240          0          0          0          0        100   lludivv7m.o
        16          4          0          0          0         76   rt_ctype_table.o
         8          4          0          0          0         68   rt_locale_intlibspace.o
        78          0          0          0          0         80   rt_memclr_w.o
         2          0          0          0          0          0   rtexit.o
        10          0          0          0          0          0   rtexit2.o
       124          0          0          0          0         88   strcmpv7em.o
        12          4          0          0          0         68   sys_exit.o
        74          0          0          0          0         80   sys_stackheap_outer.o
         2          0          0          0          0         68   use_no_semi.o
        60          4          0          0          0         80   vsnprintf.o
        26          0          0          0          0        116   fpinit.o
         4          0          0          0          0        116   printf1.o
         4          0          0          0          0        116   printf2.o
         0          0          0          0          0          0   usenofp.o
        48          0          0          0          0        124   fpclassify.o

    ----------------------------------------------------------------------
      7546        264        554          0         96       4664   Library Totals
        18          0          3          0          0          0   (incl. Padding)

    ----------------------------------------------------------------------

      Code (inc. data)   RO Data    RW Data    ZI Data      Debug   Library Name

      7446        264        551          0         96       4192   c_w.l
        34          0          0          0          0        348   fz_wm.l
        48          0          0          0          0        124   m_wm.l

    ----------------------------------------------------------------------
      7546        264        554          0         96       4664   Library Totals

    ----------------------------------------------------------------------

==============================================================================


      Code (inc. data)   RO Data    RW Data    ZI Data      Debug   

     26126        318       1022         12       4732     304890   Grand Totals
     26126        318       1022         12       4732     304890   ELF Image Totals
     26126        318       1022         12          0          0   ROM Totals

==============================================================================

    Total RO  Size (Code + RO Data)                27148 (  26.51kB)
    Total RW  Size (RW Data + ZI Data)              4744 (   4.63kB)
    Total ROM Size (Code + RO Data + RW Data)      27160 (  26.52kB)

==============================================================================

