<html>
<body>
<pre>
<h1>µVision Build Log</h1>
<h2>Tool Versions:</h2>
IDE-Version: ¦ÌVision V5.39.0.0
Copyright (C) 2023 ARM Ltd and ARM Germany GmbH. All rights reserved.
License Information: 1 1, 1, LIC=585FJ-UUKU6-NNIAF-6IQ2W-X6RJS-AHQYQ
 
Tool Versions:
Toolchain:       MDK-ARM Plus  Version: 5.39.0.0
Toolchain Path:  C:\Keil_v5\ARM\ARMCLANG\Bin
C Compiler:      ArmClang.exe V6.21
Assembler:       Armasm.exe V6.21
Linker/Locator:  ArmLink.exe V6.21
Library Manager: ArmAr.exe V6.21
Hex Converter:   FromElf.exe V6.21
CPU DLL:         SARMCM3.DLL V5.39.0.0
Dialog DLL:      DCM.DLL V1.17.5.0
Target DLL:      CMSIS_AGDI.dll V1.33.16.0
Dialog DLL:      TCM.DLL V1.56.4.0
 
<h2>Project:</h2>
D:\About_Git\401RCT6\MDK-ARM\F401RC.uvprojx
Project File Date:  10/15/2025

<h2>Output:</h2>
*** Using Compiler 'V6.21', folder: 'C:\Keil_v5\ARM\ARMCLANG\Bin'
Build target 'F401RC'
compiling custom.c...
compiling lv_utils.c...
compiling lv_bidi.c...
compiling lv_txt_ap.c...
compiling main.c...
compiling lv_theme.c...
compiling lv_obj_tree.c...
compiling lv_txt.c...
compiling lv_group.c...
compiling lv_font_loader.c...
compiling lv_refr.c...
linking...
Program Size: Code=155740 RO-data=65612 RW-data=184 ZI-data=44504  
FromELF: creating hex file...
After Build - User command #2: C:\Keil_v5\\keil5_disp_size_bar.exe
ram:
  RW_IRAM1 :0x20000000
   64.00 KB :|¡ö¡ö¡ö¡ö¡ö¡ö¡ö¡ö¡ö¡ö¡ö¡ö¡ö_______|   68.19 % (   43.64 KB /    64.00 KB) [20848 B]
flash:
  ER_IROM1 :0x8000000
  256.00 KB :|¡ö¡ö¡ö¡ö¡ö¡ö¡ö¡ö¡ö¡ö¡ö¡ö¡ö¡ö¡ö¡ö____|   84.44 % (  216.16 KB /   256.00 KB) [40792 B]
"F401RC\F401RC.axf" - 0 Error(s), 0 Warning(s).

<h2>Software Packages used:</h2>

Package Vendor: ARM
                http://www.keil.com/pack/ARM.CMSIS.5.9.0.pack
                ARM::CMSIS@5.9.0
                CMSIS (Common Microcontroller Software Interface Standard)
   * Component: CORE Version: 5.6.0

Package Vendor: Keil
                https://www.keil.com/pack/Keil.STM32F4xx_DFP.3.0.0.pack
                Keil::STM32F4xx_DFP@3.0.0
                STMicroelectronics STM32F4 Series Device Support

<h2>Collection of Component include folders:</h2>
  ./RTE/_F401RC
  C:/Users/QX-003-ZJ/AppData/Local/Arm/Packs/ARM/CMSIS/5.9.0/CMSIS/Core/Include

<h2>Collection of Component Files used:</h2>

   * Component: ARM::CMSIS:CORE@5.6.0
      Include file:  CMSIS/Core/Include/tz_context.h
Build Time Elapsed:  00:00:02
</pre>
</body>
</html>
